C51 COMPILER V9.54   E2PROM                                                                11/20/2023 16:54:48 PAGE 1   


C51 COMPILER V9.54, COMPILATION OF MODULE E2PROM
OBJECT MODULE PLACED IN .\Objects\E2PROM.obj
COMPILER INVOKED BY: D:\KEIL5\keil5.1\C51\BIN\C51.EXE E2PROM.c OPTIMIZE(8,SPEED) BROWSE INCDIR(..\À¶ÇÅ±­Ä£Äâ²âÊÔ¢ò) DEBU
                    -G OBJECTEXTEND PRINT(.\Listings\E2PROM.lst) OBJECT(.\Objects\E2PROM.obj)

line level    source

   1          #include "E2PROM.h"
*** WARNING C318 IN LINE 18 OF sys.h: can't open file 'adc.h'
   2          
   3          void E2PROM_Write(unsigned char Word_Address,unsigned char date)
   4          {
   5   1              I2CStart();
   6   1              I2CSendByte(Device_W_Address);
   7   1              I2CWaitAck();
   8   1              I2CSendByte(Word_Address);
   9   1              I2CWaitAck();
  10   1              I2CSendByte(date);
  11   1              I2CWaitAck();   
  12   1              I2CStop();
  13   1      }
  14          unsigned char E2PROM_Read(unsigned char Word_Address)
  15          {
  16   1              unsigned char temp;
  17   1              I2CStart();
  18   1              I2CSendByte(Device_W_Address);
  19   1              I2CWaitAck();
  20   1              I2CSendByte(Word_Address);
  21   1              I2CWaitAck();
  22   1              I2CStart();
  23   1              I2CSendByte(Device_R_Address);//¶ÁµØÖ·
  24   1              I2CWaitAck();
  25   1              temp = I2CReceiveByte();
  26   1              I2CSendAck(1);
  27   1              I2CStop();
  28   1              return temp;
  29   1      }


MODULE INFORMATION:   STATIC OVERLAYABLE
   CODE SIZE        =     82    ----
   CONSTANT SIZE    =   ----    ----
   XDATA SIZE       =   ----    ----
   PDATA SIZE       =   ----    ----
   DATA SIZE        =   ----       4
   IDATA SIZE       =   ----    ----
   BIT SIZE         =   ----    ----
END OF MODULE INFORMATION.


C51 COMPILATION COMPLETE.  1 WARNING(S),  0 ERROR(S)
