BL51 BANKED LINKER/LOCATER V6.22                                                        11/12/2023  09:44:24  PAGE 1


BL51 BANKED LINKER/LOCATER V6.22, INVOKED BY:
D:\KEIL5\KEIL5.1\C51\BIN\BL51.EXE .\Objects\main.obj, .\Objects\LED.obj, .\Objects\buzz.obj, .\Objects\sys.obj, .\Object
>> s\relay.obj, .\Objects\SMG.obj, .\Objects\key.obj TO .\Objects\test PRINT (.\Listings\test.m51) RAMSIZE (256)


MEMORY MODEL: SMALL


INPUT MODULES INCLUDED:
  .\Objects\main.obj (MAIN)
  .\Objects\LED.obj (LED)
  .\Objects\buzz.obj (BUZZ)
  .\Objects\sys.obj (SYS)
  .\Objects\relay.obj (RELAY)
  .\Objects\SMG.obj (SMG)
  .\Objects\key.obj (KEY)
  D:\KEIL5\KEIL5.1\C51\LIB\C51S.LIB (?C_STARTUP)


LINK MAP OF MODULE:  .\Objects\test (MAIN)


            TYPE    BASE      LENGTH    RELOCATION   SEGMENT NAME
            -----------------------------------------------------

            * * * * * * *   D A T A   M E M O R Y   * * * * * * *
            REG     0000H     0008H     ABSOLUTE     "REG BANK 0"
            DATA    0008H     0002H     UNIT         ?DT?_SMG_SHOW?SMG
            DATA    000AH     0002H     UNIT         ?DT?SHOW1?SMG
            DATA    000CH     0001H     UNIT         ?DT?_LED_SHOW?LED
            DATA    000DH     0001H     UNIT         ?DT?SHOW2?SMG
            DATA    000EH     0001H     UNIT         ?DT?SMG
            DATA    000FH     0001H     UNIT         ?DT?KEY
            IDATA   0010H     0001H     UNIT         ?STACK

            * * * * * * *   C O D E   M E M O R Y   * * * * * * *
            CODE    0000H     0003H     ABSOLUTE     
                    0003H     07FDH                  *** GAP ***
            CODE    0800H     0087H     UNIT         ?PR?DISPLAY_SHOW?SMG
            CODE    0887H     006DH     UNIT         ?PR?_INIT_HC138?SYS
            CODE    08F4H     0054H     UNIT         ?PR?KEY_READ?KEY
            CODE    0948H     0051H     UNIT         ?PR?SCANKEY_ALONE?KEY
            CODE    0999H     002EH     UNIT         ?PR?_LED_SHOW?LED
            CODE    09C7H     002CH     UNIT         ?PR?SHOW1?SMG
            CODE    09F3H     0027H     UNIT         ?PR?_SMG_SHOW?SMG
            CODE    0A1AH     0026H     UNIT         ?PR?SHOW2?SMG
            CODE    0A40H     0014H     UNIT         ?PR?_DELAY?SYS
            CODE    0A54H     0013H     UNIT         ?PR?YUEADD?SMG
            CODE    0A67H     0012H     UNIT         ?CO?SMG
            CODE    0A79H     0011H     UNIT         ?PR?MAIN?MAIN
            CODE    0A8AH     000CH     UNIT         ?C_C51STARTUP
            CODE    0A96H     000AH     UNIT         ?PR?SMG_INIT?SMG
            CODE    0AA0H     0009H     UNIT         ?PR?LED_ALL_ON?LED
            CODE    0AA9H     0009H     UNIT         ?PR?LED_ALL_OFF?LED
            CODE    0AB2H     0008H     UNIT         ?PR?LED_INIT?LED
            CODE    0ABAH     0008H     UNIT         ?PR?BUZZ_INIT?BUZZ
            CODE    0AC2H     0008H     UNIT         ?PR?BUZZ_ON?BUZZ
            CODE    0ACAH     0008H     UNIT         ?PR?BUZZ_OFF?BUZZ
BL51 BANKED LINKER/LOCATER V6.22                                                      11/12/2023  09:44:24  PAGE 2


            CODE    0AD2H     0008H     UNIT         ?PR?REALY_INIT?RELAY
            CODE    0ADAH     0008H     UNIT         ?PR?REALY_ON?RELAY
            CODE    0AE2H     0008H     UNIT         ?PR?REALY_OFF?RELAY



OVERLAY MAP OF MODULE:   .\Objects\test (MAIN)


SEGMENT
  +--> CALLED SEGMENT
---------------------
?C_C51STARTUP
  +--> ?PR?MAIN?MAIN

?PR?MAIN?MAIN
  +--> ?PR?LED_INIT?LED
  +--> ?PR?BUZZ_INIT?BUZZ
  +--> ?PR?REALY_INIT?RELAY
  +--> ?PR?SMG_INIT?SMG
  +--> ?PR?SCANKEY_ALONE?KEY

?PR?LED_INIT?LED
  +--> ?PR?_INIT_HC138?SYS
  +--> ?PR?LED_ALL_OFF?LED

?PR?LED_ALL_OFF?LED
  +--> ?PR?_INIT_HC138?SYS

?PR?BUZZ_INIT?BUZZ
  +--> ?PR?_INIT_HC138?SYS

?PR?REALY_INIT?RELAY
  +--> ?PR?_INIT_HC138?SYS

?PR?SMG_INIT?SMG
  +--> ?PR?_INIT_HC138?SYS

?PR?SCANKEY_ALONE?KEY
  +--> ?PR?_DELAY?SYS



SYMBOL TABLE OF MODULE:  .\Objects\test (MAIN)

  VALUE           TYPE          NAME
  ----------------------------------

  -------         MODULE        MAIN
  C:0000H         SYMBOL        _ICE_DUMMY_
  D:0080H         PUBLIC        P0
  D:0090H         PUBLIC        P1
  D:00A0H         PUBLIC        P2
  D:00B0H         PUBLIC        P3
  D:00C0H         PUBLIC        P4
  D:00C8H         PUBLIC        P5
  D:00E8H         PUBLIC        P6
BL51 BANKED LINKER/LOCATER V6.22                                                      11/12/2023  09:44:24  PAGE 3


  D:00F8H         PUBLIC        P7
  D:00A8H         PUBLIC        IE
  D:00B8H         PUBLIC        IP
  D:00D8H         PUBLIC        CCON
  C:0A79H         PUBLIC        main
  D:0098H         PUBLIC        SCON
  D:0088H         PUBLIC        TCON
  D:00D0H         PUBLIC        PSW
  -------         PROC          MAIN
  C:0A79H         LINE#         3
  C:0A79H         LINE#         4
  C:0A79H         LINE#         5
  C:0A7CH         LINE#         6
  C:0A7FH         LINE#         7
  C:0A82H         LINE#         8
  C:0A85H         LINE#         9
  C:0A85H         LINE#         10
  C:0A85H         LINE#         11
  C:0A88H         LINE#         12
  -------         ENDPROC       MAIN
  -------         ENDMOD        MAIN

  -------         MODULE        LED
  C:0000H         SYMBOL        _ICE_DUMMY_
  D:0080H         PUBLIC        P0
  D:0090H         PUBLIC        P1
  D:00A0H         PUBLIC        P2
  D:00B0H         PUBLIC        P3
  D:00C0H         PUBLIC        P4
  D:00C8H         PUBLIC        P5
  D:00E8H         PUBLIC        P6
  D:00F8H         PUBLIC        P7
  C:0AA0H         PUBLIC        LED_ALL_ON
  D:00A8H         PUBLIC        IE
  D:00B8H         PUBLIC        IP
  D:00D8H         PUBLIC        CCON
  D:0098H         PUBLIC        SCON
  D:0088H         PUBLIC        TCON
  C:0AA9H         PUBLIC        LED_ALL_OFF
  C:0AB2H         PUBLIC        LED_Init
  C:0999H         PUBLIC        _LED_SHOW
  D:00D0H         PUBLIC        PSW
  -------         PROC          _LED_SHOW
  D:000CH         SYMBOL        num
  C:0999H         LINE#         17
  C:099BH         LINE#         18
  C:099BH         LINE#         19
  C:09A8H         LINE#         20
  C:09A8H         LINE#         21
  C:09ADH         LINE#         22
  C:09BDH         LINE#         23
  C:09BEH         LINE#         25
  C:09BEH         LINE#         26
  C:09C3H         LINE#         27
  C:09C6H         LINE#         28
  C:09C6H         LINE#         29
  -------         ENDPROC       _LED_SHOW
BL51 BANKED LINKER/LOCATER V6.22                                                      11/12/2023  09:44:24  PAGE 4


  -------         PROC          LED_INIT
  C:0AB2H         LINE#         31
  C:0AB2H         LINE#         32
  C:0AB2H         LINE#         33
  C:0AB7H         LINE#         34
  -------         ENDPROC       LED_INIT
  -------         PROC          LED_ALL_ON
  C:0AA0H         LINE#         37
  C:0AA0H         LINE#         38
  C:0AA0H         LINE#         39
  C:0AA5H         LINE#         40
  C:0AA8H         LINE#         41
  -------         ENDPROC       LED_ALL_ON
  -------         PROC          LED_ALL_OFF
  C:0AA9H         LINE#         43
  C:0AA9H         LINE#         44
  C:0AA9H         LINE#         45
  C:0AAEH         LINE#         46
  C:0AB1H         LINE#         47
  -------         ENDPROC       LED_ALL_OFF
  -------         ENDMOD        LED

  -------         MODULE        BUZZ
  C:0000H         SYMBOL        _ICE_DUMMY_
  D:0080H         PUBLIC        P0
  D:0090H         PUBLIC        P1
  D:00A0H         PUBLIC        P2
  D:00B0H         PUBLIC        P3
  D:00C0H         PUBLIC        P4
  D:00C8H         PUBLIC        P5
  D:00E8H         PUBLIC        P6
  D:00F8H         PUBLIC        P7
  C:0ACAH         PUBLIC        BUZZ_OFF
  D:00A8H         PUBLIC        IE
  D:00B8H         PUBLIC        IP
  D:00D8H         PUBLIC        CCON
  D:0098H         PUBLIC        SCON
  D:0088H         PUBLIC        TCON
  C:0ABAH         PUBLIC        BUZZ_Init
  C:0AC2H         PUBLIC        BUZZ_ON
  B:0080H.7       PUBLIC        buzz
  D:00D0H         PUBLIC        PSW
  -------         PROC          BUZZ_INIT
  C:0ABAH         LINE#         4
  C:0ABAH         LINE#         5
  C:0ABAH         LINE#         6
  C:0ABFH         LINE#         7
  C:0AC1H         LINE#         8
  -------         ENDPROC       BUZZ_INIT
  -------         PROC          BUZZ_ON
  C:0AC2H         LINE#         9
  C:0AC2H         LINE#         10
  C:0AC2H         LINE#         11
  C:0AC7H         LINE#         12
  C:0AC9H         LINE#         13
  -------         ENDPROC       BUZZ_ON
  -------         PROC          BUZZ_OFF
BL51 BANKED LINKER/LOCATER V6.22                                                      11/12/2023  09:44:24  PAGE 5


  C:0ACAH         LINE#         14
  C:0ACAH         LINE#         15
  C:0ACAH         LINE#         16
  C:0ACFH         LINE#         17
  C:0AD1H         LINE#         18
  -------         ENDPROC       BUZZ_OFF
  -------         ENDMOD        BUZZ

  -------         MODULE        SYS
  C:0000H         SYMBOL        _ICE_DUMMY_
  D:0080H         PUBLIC        P0
  D:0090H         PUBLIC        P1
  D:00A0H         PUBLIC        P2
  D:00B0H         PUBLIC        P3
  D:00C0H         PUBLIC        P4
  D:00C8H         PUBLIC        P5
  D:00E8H         PUBLIC        P6
  D:00F8H         PUBLIC        P7
  D:00A8H         PUBLIC        IE
  D:00B8H         PUBLIC        IP
  C:0887H         PUBLIC        _Init_HC138
  D:00D8H         PUBLIC        CCON
  D:0098H         PUBLIC        SCON
  D:0088H         PUBLIC        TCON
  C:0A40H         PUBLIC        _Delay
  D:00D0H         PUBLIC        PSW
  -------         PROC          _DELAY
  D:0006H         SYMBOL        ms
  -------         DO            
  D:0005H         SYMBOL        i
  D:0004H         SYMBOL        j
  -------         ENDDO         
  C:0A40H         LINE#         15
  C:0A40H         LINE#         16
  C:0A40H         LINE#         18
  C:0A44H         LINE#         19
  C:0A44H         LINE#         20
  C:0A46H         LINE#         21
  C:0A48H         LINE#         23
  C:0A48H         LINE#         24
  C:0A4AH         LINE#         25
  C:0A4CH         LINE#         26
  C:0A51H         LINE#         27
  C:0A53H         LINE#         28
  -------         ENDPROC       _DELAY
  -------         PROC          _INIT_HC138
  D:0007H         SYMBOL        n
  C:0887H         LINE#         43
  C:0887H         LINE#         44
  C:0887H         LINE#         45
  C:08ACH         LINE#         46
  C:08ACH         LINE#         47
  C:08ACH         LINE#         48
  C:08B4H         LINE#         49
  C:08B5H         LINE#         50
  C:08B5H         LINE#         51
  C:08BDH         LINE#         52
BL51 BANKED LINKER/LOCATER V6.22                                                      11/12/2023  09:44:24  PAGE 6


  C:08BEH         LINE#         53
  C:08BEH         LINE#         54
  C:08C6H         LINE#         55
  C:08C7H         LINE#         56
  C:08C7H         LINE#         57
  C:08CFH         LINE#         58
  C:08D0H         LINE#         59
  C:08D0H         LINE#         60
  C:08D8H         LINE#         61
  C:08D9H         LINE#         62
  C:08D9H         LINE#         63
  C:08E1H         LINE#         64
  C:08E2H         LINE#         65
  C:08E2H         LINE#         66
  C:08EAH         LINE#         67
  C:08EBH         LINE#         68
  C:08EBH         LINE#         69
  C:08F3H         LINE#         70
  C:08F3H         LINE#         71
  C:08F3H         LINE#         72
  -------         ENDPROC       _INIT_HC138
  -------         ENDMOD        SYS

  -------         MODULE        RELAY
  C:0000H         SYMBOL        _ICE_DUMMY_
  D:0080H         PUBLIC        P0
  D:0090H         PUBLIC        P1
  D:00A0H         PUBLIC        P2
  D:00B0H         PUBLIC        P3
  D:00C0H         PUBLIC        P4
  D:00C8H         PUBLIC        P5
  D:00E8H         PUBLIC        P6
  D:00F8H         PUBLIC        P7
  D:00A8H         PUBLIC        IE
  D:00B8H         PUBLIC        IP
  B:0080H.5       PUBLIC        relay
  D:00D8H         PUBLIC        CCON
  D:0098H         PUBLIC        SCON
  D:0088H         PUBLIC        TCON
  C:0AE2H         PUBLIC        Realy_OFF
  C:0AD2H         PUBLIC        Realy_Init
  D:00D0H         PUBLIC        PSW
  C:0ADAH         PUBLIC        Realy_ON
  -------         PROC          REALY_INIT
  C:0AD2H         LINE#         4
  C:0AD2H         LINE#         5
  C:0AD2H         LINE#         6
  C:0AD7H         LINE#         7
  C:0AD9H         LINE#         8
  -------         ENDPROC       REALY_INIT
  -------         PROC          REALY_ON
  C:0ADAH         LINE#         9
  C:0ADAH         LINE#         10
  C:0ADAH         LINE#         11
  C:0ADFH         LINE#         12
  C:0AE1H         LINE#         13
  -------         ENDPROC       REALY_ON
BL51 BANKED LINKER/LOCATER V6.22                                                      11/12/2023  09:44:24  PAGE 7


  -------         PROC          REALY_OFF
  C:0AE2H         LINE#         14
  C:0AE2H         LINE#         15
  C:0AE2H         LINE#         16
  C:0AE7H         LINE#         17
  C:0AE9H         LINE#         18
  -------         ENDPROC       REALY_OFF
  -------         ENDMOD        RELAY

  -------         MODULE        SMG
  C:0000H         SYMBOL        _ICE_DUMMY_
  D:0080H         PUBLIC        P0
  D:0090H         PUBLIC        P1
  D:00A0H         PUBLIC        P2
  D:00B0H         PUBLIC        P3
  D:00C0H         PUBLIC        P4
  D:00C8H         PUBLIC        P5
  D:00E8H         PUBLIC        P6
  D:00F8H         PUBLIC        P7
  D:00A8H         PUBLIC        IE
  D:00B8H         PUBLIC        IP
  C:0800H         PUBLIC        display_show
  D:00D8H         PUBLIC        CCON
  D:0098H         PUBLIC        SCON
  D:0088H         PUBLIC        TCON
  C:0A54H         PUBLIC        YueAdd
  C:0A96H         PUBLIC        SMG_Init
  C:09F9H         PUBLIC        _SMG_Show
  D:000EH         PUBLIC        yu
  C:09C7H         PUBLIC        show1
  C:0A1AH         PUBLIC        show2
  C:0A67H         PUBLIC        daunma
  D:00D0H         PUBLIC        PSW
  -------         PROC          SMG_INIT
  C:0A96H         LINE#         5
  C:0A96H         LINE#         6
  C:0A96H         LINE#         7
  C:0A9BH         LINE#         8
  -------         ENDPROC       SMG_INIT
  -------         PROC          L?0019
  -------         ENDPROC       L?0019
  -------         PROC          _SMG_SHOW
  D:0008H         SYMBOL        pos
  D:0009H         SYMBOL        date
  C:09F9H         LINE#         11
  C:09FDH         LINE#         12
  C:09FDH         LINE#         13
  C:0A02H         LINE#         14
  C:0A11H         LINE#         15
  C:0A16H         LINE#         16
  C:0A19H         LINE#         17
  -------         ENDPROC       _SMG_SHOW
  -------         PROC          SHOW1
  -------         DO            
  D:000AH         SYMBOL        i
  D:000BH         SYMBOL        j
  -------         ENDDO         
BL51 BANKED LINKER/LOCATER V6.22                                                      11/12/2023  09:44:24  PAGE 8


  C:09C7H         LINE#         19
  C:09C7H         LINE#         20
  C:09C7H         LINE#         22
  C:09CAH         LINE#         23
  C:09CAH         LINE#         24
  C:09CDH         LINE#         25
  C:09CDH         LINE#         26
  C:09D9H         LINE#         27
  C:09E0H         LINE#         28
  C:09E9H         LINE#         29
  C:09F2H         LINE#         30
  -------         ENDPROC       SHOW1
  -------         PROC          SHOW2
  -------         DO            
  D:000DH         SYMBOL        j
  -------         ENDDO         
  C:0A1AH         LINE#         32
  C:0A1AH         LINE#         33
  C:0A1AH         LINE#         36
  C:0A1DH         LINE#         37
  C:0A1DH         LINE#         38
  C:0A20H         LINE#         39
  C:0A27H         LINE#         40
  C:0A2FH         LINE#         41
  C:0A36H         LINE#         42
  C:0A3FH         LINE#         44
  -------         ENDPROC       SHOW2
  -------         PROC          DISPLAY_SHOW
  C:0800H         LINE#         48
  C:0800H         LINE#         49
  C:0800H         LINE#         50
  C:080BH         LINE#         51
  C:0812H         LINE#         52
  C:081DH         LINE#         53
  C:0824H         LINE#         54
  C:082FH         LINE#         55
  C:0836H         LINE#         56
  C:0841H         LINE#         57
  C:0848H         LINE#         58
  C:084DH         LINE#         59
  C:0854H         LINE#         60
  C:0859H         LINE#         61
  C:0860H         LINE#         62
  C:086CH         LINE#         63
  C:0873H         LINE#         64
  C:0880H         LINE#         65
  -------         ENDPROC       DISPLAY_SHOW
  -------         PROC          YUEADD
  C:0A54H         LINE#         68
  C:0A54H         LINE#         69
  C:0A54H         LINE#         70
  C:0A56H         LINE#         71
  C:0A5DH         LINE#         72
  C:0A5DH         LINE#         73
  C:0A60H         LINE#         74
  C:0A60H         LINE#         75
  -------         ENDPROC       YUEADD
BL51 BANKED LINKER/LOCATER V6.22                                                      11/12/2023  09:44:24  PAGE 9


  -------         ENDMOD        SMG

  -------         MODULE        KEY
  C:0000H         SYMBOL        _ICE_DUMMY_
  B:0080H.2       PUBLIC        L3
  B:0080H.3       PUBLIC        L4
  D:0080H         PUBLIC        P0
  D:0090H         PUBLIC        P1
  D:00A0H         PUBLIC        P2
  D:00B0H         PUBLIC        P3
  D:00C0H         PUBLIC        P4
  C:0948H         PUBLIC        ScanKey_Alone
  D:00C8H         PUBLIC        P5
  D:00E8H         PUBLIC        P6
  B:00B0H.3       PUBLIC        S4
  D:00F8H         PUBLIC        P7
  B:00B0H.2       PUBLIC        S5
  B:00B0H.1       PUBLIC        S6
  C:08F4H         PUBLIC        Key_Read
  B:00B0H.0       PUBLIC        S7
  D:00A8H         PUBLIC        IE
  D:00B8H         PUBLIC        IP
  D:00D8H         PUBLIC        CCON
  B:00B0H.0       PUBLIC        P30
  D:0098H         PUBLIC        SCON
  B:00B0H.1       PUBLIC        P31
  D:0088H         PUBLIC        TCON
  B:00B0H.2       PUBLIC        P32
  B:00C0H.2       PUBLIC        P42
  B:00B0H.3       PUBLIC        P33
  B:00B0H.4       PUBLIC        P34
  B:00C0H.4       PUBLIC        P44
  B:00B0H.5       PUBLIC        P35
  D:000FH         PUBLIC        Key_Num
  D:00D0H         PUBLIC        PSW
  B:0080H.0       PUBLIC        L1
  B:0080H.1       PUBLIC        L2
  -------         PROC          SCANKEY_ALONE
  C:0948H         LINE#         13
  C:0948H         LINE#         14
  C:0948H         LINE#         15
  C:094BH         LINE#         16
  C:094BH         LINE#         17
  C:0952H         LINE#         18
  C:0955H         LINE#         19
  C:0955H         LINE#         20
  C:0957H         LINE#         21
  C:095AH         LINE#         22
  C:095CH         LINE#         23
  C:095CH         LINE#         24
  C:095CH         LINE#         25
  C:095FH         LINE#         26
  C:095FH         LINE#         27
  C:0966H         LINE#         28
  C:0969H         LINE#         29
  C:0969H         LINE#         30
  C:096BH         LINE#         31
BL51 BANKED LINKER/LOCATER V6.22                                                      11/12/2023  09:44:24  PAGE 10


  C:096EH         LINE#         32
  C:0970H         LINE#         33
  C:0970H         LINE#         34
  C:0970H         LINE#         35
  C:0973H         LINE#         36
  C:0973H         LINE#         37
  C:097AH         LINE#         38
  C:097DH         LINE#         39
  C:097DH         LINE#         40
  C:097FH         LINE#         41
  C:0982H         LINE#         42
  C:0984H         LINE#         43
  C:0984H         LINE#         44
  C:0984H         LINE#         45
  C:0987H         LINE#         46
  C:0987H         LINE#         47
  C:098EH         LINE#         48
  C:0991H         LINE#         49
  C:0991H         LINE#         50
  C:0993H         LINE#         51
  C:0996H         LINE#         52
  C:0998H         LINE#         53
  C:0998H         LINE#         54
  C:0998H         LINE#         55
  -------         ENDPROC       SCANKEY_ALONE
  -------         PROC          KEY_READ
  C:08F4H         LINE#         58
  C:08F4H         LINE#         59
  C:08F4H         LINE#         61
  C:08FCH         LINE#         62
  C:0904H         LINE#         63
  C:0907H         LINE#         64
  C:0907H         LINE#         65
  C:090EH         LINE#         66
  C:0914H         LINE#         67
  C:0915H         LINE#         68
  C:0918H         LINE#         69
  C:0918H         LINE#         70
  C:091FH         LINE#         71
  C:0925H         LINE#         72
  C:0926H         LINE#         73
  C:0929H         LINE#         74
  C:0929H         LINE#         75
  C:0930H         LINE#         76
  C:0936H         LINE#         77
  C:0937H         LINE#         78
  C:093AH         LINE#         79
  C:093AH         LINE#         80
  C:0941H         LINE#         81
  C:0947H         LINE#         82
  C:0947H         LINE#         84
  -------         ENDPROC       KEY_READ
  -------         ENDMOD        KEY

*** WARNING L16: UNCALLED SEGMENT, IGNORED FOR OVERLAY PROCESS
    SEGMENT: ?PR?_LED_SHOW?LED

BL51 BANKED LINKER/LOCATER V6.22                                                      11/12/2023  09:44:24  PAGE 11


*** WARNING L16: UNCALLED SEGMENT, IGNORED FOR OVERLAY PROCESS
    SEGMENT: ?PR?LED_ALL_ON?LED

*** WARNING L16: UNCALLED SEGMENT, IGNORED FOR OVERLAY PROCESS
    SEGMENT: ?PR?BUZZ_ON?BUZZ

*** WARNING L16: UNCALLED SEGMENT, IGNORED FOR OVERLAY PROCESS
    SEGMENT: ?PR?BUZZ_OFF?BUZZ

*** WARNING L16: UNCALLED SEGMENT, IGNORED FOR OVERLAY PROCESS
    SEGMENT: ?PR?REALY_ON?RELAY

*** WARNING L16: UNCALLED SEGMENT, IGNORED FOR OVERLAY PROCESS
    SEGMENT: ?PR?REALY_OFF?RELAY

*** WARNING L16: UNCALLED SEGMENT, IGNORED FOR OVERLAY PROCESS
    SEGMENT: ?PR?SHOW1?SMG

*** WARNING L16: UNCALLED SEGMENT, IGNORED FOR OVERLAY PROCESS
    SEGMENT: ?PR?SHOW2?SMG

*** WARNING L16: UNCALLED SEGMENT, IGNORED FOR OVERLAY PROCESS
    SEGMENT: ?PR?DISPLAY_SHOW?SMG

*** WARNING L16: UNCALLED SEGMENT, IGNORED FOR OVERLAY PROCESS
    SEGMENT: ?PR?YUEADD?SMG

*** WARNING L16: UNCALLED SEGMENT, IGNORED FOR OVERLAY PROCESS
    SEGMENT: ?PR?KEY_READ?KEY

******************************************************************************
* RESTRICTED VERSION WITH 0800H BYTE CODE SIZE LIMIT; USED: 02DEH BYTE (35%) *
******************************************************************************

Program Size: data=17.0 xdata=0 code=749
LINK/LOCATE RUN COMPLETE.  11 WARNING(S),  0 ERROR(S)
