BL51 BANKED LINKER/LOCATER V6.22                                                        11/12/2023  20:27:02  PAGE 1


BL51 BANKED LINKER/LOCATER V6.22, INVOKED BY:
D:\KEIL5\KEIL5.1\C51\BIN\BL51.EXE .\Objects\main.obj, .\Objects\LED.obj, .\Objects\buzz.obj, .\Objects\sys.obj, .\Object
>> s\relay.obj, .\Objects\SMG.obj, .\Objects\key.obj TO .\Objects\test PRINT (.\Listings\test.m51) RAMSIZE (256)


MEMORY MODEL: SMALL


INPUT MODULES INCLUDED:
  .\Objects\main.obj (MAIN)
  .\Objects\LED.obj (LED)
  .\Objects\buzz.obj (BUZZ)
  .\Objects\sys.obj (SYS)
  .\Objects\relay.obj (RELAY)
  .\Objects\SMG.obj (SMG)
  .\Objects\key.obj (KEY)
  D:\KEIL5\KEIL5.1\C51\LIB\C51S.LIB (?C_STARTUP)


LINK MAP OF MODULE:  .\Objects\test (MAIN)


            TYPE    BASE      LENGTH    RELOCATION   SEGMENT NAME
            -----------------------------------------------------

            * * * * * * *   D A T A   M E M O R Y   * * * * * * *
            REG     0000H     0008H     ABSOLUTE     "REG BANK 0"
            DATA    0008H     0002H     UNIT         ?DT?SHOW1?SMG
            DATA    000AH     0001H     UNIT         ?DT?_LED_SHOW?LED
            DATA    000BH     0001H     UNIT         ?DT?SHOW2?SMG
            DATA    000CH     0001H     UNIT         ?DT?SMG
            DATA    000DH     0001H     UNIT         ?DT?KEY
            IDATA   000EH     0001H     UNIT         ?STACK

            * * * * * * *   C O D E   M E M O R Y   * * * * * * *
            CODE    0000H     0003H     ABSOLUTE     
                    0003H     07FDH                  *** GAP ***
            CODE    0800H     006DH     UNIT         ?PR?_INIT_HC138?SYS
            CODE    086DH     0054H     UNIT         ?PR?KEY_READ?KEY
            CODE    08C1H     004FH     UNIT         ?PR?DISPLAY_SHOW?SMG
            CODE    0910H     002EH     UNIT         ?PR?_LED_SHOW?LED
            CODE    093EH     002CH     UNIT         ?PR?SHOW1?SMG
            CODE    096AH     0025H     UNIT         ?PR?SHOW2?SMG
            CODE    098FH     0021H     UNIT         ?PR?_SMG_SHOW?SMG
            CODE    09B0H     0015H     UNIT         ?PR?SCANKEY_ALONE?KEY
            CODE    09C5H     0014H     UNIT         ?PR?MAIN?MAIN
            CODE    09D9H     0014H     UNIT         ?PR?_DELAY?SYS
            CODE    09EDH     0013H     UNIT         ?PR?YUEADD?SMG
            CODE    0A00H     0012H     UNIT         ?CO?SMG
            CODE    0A12H     000CH     UNIT         ?C_C51STARTUP
            CODE    0A1EH     000AH     UNIT         ?PR?SMG_INIT?SMG
            CODE    0A28H     0009H     UNIT         ?PR?LED_ALL_ON?LED
            CODE    0A31H     0009H     UNIT         ?PR?LED_ALL_OFF?LED
            CODE    0A3AH     0008H     UNIT         ?PR?LED_INIT?LED
            CODE    0A42H     0008H     UNIT         ?PR?BUZZ_INIT?BUZZ
            CODE    0A4AH     0008H     UNIT         ?PR?BUZZ_ON?BUZZ
            CODE    0A52H     0008H     UNIT         ?PR?BUZZ_OFF?BUZZ
            CODE    0A5AH     0008H     UNIT         ?PR?REALY_INIT?RELAY
BL51 BANKED LINKER/LOCATER V6.22                                                      11/12/2023  20:27:02  PAGE 2


            CODE    0A62H     0008H     UNIT         ?PR?REALY_ON?RELAY
            CODE    0A6AH     0008H     UNIT         ?PR?REALY_OFF?RELAY



OVERLAY MAP OF MODULE:   .\Objects\test (MAIN)


SEGMENT
  +--> CALLED SEGMENT
---------------------
?C_C51STARTUP
  +--> ?PR?MAIN?MAIN

?PR?MAIN?MAIN
  +--> ?PR?LED_INIT?LED
  +--> ?PR?BUZZ_INIT?BUZZ
  +--> ?PR?REALY_INIT?RELAY
  +--> ?PR?SMG_INIT?SMG
  +--> ?PR?DISPLAY_SHOW?SMG
  +--> ?PR?YUEADD?SMG

?PR?LED_INIT?LED
  +--> ?PR?_INIT_HC138?SYS
  +--> ?PR?LED_ALL_OFF?LED

?PR?LED_ALL_OFF?LED
  +--> ?PR?_INIT_HC138?SYS

?PR?BUZZ_INIT?BUZZ
  +--> ?PR?_INIT_HC138?SYS

?PR?REALY_INIT?RELAY
  +--> ?PR?_INIT_HC138?SYS

?PR?SMG_INIT?SMG
  +--> ?PR?_INIT_HC138?SYS

?PR?DISPLAY_SHOW?SMG
  +--> ?CO?SMG
  +--> ?PR?_SMG_SHOW?SMG

?PR?_SMG_SHOW?SMG
  +--> ?CO?SMG
  +--> ?PR?_DELAY?SYS

?PR?YUEADD?SMG
  +--> ?PR?_DELAY?SYS



SYMBOL TABLE OF MODULE:  .\Objects\test (MAIN)

  VALUE           TYPE          NAME
  ----------------------------------

  -------         MODULE        MAIN
BL51 BANKED LINKER/LOCATER V6.22                                                      11/12/2023  20:27:02  PAGE 3


  C:0000H         SYMBOL        _ICE_DUMMY_
  D:0080H         PUBLIC        P0
  D:0090H         PUBLIC        P1
  D:00A0H         PUBLIC        P2
  D:00B0H         PUBLIC        P3
  D:00C0H         PUBLIC        P4
  D:00C8H         PUBLIC        P5
  D:00E8H         PUBLIC        P6
  D:00F8H         PUBLIC        P7
  D:00A8H         PUBLIC        IE
  D:00B8H         PUBLIC        IP
  D:00D8H         PUBLIC        CCON
  C:09C5H         PUBLIC        main
  D:0098H         PUBLIC        SCON
  D:0088H         PUBLIC        TCON
  D:00D0H         PUBLIC        PSW
  -------         PROC          MAIN
  C:09C5H         LINE#         3
  C:09C5H         LINE#         4
  C:09C5H         LINE#         5
  C:09C8H         LINE#         6
  C:09CBH         LINE#         7
  C:09CEH         LINE#         8
  C:09D1H         LINE#         9
  C:09D1H         LINE#         10
  C:09D1H         LINE#         13
  C:09D4H         LINE#         14
  C:09D7H         LINE#         16
  -------         ENDPROC       MAIN
  -------         ENDMOD        MAIN

  -------         MODULE        LED
  C:0000H         SYMBOL        _ICE_DUMMY_
  D:0080H         PUBLIC        P0
  D:0090H         PUBLIC        P1
  D:00A0H         PUBLIC        P2
  D:00B0H         PUBLIC        P3
  D:00C0H         PUBLIC        P4
  D:00C8H         PUBLIC        P5
  D:00E8H         PUBLIC        P6
  D:00F8H         PUBLIC        P7
  C:0A28H         PUBLIC        LED_ALL_ON
  D:00A8H         PUBLIC        IE
  D:00B8H         PUBLIC        IP
  D:00D8H         PUBLIC        CCON
  D:0098H         PUBLIC        SCON
  D:0088H         PUBLIC        TCON
  C:0A31H         PUBLIC        LED_ALL_OFF
  C:0A3AH         PUBLIC        LED_Init
  C:0910H         PUBLIC        _LED_SHOW
  D:00D0H         PUBLIC        PSW
  -------         PROC          _LED_SHOW
  D:000AH         SYMBOL        num
  C:0910H         LINE#         17
  C:0912H         LINE#         18
  C:0912H         LINE#         19
  C:091FH         LINE#         20
BL51 BANKED LINKER/LOCATER V6.22                                                      11/12/2023  20:27:02  PAGE 4


  C:091FH         LINE#         21
  C:0924H         LINE#         22
  C:0934H         LINE#         23
  C:0935H         LINE#         25
  C:0935H         LINE#         26
  C:093AH         LINE#         27
  C:093DH         LINE#         28
  C:093DH         LINE#         29
  -------         ENDPROC       _LED_SHOW
  -------         PROC          LED_INIT
  C:0A3AH         LINE#         31
  C:0A3AH         LINE#         32
  C:0A3AH         LINE#         33
  C:0A3FH         LINE#         34
  -------         ENDPROC       LED_INIT
  -------         PROC          LED_ALL_ON
  C:0A28H         LINE#         37
  C:0A28H         LINE#         38
  C:0A28H         LINE#         39
  C:0A2DH         LINE#         40
  C:0A30H         LINE#         41
  -------         ENDPROC       LED_ALL_ON
  -------         PROC          LED_ALL_OFF
  C:0A31H         LINE#         43
  C:0A31H         LINE#         44
  C:0A31H         LINE#         45
  C:0A36H         LINE#         46
  C:0A39H         LINE#         47
  -------         ENDPROC       LED_ALL_OFF
  -------         ENDMOD        LED

  -------         MODULE        BUZZ
  C:0000H         SYMBOL        _ICE_DUMMY_
  D:0080H         PUBLIC        P0
  D:0090H         PUBLIC        P1
  D:00A0H         PUBLIC        P2
  D:00B0H         PUBLIC        P3
  D:00C0H         PUBLIC        P4
  D:00C8H         PUBLIC        P5
  D:00E8H         PUBLIC        P6
  D:00F8H         PUBLIC        P7
  C:0A52H         PUBLIC        BUZZ_OFF
  D:00A8H         PUBLIC        IE
  D:00B8H         PUBLIC        IP
  D:00D8H         PUBLIC        CCON
  D:0098H         PUBLIC        SCON
  D:0088H         PUBLIC        TCON
  C:0A42H         PUBLIC        BUZZ_Init
  C:0A4AH         PUBLIC        BUZZ_ON
  B:0080H.7       PUBLIC        buzz
  D:00D0H         PUBLIC        PSW
  -------         PROC          BUZZ_INIT
  C:0A42H         LINE#         4
  C:0A42H         LINE#         5
  C:0A42H         LINE#         6
  C:0A47H         LINE#         7
  C:0A49H         LINE#         8
BL51 BANKED LINKER/LOCATER V6.22                                                      11/12/2023  20:27:02  PAGE 5


  -------         ENDPROC       BUZZ_INIT
  -------         PROC          BUZZ_ON
  C:0A4AH         LINE#         9
  C:0A4AH         LINE#         10
  C:0A4AH         LINE#         11
  C:0A4FH         LINE#         12
  C:0A51H         LINE#         13
  -------         ENDPROC       BUZZ_ON
  -------         PROC          BUZZ_OFF
  C:0A52H         LINE#         14
  C:0A52H         LINE#         15
  C:0A52H         LINE#         16
  C:0A57H         LINE#         17
  C:0A59H         LINE#         18
  -------         ENDPROC       BUZZ_OFF
  -------         ENDMOD        BUZZ

  -------         MODULE        SYS
  C:0000H         SYMBOL        _ICE_DUMMY_
  D:0080H         PUBLIC        P0
  D:0090H         PUBLIC        P1
  D:00A0H         PUBLIC        P2
  D:00B0H         PUBLIC        P3
  D:00C0H         PUBLIC        P4
  D:00C8H         PUBLIC        P5
  D:00E8H         PUBLIC        P6
  D:00F8H         PUBLIC        P7
  D:00A8H         PUBLIC        IE
  D:00B8H         PUBLIC        IP
  C:0800H         PUBLIC        _Init_HC138
  D:00D8H         PUBLIC        CCON
  D:0098H         PUBLIC        SCON
  D:0088H         PUBLIC        TCON
  C:09D9H         PUBLIC        _Delay
  D:00D0H         PUBLIC        PSW
  -------         PROC          _DELAY
  D:0006H         SYMBOL        ms
  -------         DO            
  D:0005H         SYMBOL        i
  D:0004H         SYMBOL        j
  -------         ENDDO         
  C:09D9H         LINE#         15
  C:09D9H         LINE#         16
  C:09D9H         LINE#         18
  C:09DDH         LINE#         19
  C:09DDH         LINE#         20
  C:09DFH         LINE#         21
  C:09E1H         LINE#         23
  C:09E1H         LINE#         24
  C:09E3H         LINE#         25
  C:09E5H         LINE#         26
  C:09EAH         LINE#         27
  C:09ECH         LINE#         28
  -------         ENDPROC       _DELAY
  -------         PROC          _INIT_HC138
  D:0007H         SYMBOL        n
  C:0800H         LINE#         43
BL51 BANKED LINKER/LOCATER V6.22                                                      11/12/2023  20:27:02  PAGE 6


  C:0800H         LINE#         44
  C:0800H         LINE#         45
  C:0825H         LINE#         46
  C:0825H         LINE#         47
  C:0825H         LINE#         48
  C:082DH         LINE#         49
  C:082EH         LINE#         50
  C:082EH         LINE#         51
  C:0836H         LINE#         52
  C:0837H         LINE#         53
  C:0837H         LINE#         54
  C:083FH         LINE#         55
  C:0840H         LINE#         56
  C:0840H         LINE#         57
  C:0848H         LINE#         58
  C:0849H         LINE#         59
  C:0849H         LINE#         60
  C:0851H         LINE#         61
  C:0852H         LINE#         62
  C:0852H         LINE#         63
  C:085AH         LINE#         64
  C:085BH         LINE#         65
  C:085BH         LINE#         66
  C:0863H         LINE#         67
  C:0864H         LINE#         68
  C:0864H         LINE#         69
  C:086CH         LINE#         70
  C:086CH         LINE#         71
  C:086CH         LINE#         72
  -------         ENDPROC       _INIT_HC138
  -------         ENDMOD        SYS

  -------         MODULE        RELAY
  C:0000H         SYMBOL        _ICE_DUMMY_
  D:0080H         PUBLIC        P0
  D:0090H         PUBLIC        P1
  D:00A0H         PUBLIC        P2
  D:00B0H         PUBLIC        P3
  D:00C0H         PUBLIC        P4
  D:00C8H         PUBLIC        P5
  D:00E8H         PUBLIC        P6
  D:00F8H         PUBLIC        P7
  D:00A8H         PUBLIC        IE
  D:00B8H         PUBLIC        IP
  B:0080H.5       PUBLIC        relay
  D:00D8H         PUBLIC        CCON
  D:0098H         PUBLIC        SCON
  D:0088H         PUBLIC        TCON
  C:0A6AH         PUBLIC        Realy_OFF
  C:0A5AH         PUBLIC        Realy_Init
  D:00D0H         PUBLIC        PSW
  C:0A62H         PUBLIC        Realy_ON
  -------         PROC          REALY_INIT
  C:0A5AH         LINE#         4
  C:0A5AH         LINE#         5
  C:0A5AH         LINE#         6
  C:0A5FH         LINE#         7
BL51 BANKED LINKER/LOCATER V6.22                                                      11/12/2023  20:27:02  PAGE 7


  C:0A61H         LINE#         8
  -------         ENDPROC       REALY_INIT
  -------         PROC          REALY_ON
  C:0A62H         LINE#         9
  C:0A62H         LINE#         10
  C:0A62H         LINE#         11
  C:0A67H         LINE#         12
  C:0A69H         LINE#         13
  -------         ENDPROC       REALY_ON
  -------         PROC          REALY_OFF
  C:0A6AH         LINE#         14
  C:0A6AH         LINE#         15
  C:0A6AH         LINE#         16
  C:0A6FH         LINE#         17
  C:0A71H         LINE#         18
  -------         ENDPROC       REALY_OFF
  -------         ENDMOD        RELAY

  -------         MODULE        SMG
  C:0000H         SYMBOL        _ICE_DUMMY_
  D:0080H         PUBLIC        P0
  D:0090H         PUBLIC        P1
  D:00A0H         PUBLIC        P2
  D:00B0H         PUBLIC        P3
  D:00C0H         PUBLIC        P4
  D:00C8H         PUBLIC        P5
  D:00E8H         PUBLIC        P6
  D:00F8H         PUBLIC        P7
  D:00A8H         PUBLIC        IE
  D:00B8H         PUBLIC        IP
  C:08C1H         PUBLIC        display_show
  D:00D8H         PUBLIC        CCON
  D:0098H         PUBLIC        SCON
  D:0088H         PUBLIC        TCON
  C:09EDH         PUBLIC        YueAdd
  C:0A1EH         PUBLIC        SMG_Init
  C:0995H         PUBLIC        _SMG_Show
  D:000CH         PUBLIC        yu
  C:093EH         PUBLIC        show1
  C:096AH         PUBLIC        show2
  C:0A00H         PUBLIC        daunma
  D:00D0H         PUBLIC        PSW
  -------         PROC          SMG_INIT
  C:0A1EH         LINE#         5
  C:0A1EH         LINE#         6
  C:0A1EH         LINE#         7
  C:0A23H         LINE#         8
  -------         ENDPROC       SMG_INIT
  -------         PROC          L?0019
  -------         ENDPROC       L?0019
  -------         PROC          _SMG_SHOW
  D:0007H         SYMBOL        pos
  D:0005H         SYMBOL        date
  C:0995H         LINE#         11
  C:0995H         LINE#         12
  C:0995H         LINE#         14
  C:09A3H         LINE#         16
BL51 BANKED LINKER/LOCATER V6.22                                                      11/12/2023  20:27:02  PAGE 8


  C:09A5H         LINE#         17
  C:09ACH         LINE#         18
  C:09AFH         LINE#         19
  -------         ENDPROC       _SMG_SHOW
  -------         PROC          SHOW1
  -------         DO            
  D:0008H         SYMBOL        i
  D:0009H         SYMBOL        j
  -------         ENDDO         
  C:093EH         LINE#         21
  C:093EH         LINE#         22
  C:093EH         LINE#         24
  C:0941H         LINE#         25
  C:0941H         LINE#         26
  C:0944H         LINE#         27
  C:0944H         LINE#         28
  C:0950H         LINE#         29
  C:0957H         LINE#         30
  C:0960H         LINE#         31
  C:0969H         LINE#         32
  -------         ENDPROC       SHOW1
  -------         PROC          SHOW2
  -------         DO            
  D:000BH         SYMBOL        j
  -------         ENDDO         
  C:096AH         LINE#         34
  C:096AH         LINE#         35
  C:096AH         LINE#         38
  C:096DH         LINE#         39
  C:096DH         LINE#         40
  C:0970H         LINE#         41
  C:0976H         LINE#         42
  C:097EH         LINE#         43
  C:0985H         LINE#         44
  C:098EH         LINE#         46
  -------         ENDPROC       SHOW2
  -------         PROC          DISPLAY_SHOW
  C:08C1H         LINE#         50
  C:08C1H         LINE#         51
  C:08C1H         LINE#         52
  C:08CCH         LINE#         54
  C:08D7H         LINE#         56
  C:08E2H         LINE#         58
  C:08EDH         LINE#         60
  C:08F2H         LINE#         62
  C:08F7H         LINE#         64
  C:0903H         LINE#         66
  -------         ENDPROC       DISPLAY_SHOW
  -------         PROC          YUEADD
  C:09EDH         LINE#         70
  C:09EDH         LINE#         71
  C:09EDH         LINE#         72
  C:09EFH         LINE#         73
  C:09F6H         LINE#         74
  C:09F6H         LINE#         75
  C:09F9H         LINE#         76
  C:09F9H         LINE#         77
BL51 BANKED LINKER/LOCATER V6.22                                                      11/12/2023  20:27:02  PAGE 9


  -------         ENDPROC       YUEADD
  -------         ENDMOD        SMG

  -------         MODULE        KEY
  C:0000H         SYMBOL        _ICE_DUMMY_
  D:0080H         PUBLIC        P0
  D:0090H         PUBLIC        P1
  D:00A0H         PUBLIC        P2
  D:00B0H         PUBLIC        P3
  D:00C0H         PUBLIC        P4
  C:09B0H         PUBLIC        ScanKey_Alone
  D:00C8H         PUBLIC        P5
  D:00E8H         PUBLIC        P6
  D:00F8H         PUBLIC        P7
  C:086DH         PUBLIC        Key_Read
  B:00B0H.0       PUBLIC        S7
  D:00A8H         PUBLIC        IE
  D:00B8H         PUBLIC        IP
  D:00D8H         PUBLIC        CCON
  B:00B0H.0       PUBLIC        P30
  D:0098H         PUBLIC        SCON
  B:00B0H.1       PUBLIC        P31
  D:0088H         PUBLIC        TCON
  B:00B0H.2       PUBLIC        P32
  B:00C0H.2       PUBLIC        P42
  B:00B0H.3       PUBLIC        P33
  B:00B0H.4       PUBLIC        P34
  B:00C0H.4       PUBLIC        P44
  B:00B0H.5       PUBLIC        P35
  D:000DH         PUBLIC        Key_Num
  D:00D0H         PUBLIC        PSW
  B:0080H.0       PUBLIC        L1
  -------         PROC          SCANKEY_ALONE
  C:09B0H         LINE#         13
  C:09B0H         LINE#         14
  C:09B0H         LINE#         15
  C:09B3H         LINE#         16
  C:09B3H         LINE#         17
  C:09BAH         LINE#         18
  C:09BDH         LINE#         19
  C:09BDH         LINE#         20
  C:09BFH         LINE#         21
  C:09C2H         LINE#         22
  C:09C4H         LINE#         23
  C:09C4H         LINE#         24
  C:09C4H         LINE#         25
  -------         ENDPROC       SCANKEY_ALONE
  -------         PROC          KEY_READ
  C:086DH         LINE#         28
  C:086DH         LINE#         29
  C:086DH         LINE#         31
  C:0875H         LINE#         32
  C:087DH         LINE#         33
  C:0880H         LINE#         34
  C:0880H         LINE#         35
  C:0887H         LINE#         36
  C:088DH         LINE#         37
BL51 BANKED LINKER/LOCATER V6.22                                                      11/12/2023  20:27:02  PAGE 10


  C:088EH         LINE#         38
  C:0891H         LINE#         39
  C:0891H         LINE#         40
  C:0898H         LINE#         41
  C:089EH         LINE#         42
  C:089FH         LINE#         43
  C:08A2H         LINE#         44
  C:08A2H         LINE#         45
  C:08A9H         LINE#         46
  C:08AFH         LINE#         47
  C:08B0H         LINE#         48
  C:08B3H         LINE#         49
  C:08B3H         LINE#         50
  C:08BAH         LINE#         51
  C:08C0H         LINE#         52
  C:08C0H         LINE#         54
  -------         ENDPROC       KEY_READ
  -------         ENDMOD        KEY

*** WARNING L16: UNCALLED SEGMENT, IGNORED FOR OVERLAY PROCESS
    SEGMENT: ?PR?_LED_SHOW?LED

*** WARNING L16: UNCALLED SEGMENT, IGNORED FOR OVERLAY PROCESS
    SEGMENT: ?PR?LED_ALL_ON?LED

*** WARNING L16: UNCALLED SEGMENT, IGNORED FOR OVERLAY PROCESS
    SEGMENT: ?PR?BUZZ_ON?BUZZ

*** WARNING L16: UNCALLED SEGMENT, IGNORED FOR OVERLAY PROCESS
    SEGMENT: ?PR?BUZZ_OFF?BUZZ

*** WARNING L16: UNCALLED SEGMENT, IGNORED FOR OVERLAY PROCESS
    SEGMENT: ?PR?REALY_ON?RELAY

*** WARNING L16: UNCALLED SEGMENT, IGNORED FOR OVERLAY PROCESS
    SEGMENT: ?PR?REALY_OFF?RELAY

*** WARNING L16: UNCALLED SEGMENT, IGNORED FOR OVERLAY PROCESS
    SEGMENT: ?PR?SHOW1?SMG

*** WARNING L16: UNCALLED SEGMENT, IGNORED FOR OVERLAY PROCESS
    SEGMENT: ?PR?SHOW2?SMG

*** WARNING L16: UNCALLED SEGMENT, IGNORED FOR OVERLAY PROCESS
    SEGMENT: ?PR?SCANKEY_ALONE?KEY

*** WARNING L16: UNCALLED SEGMENT, IGNORED FOR OVERLAY PROCESS
    SEGMENT: ?PR?KEY_READ?KEY

******************************************************************************
* RESTRICTED VERSION WITH 0800H BYTE CODE SIZE LIMIT; USED: 0266H BYTE (29%) *
******************************************************************************

Program Size: data=15.0 xdata=0 code=629
LINK/LOCATE RUN COMPLETE.  10 WARNING(S),  0 ERROR(S)
