BL51 BANKED LINKER/LOCATER V6.22                                                        11/12/2023  10:24:04  PAGE 1


BL51 BANKED LINKER/LOCATER V6.22, INVOKED BY:
D:\KEIL5\KEIL5.1\C51\BIN\BL51.EXE .\Objects\main.obj, .\Objects\LED.obj, .\Objects\buzz.obj, .\Objects\sys.obj, .\Object
>> s\relay.obj, .\Objects\SMG.obj, .\Objects\key.obj TO .\Objects\test PRINT (.\Listings\test.m51) RAMSIZE (256)


MEMORY MODEL: SMALL


INPUT MODULES INCLUDED:
  .\Objects\main.obj (MAIN)
  .\Objects\LED.obj (LED)
  .\Objects\buzz.obj (BUZZ)
  .\Objects\sys.obj (SYS)
  .\Objects\relay.obj (RELAY)
  .\Objects\SMG.obj (SMG)
  .\Objects\key.obj (KEY)
  D:\KEIL5\KEIL5.1\C51\LIB\C51S.LIB (?C_STARTUP)


LINK MAP OF MODULE:  .\Objects\test (MAIN)


            TYPE    BASE      LENGTH    RELOCATION   SEGMENT NAME
            -----------------------------------------------------

            * * * * * * *   D A T A   M E M O R Y   * * * * * * *
            REG     0000H     0008H     ABSOLUTE     "REG BANK 0"
            DATA    0008H     0002H     UNIT         ?DT?SHOW1?SMG
            DATA    000AH     0002H     UNIT         _DATA_GROUP_
            DATA    000CH     0001H     UNIT         ?DT?_LED_SHOW?LED
            DATA    000DH     0001H     UNIT         ?DT?SHOW2?SMG
            DATA    000EH     0001H     UNIT         ?DT?SMG
            DATA    000FH     0001H     UNIT         ?DT?KEY
            IDATA   0010H     0001H     UNIT         ?STACK

            * * * * * * *   C O D E   M E M O R Y   * * * * * * *
            CODE    0000H     0003H     ABSOLUTE     
                    0003H     07FDH                  *** GAP ***
            CODE    0800H     0189H     UNIT         ?PR?KEY_READ?KEY
            CODE    0989H     0087H     UNIT         ?PR?DISPLAY_SHOW?SMG
            CODE    0A10H     006DH     UNIT         ?PR?_INIT_HC138?SYS
            CODE    0A7DH     0051H     UNIT         ?PR?SCANKEY_ALONE?KEY
            CODE    0ACEH     002EH     UNIT         ?PR?_LED_SHOW?LED
            CODE    0AFCH     002CH     UNIT         ?PR?SHOW1?SMG
            CODE    0B28H     0027H     UNIT         ?PR?_SMG_SHOW?SMG
            CODE    0B4FH     0026H     UNIT         ?PR?SHOW2?SMG
            CODE    0B75H     0018H     UNIT         ?PR?MAIN?MAIN
            CODE    0B8DH     0014H     UNIT         ?PR?_DELAY?SYS
            CODE    0BA1H     0013H     UNIT         ?PR?YUEADD?SMG
            CODE    0BB4H     0012H     UNIT         ?CO?SMG
            CODE    0BC6H     000CH     UNIT         ?C_C51STARTUP
            CODE    0BD2H     000AH     UNIT         ?PR?SMG_INIT?SMG
            CODE    0BDCH     0009H     UNIT         ?PR?LED_ALL_ON?LED
            CODE    0BE5H     0009H     UNIT         ?PR?LED_ALL_OFF?LED
            CODE    0BEEH     0008H     UNIT         ?PR?LED_INIT?LED
            CODE    0BF6H     0008H     UNIT         ?PR?BUZZ_INIT?BUZZ
            CODE    0BFEH     0008H     UNIT         ?PR?BUZZ_ON?BUZZ
            CODE    0C06H     0008H     UNIT         ?PR?BUZZ_OFF?BUZZ
BL51 BANKED LINKER/LOCATER V6.22                                                      11/12/2023  10:24:04  PAGE 2


            CODE    0C0EH     0008H     UNIT         ?PR?REALY_INIT?RELAY
            CODE    0C16H     0008H     UNIT         ?PR?REALY_ON?RELAY
            CODE    0C1EH     0008H     UNIT         ?PR?REALY_OFF?RELAY



OVERLAY MAP OF MODULE:   .\Objects\test (MAIN)


SEGMENT                          DATA_GROUP 
  +--> CALLED SEGMENT          START    LENGTH
----------------------------------------------
?C_C51STARTUP                  -----    -----
  +--> ?PR?MAIN?MAIN

?PR?MAIN?MAIN                  -----    -----
  +--> ?PR?LED_INIT?LED
  +--> ?PR?BUZZ_INIT?BUZZ
  +--> ?PR?REALY_INIT?RELAY
  +--> ?PR?SMG_INIT?SMG
  +--> ?PR?KEY_READ?KEY
  +--> ?PR?_SMG_SHOW?SMG

?PR?LED_INIT?LED               -----    -----
  +--> ?PR?_INIT_HC138?SYS
  +--> ?PR?LED_ALL_OFF?LED

?PR?LED_ALL_OFF?LED            -----    -----
  +--> ?PR?_INIT_HC138?SYS

?PR?BUZZ_INIT?BUZZ             -----    -----
  +--> ?PR?_INIT_HC138?SYS

?PR?REALY_INIT?RELAY           -----    -----
  +--> ?PR?_INIT_HC138?SYS

?PR?SMG_INIT?SMG               -----    -----
  +--> ?PR?_INIT_HC138?SYS

?PR?KEY_READ?KEY               -----    -----
  +--> ?PR?_DELAY?SYS

?PR?_SMG_SHOW?SMG              000AH    0002H
  +--> ?CO?SMG
  +--> ?PR?_INIT_HC138?SYS



SYMBOL TABLE OF MODULE:  .\Objects\test (MAIN)

  VALUE           TYPE          NAME
  ----------------------------------

  -------         MODULE        MAIN
  C:0000H         SYMBOL        _ICE_DUMMY_
  D:0080H         PUBLIC        P0
  D:0090H         PUBLIC        P1
BL51 BANKED LINKER/LOCATER V6.22                                                      11/12/2023  10:24:04  PAGE 3


  D:00A0H         PUBLIC        P2
  D:00B0H         PUBLIC        P3
  D:00C0H         PUBLIC        P4
  D:00C8H         PUBLIC        P5
  D:00E8H         PUBLIC        P6
  D:00F8H         PUBLIC        P7
  D:00A8H         PUBLIC        IE
  D:00B8H         PUBLIC        IP
  D:00D8H         PUBLIC        CCON
  C:0B75H         PUBLIC        main
  D:0098H         PUBLIC        SCON
  D:0088H         PUBLIC        TCON
  D:00D0H         PUBLIC        PSW
  -------         PROC          MAIN
  C:0B75H         LINE#         3
  C:0B75H         LINE#         4
  C:0B75H         LINE#         5
  C:0B78H         LINE#         6
  C:0B7BH         LINE#         7
  C:0B7EH         LINE#         8
  C:0B81H         LINE#         9
  C:0B81H         LINE#         10
  C:0B81H         LINE#         11
  C:0B84H         LINE#         12
  C:0B8BH         LINE#         13
  -------         ENDPROC       MAIN
  -------         ENDMOD        MAIN

  -------         MODULE        LED
  C:0000H         SYMBOL        _ICE_DUMMY_
  D:0080H         PUBLIC        P0
  D:0090H         PUBLIC        P1
  D:00A0H         PUBLIC        P2
  D:00B0H         PUBLIC        P3
  D:00C0H         PUBLIC        P4
  D:00C8H         PUBLIC        P5
  D:00E8H         PUBLIC        P6
  D:00F8H         PUBLIC        P7
  C:0BDCH         PUBLIC        LED_ALL_ON
  D:00A8H         PUBLIC        IE
  D:00B8H         PUBLIC        IP
  D:00D8H         PUBLIC        CCON
  D:0098H         PUBLIC        SCON
  D:0088H         PUBLIC        TCON
  C:0BE5H         PUBLIC        LED_ALL_OFF
  C:0BEEH         PUBLIC        LED_Init
  C:0ACEH         PUBLIC        _LED_SHOW
  D:00D0H         PUBLIC        PSW
  -------         PROC          _LED_SHOW
  D:000CH         SYMBOL        num
  C:0ACEH         LINE#         17
  C:0AD0H         LINE#         18
  C:0AD0H         LINE#         19
  C:0ADDH         LINE#         20
  C:0ADDH         LINE#         21
  C:0AE2H         LINE#         22
  C:0AF2H         LINE#         23
BL51 BANKED LINKER/LOCATER V6.22                                                      11/12/2023  10:24:04  PAGE 4


  C:0AF3H         LINE#         25
  C:0AF3H         LINE#         26
  C:0AF8H         LINE#         27
  C:0AFBH         LINE#         28
  C:0AFBH         LINE#         29
  -------         ENDPROC       _LED_SHOW
  -------         PROC          LED_INIT
  C:0BEEH         LINE#         31
  C:0BEEH         LINE#         32
  C:0BEEH         LINE#         33
  C:0BF3H         LINE#         34
  -------         ENDPROC       LED_INIT
  -------         PROC          LED_ALL_ON
  C:0BDCH         LINE#         37
  C:0BDCH         LINE#         38
  C:0BDCH         LINE#         39
  C:0BE1H         LINE#         40
  C:0BE4H         LINE#         41
  -------         ENDPROC       LED_ALL_ON
  -------         PROC          LED_ALL_OFF
  C:0BE5H         LINE#         43
  C:0BE5H         LINE#         44
  C:0BE5H         LINE#         45
  C:0BEAH         LINE#         46
  C:0BEDH         LINE#         47
  -------         ENDPROC       LED_ALL_OFF
  -------         ENDMOD        LED

  -------         MODULE        BUZZ
  C:0000H         SYMBOL        _ICE_DUMMY_
  D:0080H         PUBLIC        P0
  D:0090H         PUBLIC        P1
  D:00A0H         PUBLIC        P2
  D:00B0H         PUBLIC        P3
  D:00C0H         PUBLIC        P4
  D:00C8H         PUBLIC        P5
  D:00E8H         PUBLIC        P6
  D:00F8H         PUBLIC        P7
  C:0C06H         PUBLIC        BUZZ_OFF
  D:00A8H         PUBLIC        IE
  D:00B8H         PUBLIC        IP
  D:00D8H         PUBLIC        CCON
  D:0098H         PUBLIC        SCON
  D:0088H         PUBLIC        TCON
  C:0BF6H         PUBLIC        BUZZ_Init
  C:0BFEH         PUBLIC        BUZZ_ON
  B:0080H.7       PUBLIC        buzz
  D:00D0H         PUBLIC        PSW
  -------         PROC          BUZZ_INIT
  C:0BF6H         LINE#         4
  C:0BF6H         LINE#         5
  C:0BF6H         LINE#         6
  C:0BFBH         LINE#         7
  C:0BFDH         LINE#         8
  -------         ENDPROC       BUZZ_INIT
  -------         PROC          BUZZ_ON
  C:0BFEH         LINE#         9
BL51 BANKED LINKER/LOCATER V6.22                                                      11/12/2023  10:24:04  PAGE 5


  C:0BFEH         LINE#         10
  C:0BFEH         LINE#         11
  C:0C03H         LINE#         12
  C:0C05H         LINE#         13
  -------         ENDPROC       BUZZ_ON
  -------         PROC          BUZZ_OFF
  C:0C06H         LINE#         14
  C:0C06H         LINE#         15
  C:0C06H         LINE#         16
  C:0C0BH         LINE#         17
  C:0C0DH         LINE#         18
  -------         ENDPROC       BUZZ_OFF
  -------         ENDMOD        BUZZ

  -------         MODULE        SYS
  C:0000H         SYMBOL        _ICE_DUMMY_
  D:0080H         PUBLIC        P0
  D:0090H         PUBLIC        P1
  D:00A0H         PUBLIC        P2
  D:00B0H         PUBLIC        P3
  D:00C0H         PUBLIC        P4
  D:00C8H         PUBLIC        P5
  D:00E8H         PUBLIC        P6
  D:00F8H         PUBLIC        P7
  D:00A8H         PUBLIC        IE
  D:00B8H         PUBLIC        IP
  C:0A10H         PUBLIC        _Init_HC138
  D:00D8H         PUBLIC        CCON
  D:0098H         PUBLIC        SCON
  D:0088H         PUBLIC        TCON
  C:0B8DH         PUBLIC        _Delay
  D:00D0H         PUBLIC        PSW
  -------         PROC          _DELAY
  D:0006H         SYMBOL        ms
  -------         DO            
  D:0005H         SYMBOL        i
  D:0004H         SYMBOL        j
  -------         ENDDO         
  C:0B8DH         LINE#         15
  C:0B8DH         LINE#         16
  C:0B8DH         LINE#         18
  C:0B91H         LINE#         19
  C:0B91H         LINE#         20
  C:0B93H         LINE#         21
  C:0B95H         LINE#         23
  C:0B95H         LINE#         24
  C:0B97H         LINE#         25
  C:0B99H         LINE#         26
  C:0B9EH         LINE#         27
  C:0BA0H         LINE#         28
  -------         ENDPROC       _DELAY
  -------         PROC          _INIT_HC138
  D:0007H         SYMBOL        n
  C:0A10H         LINE#         43
  C:0A10H         LINE#         44
  C:0A10H         LINE#         45
  C:0A35H         LINE#         46
BL51 BANKED LINKER/LOCATER V6.22                                                      11/12/2023  10:24:04  PAGE 6


  C:0A35H         LINE#         47
  C:0A35H         LINE#         48
  C:0A3DH         LINE#         49
  C:0A3EH         LINE#         50
  C:0A3EH         LINE#         51
  C:0A46H         LINE#         52
  C:0A47H         LINE#         53
  C:0A47H         LINE#         54
  C:0A4FH         LINE#         55
  C:0A50H         LINE#         56
  C:0A50H         LINE#         57
  C:0A58H         LINE#         58
  C:0A59H         LINE#         59
  C:0A59H         LINE#         60
  C:0A61H         LINE#         61
  C:0A62H         LINE#         62
  C:0A62H         LINE#         63
  C:0A6AH         LINE#         64
  C:0A6BH         LINE#         65
  C:0A6BH         LINE#         66
  C:0A73H         LINE#         67
  C:0A74H         LINE#         68
  C:0A74H         LINE#         69
  C:0A7CH         LINE#         70
  C:0A7CH         LINE#         71
  C:0A7CH         LINE#         72
  -------         ENDPROC       _INIT_HC138
  -------         ENDMOD        SYS

  -------         MODULE        RELAY
  C:0000H         SYMBOL        _ICE_DUMMY_
  D:0080H         PUBLIC        P0
  D:0090H         PUBLIC        P1
  D:00A0H         PUBLIC        P2
  D:00B0H         PUBLIC        P3
  D:00C0H         PUBLIC        P4
  D:00C8H         PUBLIC        P5
  D:00E8H         PUBLIC        P6
  D:00F8H         PUBLIC        P7
  D:00A8H         PUBLIC        IE
  D:00B8H         PUBLIC        IP
  B:0080H.5       PUBLIC        relay
  D:00D8H         PUBLIC        CCON
  D:0098H         PUBLIC        SCON
  D:0088H         PUBLIC        TCON
  C:0C1EH         PUBLIC        Realy_OFF
  C:0C0EH         PUBLIC        Realy_Init
  D:00D0H         PUBLIC        PSW
  C:0C16H         PUBLIC        Realy_ON
  -------         PROC          REALY_INIT
  C:0C0EH         LINE#         4
  C:0C0EH         LINE#         5
  C:0C0EH         LINE#         6
  C:0C13H         LINE#         7
  C:0C15H         LINE#         8
  -------         ENDPROC       REALY_INIT
  -------         PROC          REALY_ON
BL51 BANKED LINKER/LOCATER V6.22                                                      11/12/2023  10:24:04  PAGE 7


  C:0C16H         LINE#         9
  C:0C16H         LINE#         10
  C:0C16H         LINE#         11
  C:0C1BH         LINE#         12
  C:0C1DH         LINE#         13
  -------         ENDPROC       REALY_ON
  -------         PROC          REALY_OFF
  C:0C1EH         LINE#         14
  C:0C1EH         LINE#         15
  C:0C1EH         LINE#         16
  C:0C23H         LINE#         17
  C:0C25H         LINE#         18
  -------         ENDPROC       REALY_OFF
  -------         ENDMOD        RELAY

  -------         MODULE        SMG
  C:0000H         SYMBOL        _ICE_DUMMY_
  D:0080H         PUBLIC        P0
  D:0090H         PUBLIC        P1
  D:00A0H         PUBLIC        P2
  D:00B0H         PUBLIC        P3
  D:00C0H         PUBLIC        P4
  D:00C8H         PUBLIC        P5
  D:00E8H         PUBLIC        P6
  D:00F8H         PUBLIC        P7
  D:00A8H         PUBLIC        IE
  D:00B8H         PUBLIC        IP
  C:0989H         PUBLIC        display_show
  D:00D8H         PUBLIC        CCON
  D:0098H         PUBLIC        SCON
  D:0088H         PUBLIC        TCON
  C:0BA1H         PUBLIC        YueAdd
  C:0BD2H         PUBLIC        SMG_Init
  C:0B2EH         PUBLIC        _SMG_Show
  D:000EH         PUBLIC        yu
  C:0AFCH         PUBLIC        show1
  C:0B4FH         PUBLIC        show2
  C:0BB4H         PUBLIC        daunma
  D:00D0H         PUBLIC        PSW
  -------         PROC          SMG_INIT
  C:0BD2H         LINE#         5
  C:0BD2H         LINE#         6
  C:0BD2H         LINE#         7
  C:0BD7H         LINE#         8
  -------         ENDPROC       SMG_INIT
  -------         PROC          L?0019
  -------         ENDPROC       L?0019
  -------         PROC          _SMG_SHOW
  D:000AH         SYMBOL        pos
  D:000BH         SYMBOL        date
  C:0B2EH         LINE#         11
  C:0B32H         LINE#         12
  C:0B32H         LINE#         13
  C:0B37H         LINE#         14
  C:0B46H         LINE#         15
  C:0B4BH         LINE#         16
  C:0B4EH         LINE#         17
BL51 BANKED LINKER/LOCATER V6.22                                                      11/12/2023  10:24:04  PAGE 8


  -------         ENDPROC       _SMG_SHOW
  -------         PROC          SHOW1
  -------         DO            
  D:0008H         SYMBOL        i
  D:0009H         SYMBOL        j
  -------         ENDDO         
  C:0AFCH         LINE#         19
  C:0AFCH         LINE#         20
  C:0AFCH         LINE#         22
  C:0AFFH         LINE#         23
  C:0AFFH         LINE#         24
  C:0B02H         LINE#         25
  C:0B02H         LINE#         26
  C:0B0EH         LINE#         27
  C:0B15H         LINE#         28
  C:0B1EH         LINE#         29
  C:0B27H         LINE#         30
  -------         ENDPROC       SHOW1
  -------         PROC          SHOW2
  -------         DO            
  D:000DH         SYMBOL        j
  -------         ENDDO         
  C:0B4FH         LINE#         32
  C:0B4FH         LINE#         33
  C:0B4FH         LINE#         36
  C:0B52H         LINE#         37
  C:0B52H         LINE#         38
  C:0B55H         LINE#         39
  C:0B5CH         LINE#         40
  C:0B64H         LINE#         41
  C:0B6BH         LINE#         42
  C:0B74H         LINE#         44
  -------         ENDPROC       SHOW2
  -------         PROC          DISPLAY_SHOW
  C:0989H         LINE#         48
  C:0989H         LINE#         49
  C:0989H         LINE#         50
  C:0994H         LINE#         51
  C:099BH         LINE#         52
  C:09A6H         LINE#         53
  C:09ADH         LINE#         54
  C:09B8H         LINE#         55
  C:09BFH         LINE#         56
  C:09CAH         LINE#         57
  C:09D1H         LINE#         58
  C:09D6H         LINE#         59
  C:09DDH         LINE#         60
  C:09E2H         LINE#         61
  C:09E9H         LINE#         62
  C:09F5H         LINE#         63
  C:09FCH         LINE#         64
  C:0A09H         LINE#         65
  -------         ENDPROC       DISPLAY_SHOW
  -------         PROC          YUEADD
  C:0BA1H         LINE#         68
  C:0BA1H         LINE#         69
  C:0BA1H         LINE#         70
BL51 BANKED LINKER/LOCATER V6.22                                                      11/12/2023  10:24:04  PAGE 9


  C:0BA3H         LINE#         71
  C:0BAAH         LINE#         72
  C:0BAAH         LINE#         73
  C:0BADH         LINE#         74
  C:0BADH         LINE#         75
  -------         ENDPROC       YUEADD
  -------         ENDMOD        SMG

  -------         MODULE        KEY
  C:0000H         SYMBOL        _ICE_DUMMY_
  B:0080H.2       PUBLIC        L3
  B:0080H.3       PUBLIC        L4
  D:0080H         PUBLIC        P0
  D:0090H         PUBLIC        P1
  D:00A0H         PUBLIC        P2
  D:00B0H         PUBLIC        P3
  D:00C0H         PUBLIC        P4
  C:0A7DH         PUBLIC        ScanKey_Alone
  D:00C8H         PUBLIC        P5
  D:00E8H         PUBLIC        P6
  B:00B0H.3       PUBLIC        S4
  D:00F8H         PUBLIC        P7
  B:00B0H.2       PUBLIC        S5
  B:00B0H.1       PUBLIC        S6
  C:0800H         PUBLIC        Key_Read
  B:00B0H.0       PUBLIC        S7
  D:00A8H         PUBLIC        IE
  D:00B8H         PUBLIC        IP
  D:00D8H         PUBLIC        CCON
  B:00B0H.0       PUBLIC        P30
  D:0098H         PUBLIC        SCON
  B:00B0H.1       PUBLIC        P31
  D:0088H         PUBLIC        TCON
  B:00B0H.2       PUBLIC        P32
  B:00C0H.2       PUBLIC        P42
  B:00B0H.3       PUBLIC        P33
  B:00B0H.4       PUBLIC        P34
  B:00C0H.4       PUBLIC        P44
  B:00B0H.5       PUBLIC        P35
  D:000FH         PUBLIC        Key_Num
  D:00D0H         PUBLIC        PSW
  B:0080H.0       PUBLIC        L1
  B:0080H.1       PUBLIC        L2
  -------         PROC          SCANKEY_ALONE
  C:0A7DH         LINE#         13
  C:0A7DH         LINE#         14
  C:0A7DH         LINE#         15
  C:0A80H         LINE#         16
  C:0A80H         LINE#         17
  C:0A87H         LINE#         18
  C:0A8AH         LINE#         19
  C:0A8AH         LINE#         20
  C:0A8CH         LINE#         21
  C:0A8FH         LINE#         22
  C:0A91H         LINE#         23
  C:0A91H         LINE#         24
  C:0A91H         LINE#         25
BL51 BANKED LINKER/LOCATER V6.22                                                      11/12/2023  10:24:04  PAGE 10


  C:0A94H         LINE#         26
  C:0A94H         LINE#         27
  C:0A9BH         LINE#         28
  C:0A9EH         LINE#         29
  C:0A9EH         LINE#         30
  C:0AA0H         LINE#         31
  C:0AA3H         LINE#         32
  C:0AA5H         LINE#         33
  C:0AA5H         LINE#         34
  C:0AA5H         LINE#         35
  C:0AA8H         LINE#         36
  C:0AA8H         LINE#         37
  C:0AAFH         LINE#         38
  C:0AB2H         LINE#         39
  C:0AB2H         LINE#         40
  C:0AB4H         LINE#         41
  C:0AB7H         LINE#         42
  C:0AB9H         LINE#         43
  C:0AB9H         LINE#         44
  C:0AB9H         LINE#         45
  C:0ABCH         LINE#         46
  C:0ABCH         LINE#         47
  C:0AC3H         LINE#         48
  C:0AC6H         LINE#         49
  C:0AC6H         LINE#         50
  C:0AC8H         LINE#         51
  C:0ACBH         LINE#         52
  C:0ACDH         LINE#         53
  C:0ACDH         LINE#         54
  C:0ACDH         LINE#         55
  -------         ENDPROC       SCANKEY_ALONE
  -------         PROC          KEY_READ
  C:0800H         LINE#         59
  C:0800H         LINE#         60
  C:0800H         LINE#         62
  C:0808H         LINE#         63
  C:0810H         LINE#         64
  C:0813H         LINE#         65
  C:0813H         LINE#         66
  C:081AH         LINE#         67
  C:0820H         LINE#         68
  C:0825H         LINE#         70
  C:0828H         LINE#         71
  C:0828H         LINE#         72
  C:082FH         LINE#         73
  C:0835H         LINE#         74
  C:083AH         LINE#         76
  C:083DH         LINE#         77
  C:083DH         LINE#         78
  C:0844H         LINE#         79
  C:084AH         LINE#         80
  C:084FH         LINE#         82
  C:0852H         LINE#         83
  C:0852H         LINE#         84
  C:0859H         LINE#         85
  C:085FH         LINE#         86
  C:0862H         LINE#         87
BL51 BANKED LINKER/LOCATER V6.22                                                      11/12/2023  10:24:04  PAGE 11


  C:0862H         LINE#         88
  C:086AH         LINE#         89
  C:0872H         LINE#         90
  C:0875H         LINE#         91
  C:0875H         LINE#         92
  C:087CH         LINE#         93
  C:0882H         LINE#         94
  C:0887H         LINE#         96
  C:088AH         LINE#         97
  C:088AH         LINE#         98
  C:0891H         LINE#         99
  C:0897H         LINE#         100
  C:089CH         LINE#         102
  C:089FH         LINE#         103
  C:089FH         LINE#         104
  C:08A6H         LINE#         105
  C:08ACH         LINE#         106
  C:08B1H         LINE#         108
  C:08B4H         LINE#         109
  C:08B4H         LINE#         110
  C:08BBH         LINE#         111
  C:08C1H         LINE#         112
  C:08C4H         LINE#         113
  C:08C4H         LINE#         114
  C:08CCH         LINE#         115
  C:08D4H         LINE#         116
  C:08D7H         LINE#         117
  C:08D7H         LINE#         118
  C:08DEH         LINE#         119
  C:08E4H         LINE#         120
  C:08E9H         LINE#         122
  C:08ECH         LINE#         123
  C:08ECH         LINE#         124
  C:08F3H         LINE#         125
  C:08F9H         LINE#         126
  C:08FEH         LINE#         128
  C:0901H         LINE#         129
  C:0901H         LINE#         130
  C:0908H         LINE#         131
  C:090EH         LINE#         132
  C:0913H         LINE#         134
  C:0916H         LINE#         135
  C:0916H         LINE#         136
  C:091DH         LINE#         137
  C:0923H         LINE#         138
  C:0926H         LINE#         139
  C:0926H         LINE#         140
  C:092EH         LINE#         141
  C:0936H         LINE#         142
  C:0939H         LINE#         143
  C:0939H         LINE#         144
  C:0940H         LINE#         145
  C:0946H         LINE#         146
  C:094BH         LINE#         148
  C:094EH         LINE#         149
  C:094EH         LINE#         150
  C:0955H         LINE#         151
BL51 BANKED LINKER/LOCATER V6.22                                                      11/12/2023  10:24:04  PAGE 12


  C:095BH         LINE#         152
  C:0960H         LINE#         154
  C:0963H         LINE#         155
  C:0963H         LINE#         156
  C:096AH         LINE#         157
  C:0970H         LINE#         158
  C:0975H         LINE#         160
  C:0978H         LINE#         161
  C:0978H         LINE#         162
  C:097FH         LINE#         163
  C:0985H         LINE#         164
  C:0988H         LINE#         165
  C:0988H         LINE#         166
  -------         ENDPROC       KEY_READ
  -------         ENDMOD        KEY

*** WARNING L16: UNCALLED SEGMENT, IGNORED FOR OVERLAY PROCESS
    SEGMENT: ?PR?_LED_SHOW?LED

*** WARNING L16: UNCALLED SEGMENT, IGNORED FOR OVERLAY PROCESS
    SEGMENT: ?PR?LED_ALL_ON?LED

*** WARNING L16: UNCALLED SEGMENT, IGNORED FOR OVERLAY PROCESS
    SEGMENT: ?PR?BUZZ_ON?BUZZ

*** WARNING L16: UNCALLED SEGMENT, IGNORED FOR OVERLAY PROCESS
    SEGMENT: ?PR?BUZZ_OFF?BUZZ

*** WARNING L16: UNCALLED SEGMENT, IGNORED FOR OVERLAY PROCESS
    SEGMENT: ?PR?REALY_ON?RELAY

*** WARNING L16: UNCALLED SEGMENT, IGNORED FOR OVERLAY PROCESS
    SEGMENT: ?PR?REALY_OFF?RELAY

*** WARNING L16: UNCALLED SEGMENT, IGNORED FOR OVERLAY PROCESS
    SEGMENT: ?PR?SHOW1?SMG

*** WARNING L16: UNCALLED SEGMENT, IGNORED FOR OVERLAY PROCESS
    SEGMENT: ?PR?SHOW2?SMG

*** WARNING L16: UNCALLED SEGMENT, IGNORED FOR OVERLAY PROCESS
    SEGMENT: ?PR?DISPLAY_SHOW?SMG

*** WARNING L16: UNCALLED SEGMENT, IGNORED FOR OVERLAY PROCESS
    SEGMENT: ?PR?YUEADD?SMG

*** WARNING L16: UNCALLED SEGMENT, IGNORED FOR OVERLAY PROCESS
    SEGMENT: ?PR?SCANKEY_ALONE?KEY

******************************************************************************
* RESTRICTED VERSION WITH 0800H BYTE CODE SIZE LIMIT; USED: 041AH BYTE (51%) *
******************************************************************************

Program Size: data=17.0 xdata=0 code=1065
LINK/LOCATE RUN COMPLETE.  11 WARNING(S),  0 ERROR(S)
