BL51 BANKED LINKER/LOCATER V6.22                                                        11/12/2023  20:43:40  PAGE 1


BL51 BANKED LINKER/LOCATER V6.22, INVOKED BY:
D:\KEIL5\KEIL5.1\C51\BIN\BL51.EXE .\Objects\main.obj, .\Objects\LED.obj, .\Objects\buzz.obj, .\Objects\sys.obj, .\Object
>> s\relay.obj, .\Objects\SMG.obj, .\Objects\key.obj TO .\Objects\test PRINT (.\Listings\test.m51) RAMSIZE (256)


MEMORY MODEL: SMALL


INPUT MODULES INCLUDED:
  .\Objects\main.obj (MAIN)
  .\Objects\LED.obj (LED)
  .\Objects\buzz.obj (BUZZ)
  .\Objects\sys.obj (SYS)
  .\Objects\relay.obj (RELAY)
  .\Objects\SMG.obj (SMG)
  .\Objects\key.obj (KEY)
  D:\KEIL5\KEIL5.1\C51\LIB\C51S.LIB (?C_STARTUP)


LINK MAP OF MODULE:  .\Objects\test (MAIN)


            TYPE    BASE      LENGTH    RELOCATION   SEGMENT NAME
            -----------------------------------------------------

            * * * * * * *   D A T A   M E M O R Y   * * * * * * *
            REG     0000H     0008H     ABSOLUTE     "REG BANK 0"
            DATA    0008H     0002H     UNIT         ?DT?SHOW1?SMG
            DATA    000AH     0001H     UNIT         ?DT?_LED_SHOW?LED
            DATA    000BH     0001H     UNIT         ?DT?SHOW2?SMG
            DATA    000CH     0001H     UNIT         ?DT?SMG
            DATA    000DH     0001H     UNIT         ?DT?KEY
            IDATA   000EH     0001H     UNIT         ?STACK

            * * * * * * *   C O D E   M E M O R Y   * * * * * * *
            CODE    0000H     0003H     ABSOLUTE     
                    0003H     07FDH                  *** GAP ***
            CODE    0800H     0189H     UNIT         ?PR?KEY_READ?KEY
            CODE    0989H     0083H     UNIT         ?PR?DISPLAY_SHOW?SMG
            CODE    0A0CH     006DH     UNIT         ?PR?_INIT_HC138?SYS
            CODE    0A79H     0051H     UNIT         ?PR?SCANKEY_ALONE?KEY
            CODE    0ACAH     002EH     UNIT         ?PR?_LED_SHOW?LED
            CODE    0AF8H     002CH     UNIT         ?PR?SHOW1?SMG
            CODE    0B24H     0026H     UNIT         ?PR?SHOW2?SMG
            CODE    0B4AH     001CH     UNIT         ?PR?_SMG_SHOW?SMG
            CODE    0B66H     0018H     UNIT         ?PR?MAIN?MAIN
            CODE    0B7EH     0014H     UNIT         ?PR?_DELAY?SYS
            CODE    0B92H     0013H     UNIT         ?PR?YUEADD?SMG
            CODE    0BA5H     0012H     UNIT         ?CO?SMG
            CODE    0BB7H     000CH     UNIT         ?C_C51STARTUP
            CODE    0BC3H     000AH     UNIT         ?PR?SMG_INIT?SMG
            CODE    0BCDH     0009H     UNIT         ?PR?LED_ALL_ON?LED
            CODE    0BD6H     0009H     UNIT         ?PR?LED_ALL_OFF?LED
            CODE    0BDFH     0008H     UNIT         ?PR?LED_INIT?LED
            CODE    0BE7H     0008H     UNIT         ?PR?BUZZ_INIT?BUZZ
            CODE    0BEFH     0008H     UNIT         ?PR?BUZZ_ON?BUZZ
            CODE    0BF7H     0008H     UNIT         ?PR?BUZZ_OFF?BUZZ
            CODE    0BFFH     0008H     UNIT         ?PR?REALY_INIT?RELAY
BL51 BANKED LINKER/LOCATER V6.22                                                      11/12/2023  20:43:40  PAGE 2


            CODE    0C07H     0008H     UNIT         ?PR?REALY_ON?RELAY
            CODE    0C0FH     0008H     UNIT         ?PR?REALY_OFF?RELAY



OVERLAY MAP OF MODULE:   .\Objects\test (MAIN)


SEGMENT
  +--> CALLED SEGMENT
---------------------
?C_C51STARTUP
  +--> ?PR?MAIN?MAIN

?PR?MAIN?MAIN
  +--> ?PR?LED_INIT?LED
  +--> ?PR?BUZZ_INIT?BUZZ
  +--> ?PR?REALY_INIT?RELAY
  +--> ?PR?SMG_INIT?SMG
  +--> ?PR?KEY_READ?KEY
  +--> ?PR?_SMG_SHOW?SMG

?PR?LED_INIT?LED
  +--> ?PR?_INIT_HC138?SYS
  +--> ?PR?LED_ALL_OFF?LED

?PR?LED_ALL_OFF?LED
  +--> ?PR?_INIT_HC138?SYS

?PR?BUZZ_INIT?BUZZ
  +--> ?PR?_INIT_HC138?SYS

?PR?REALY_INIT?RELAY
  +--> ?PR?_INIT_HC138?SYS

?PR?SMG_INIT?SMG
  +--> ?PR?_INIT_HC138?SYS

?PR?KEY_READ?KEY
  +--> ?PR?_DELAY?SYS

?PR?_SMG_SHOW?SMG
  +--> ?CO?SMG



SYMBOL TABLE OF MODULE:  .\Objects\test (MAIN)

  VALUE           TYPE          NAME
  ----------------------------------

  -------         MODULE        MAIN
  C:0000H         SYMBOL        _ICE_DUMMY_
  D:0080H         PUBLIC        P0
  D:0090H         PUBLIC        P1
  D:00A0H         PUBLIC        P2
  D:00B0H         PUBLIC        P3
BL51 BANKED LINKER/LOCATER V6.22                                                      11/12/2023  20:43:40  PAGE 3


  D:00C0H         PUBLIC        P4
  D:00C8H         PUBLIC        P5
  D:00E8H         PUBLIC        P6
  D:00F8H         PUBLIC        P7
  D:00A8H         PUBLIC        IE
  D:00B8H         PUBLIC        IP
  D:00D8H         PUBLIC        CCON
  C:0B66H         PUBLIC        main
  D:0098H         PUBLIC        SCON
  D:0088H         PUBLIC        TCON
  D:00D0H         PUBLIC        PSW
  -------         PROC          MAIN
  C:0B66H         LINE#         3
  C:0B66H         LINE#         4
  C:0B66H         LINE#         5
  C:0B69H         LINE#         6
  C:0B6CH         LINE#         7
  C:0B6FH         LINE#         8
  C:0B72H         LINE#         9
  C:0B72H         LINE#         10
  C:0B72H         LINE#         11
  C:0B75H         LINE#         12
  C:0B7CH         LINE#         13
  -------         ENDPROC       MAIN
  -------         ENDMOD        MAIN

  -------         MODULE        LED
  C:0000H         SYMBOL        _ICE_DUMMY_
  D:0080H         PUBLIC        P0
  D:0090H         PUBLIC        P1
  D:00A0H         PUBLIC        P2
  D:00B0H         PUBLIC        P3
  D:00C0H         PUBLIC        P4
  D:00C8H         PUBLIC        P5
  D:00E8H         PUBLIC        P6
  D:00F8H         PUBLIC        P7
  C:0BCDH         PUBLIC        LED_ALL_ON
  D:00A8H         PUBLIC        IE
  D:00B8H         PUBLIC        IP
  D:00D8H         PUBLIC        CCON
  D:0098H         PUBLIC        SCON
  D:0088H         PUBLIC        TCON
  C:0BD6H         PUBLIC        LED_ALL_OFF
  C:0BDFH         PUBLIC        LED_Init
  C:0ACAH         PUBLIC        _LED_SHOW
  D:00D0H         PUBLIC        PSW
  -------         PROC          _LED_SHOW
  D:000AH         SYMBOL        num
  C:0ACAH         LINE#         17
  C:0ACCH         LINE#         18
  C:0ACCH         LINE#         19
  C:0AD9H         LINE#         20
  C:0AD9H         LINE#         21
  C:0ADEH         LINE#         22
  C:0AEEH         LINE#         23
  C:0AEFH         LINE#         25
  C:0AEFH         LINE#         26
BL51 BANKED LINKER/LOCATER V6.22                                                      11/12/2023  20:43:40  PAGE 4


  C:0AF4H         LINE#         27
  C:0AF7H         LINE#         28
  C:0AF7H         LINE#         29
  -------         ENDPROC       _LED_SHOW
  -------         PROC          LED_INIT
  C:0BDFH         LINE#         31
  C:0BDFH         LINE#         32
  C:0BDFH         LINE#         33
  C:0BE4H         LINE#         34
  -------         ENDPROC       LED_INIT
  -------         PROC          LED_ALL_ON
  C:0BCDH         LINE#         37
  C:0BCDH         LINE#         38
  C:0BCDH         LINE#         39
  C:0BD2H         LINE#         40
  C:0BD5H         LINE#         41
  -------         ENDPROC       LED_ALL_ON
  -------         PROC          LED_ALL_OFF
  C:0BD6H         LINE#         43
  C:0BD6H         LINE#         44
  C:0BD6H         LINE#         45
  C:0BDBH         LINE#         46
  C:0BDEH         LINE#         47
  -------         ENDPROC       LED_ALL_OFF
  -------         ENDMOD        LED

  -------         MODULE        BUZZ
  C:0000H         SYMBOL        _ICE_DUMMY_
  D:0080H         PUBLIC        P0
  D:0090H         PUBLIC        P1
  D:00A0H         PUBLIC        P2
  D:00B0H         PUBLIC        P3
  D:00C0H         PUBLIC        P4
  D:00C8H         PUBLIC        P5
  D:00E8H         PUBLIC        P6
  D:00F8H         PUBLIC        P7
  C:0BF7H         PUBLIC        BUZZ_OFF
  D:00A8H         PUBLIC        IE
  D:00B8H         PUBLIC        IP
  D:00D8H         PUBLIC        CCON
  D:0098H         PUBLIC        SCON
  D:0088H         PUBLIC        TCON
  C:0BE7H         PUBLIC        BUZZ_Init
  C:0BEFH         PUBLIC        BUZZ_ON
  B:0080H.7       PUBLIC        buzz
  D:00D0H         PUBLIC        PSW
  -------         PROC          BUZZ_INIT
  C:0BE7H         LINE#         4
  C:0BE7H         LINE#         5
  C:0BE7H         LINE#         6
  C:0BECH         LINE#         7
  C:0BEEH         LINE#         8
  -------         ENDPROC       BUZZ_INIT
  -------         PROC          BUZZ_ON
  C:0BEFH         LINE#         9
  C:0BEFH         LINE#         10
  C:0BEFH         LINE#         11
BL51 BANKED LINKER/LOCATER V6.22                                                      11/12/2023  20:43:40  PAGE 5


  C:0BF4H         LINE#         12
  C:0BF6H         LINE#         13
  -------         ENDPROC       BUZZ_ON
  -------         PROC          BUZZ_OFF
  C:0BF7H         LINE#         14
  C:0BF7H         LINE#         15
  C:0BF7H         LINE#         16
  C:0BFCH         LINE#         17
  C:0BFEH         LINE#         18
  -------         ENDPROC       BUZZ_OFF
  -------         ENDMOD        BUZZ

  -------         MODULE        SYS
  C:0000H         SYMBOL        _ICE_DUMMY_
  D:0080H         PUBLIC        P0
  D:0090H         PUBLIC        P1
  D:00A0H         PUBLIC        P2
  D:00B0H         PUBLIC        P3
  D:00C0H         PUBLIC        P4
  D:00C8H         PUBLIC        P5
  D:00E8H         PUBLIC        P6
  D:00F8H         PUBLIC        P7
  D:00A8H         PUBLIC        IE
  D:00B8H         PUBLIC        IP
  C:0A0CH         PUBLIC        _Init_HC138
  D:00D8H         PUBLIC        CCON
  D:0098H         PUBLIC        SCON
  D:0088H         PUBLIC        TCON
  C:0B7EH         PUBLIC        _Delay
  D:00D0H         PUBLIC        PSW
  -------         PROC          _DELAY
  D:0006H         SYMBOL        ms
  -------         DO            
  D:0005H         SYMBOL        i
  D:0004H         SYMBOL        j
  -------         ENDDO         
  C:0B7EH         LINE#         15
  C:0B7EH         LINE#         16
  C:0B7EH         LINE#         18
  C:0B82H         LINE#         19
  C:0B82H         LINE#         20
  C:0B84H         LINE#         21
  C:0B86H         LINE#         23
  C:0B86H         LINE#         24
  C:0B88H         LINE#         25
  C:0B8AH         LINE#         26
  C:0B8FH         LINE#         27
  C:0B91H         LINE#         28
  -------         ENDPROC       _DELAY
  -------         PROC          _INIT_HC138
  D:0007H         SYMBOL        n
  C:0A0CH         LINE#         43
  C:0A0CH         LINE#         44
  C:0A0CH         LINE#         45
  C:0A31H         LINE#         46
  C:0A31H         LINE#         47
  C:0A31H         LINE#         48
BL51 BANKED LINKER/LOCATER V6.22                                                      11/12/2023  20:43:40  PAGE 6


  C:0A39H         LINE#         49
  C:0A3AH         LINE#         50
  C:0A3AH         LINE#         51
  C:0A42H         LINE#         52
  C:0A43H         LINE#         53
  C:0A43H         LINE#         54
  C:0A4BH         LINE#         55
  C:0A4CH         LINE#         56
  C:0A4CH         LINE#         57
  C:0A54H         LINE#         58
  C:0A55H         LINE#         59
  C:0A55H         LINE#         60
  C:0A5DH         LINE#         61
  C:0A5EH         LINE#         62
  C:0A5EH         LINE#         63
  C:0A66H         LINE#         64
  C:0A67H         LINE#         65
  C:0A67H         LINE#         66
  C:0A6FH         LINE#         67
  C:0A70H         LINE#         68
  C:0A70H         LINE#         69
  C:0A78H         LINE#         70
  C:0A78H         LINE#         71
  C:0A78H         LINE#         72
  -------         ENDPROC       _INIT_HC138
  -------         ENDMOD        SYS

  -------         MODULE        RELAY
  C:0000H         SYMBOL        _ICE_DUMMY_
  D:0080H         PUBLIC        P0
  D:0090H         PUBLIC        P1
  D:00A0H         PUBLIC        P2
  D:00B0H         PUBLIC        P3
  D:00C0H         PUBLIC        P4
  D:00C8H         PUBLIC        P5
  D:00E8H         PUBLIC        P6
  D:00F8H         PUBLIC        P7
  D:00A8H         PUBLIC        IE
  D:00B8H         PUBLIC        IP
  B:0080H.5       PUBLIC        relay
  D:00D8H         PUBLIC        CCON
  D:0098H         PUBLIC        SCON
  D:0088H         PUBLIC        TCON
  C:0C0FH         PUBLIC        Realy_OFF
  C:0BFFH         PUBLIC        Realy_Init
  D:00D0H         PUBLIC        PSW
  C:0C07H         PUBLIC        Realy_ON
  -------         PROC          REALY_INIT
  C:0BFFH         LINE#         4
  C:0BFFH         LINE#         5
  C:0BFFH         LINE#         6
  C:0C04H         LINE#         7
  C:0C06H         LINE#         8
  -------         ENDPROC       REALY_INIT
  -------         PROC          REALY_ON
  C:0C07H         LINE#         9
  C:0C07H         LINE#         10
BL51 BANKED LINKER/LOCATER V6.22                                                      11/12/2023  20:43:40  PAGE 7


  C:0C07H         LINE#         11
  C:0C0CH         LINE#         12
  C:0C0EH         LINE#         13
  -------         ENDPROC       REALY_ON
  -------         PROC          REALY_OFF
  C:0C0FH         LINE#         14
  C:0C0FH         LINE#         15
  C:0C0FH         LINE#         16
  C:0C14H         LINE#         17
  C:0C16H         LINE#         18
  -------         ENDPROC       REALY_OFF
  -------         ENDMOD        RELAY

  -------         MODULE        SMG
  C:0000H         SYMBOL        _ICE_DUMMY_
  D:0080H         PUBLIC        P0
  D:0090H         PUBLIC        P1
  D:00A0H         PUBLIC        P2
  D:00B0H         PUBLIC        P3
  D:00C0H         PUBLIC        P4
  D:00C8H         PUBLIC        P5
  D:00E8H         PUBLIC        P6
  D:00F8H         PUBLIC        P7
  D:00A8H         PUBLIC        IE
  D:00B8H         PUBLIC        IP
  C:0989H         PUBLIC        display_show
  D:00D8H         PUBLIC        CCON
  D:0098H         PUBLIC        SCON
  D:0088H         PUBLIC        TCON
  C:0B92H         PUBLIC        YueAdd
  C:0BC3H         PUBLIC        SMG_Init
  C:0B50H         PUBLIC        _SMG_Show
  D:000CH         PUBLIC        yu
  C:0AF8H         PUBLIC        show1
  C:0B24H         PUBLIC        show2
  C:0BA5H         PUBLIC        daunma
  D:00D0H         PUBLIC        PSW
  -------         PROC          SMG_INIT
  C:0BC3H         LINE#         5
  C:0BC3H         LINE#         6
  C:0BC3H         LINE#         7
  C:0BC8H         LINE#         8
  -------         ENDPROC       SMG_INIT
  -------         PROC          L?0019
  -------         ENDPROC       L?0019
  -------         PROC          _SMG_SHOW
  D:0007H         SYMBOL        pos
  D:0005H         SYMBOL        date
  C:0B50H         LINE#         11
  C:0B50H         LINE#         12
  C:0B50H         LINE#         14
  C:0B5EH         LINE#         16
  C:0B65H         LINE#         19
  -------         ENDPROC       _SMG_SHOW
  -------         PROC          SHOW1
  -------         DO            
  D:0008H         SYMBOL        i
BL51 BANKED LINKER/LOCATER V6.22                                                      11/12/2023  20:43:40  PAGE 8


  D:0009H         SYMBOL        j
  -------         ENDDO         
  C:0AF8H         LINE#         21
  C:0AF8H         LINE#         22
  C:0AF8H         LINE#         24
  C:0AFBH         LINE#         25
  C:0AFBH         LINE#         26
  C:0AFEH         LINE#         27
  C:0AFEH         LINE#         28
  C:0B0AH         LINE#         29
  C:0B11H         LINE#         30
  C:0B1AH         LINE#         31
  C:0B23H         LINE#         32
  -------         ENDPROC       SHOW1
  -------         PROC          SHOW2
  -------         DO            
  D:000BH         SYMBOL        j
  -------         ENDDO         
  C:0B24H         LINE#         34
  C:0B24H         LINE#         35
  C:0B24H         LINE#         38
  C:0B27H         LINE#         39
  C:0B27H         LINE#         40
  C:0B2AH         LINE#         41
  C:0B31H         LINE#         42
  C:0B39H         LINE#         43
  C:0B40H         LINE#         44
  C:0B49H         LINE#         46
  -------         ENDPROC       SHOW2
  -------         PROC          DISPLAY_SHOW
  C:0989H         LINE#         50
  C:0989H         LINE#         51
  C:0989H         LINE#         52
  C:0994H         LINE#         53
  C:099BH         LINE#         54
  C:09A6H         LINE#         55
  C:09ACH         LINE#         56
  C:09B7H         LINE#         57
  C:09BCH         LINE#         58
  C:09C7H         LINE#         59
  C:09CDH         LINE#         60
  C:09D2H         LINE#         61
  C:09D9H         LINE#         62
  C:09DEH         LINE#         63
  C:09E5H         LINE#         64
  C:09F1H         LINE#         65
  C:09F8H         LINE#         66
  C:0A05H         LINE#         67
  -------         ENDPROC       DISPLAY_SHOW
  -------         PROC          YUEADD
  C:0B92H         LINE#         70
  C:0B92H         LINE#         71
  C:0B92H         LINE#         72
  C:0B94H         LINE#         73
  C:0B9BH         LINE#         74
  C:0B9BH         LINE#         75
  C:0B9EH         LINE#         76
BL51 BANKED LINKER/LOCATER V6.22                                                      11/12/2023  20:43:40  PAGE 9


  C:0B9EH         LINE#         77
  -------         ENDPROC       YUEADD
  -------         ENDMOD        SMG

  -------         MODULE        KEY
  C:0000H         SYMBOL        _ICE_DUMMY_
  B:0080H.2       PUBLIC        L3
  B:0080H.3       PUBLIC        L4
  D:0080H         PUBLIC        P0
  D:0090H         PUBLIC        P1
  D:00A0H         PUBLIC        P2
  D:00B0H         PUBLIC        P3
  D:00C0H         PUBLIC        P4
  C:0A79H         PUBLIC        ScanKey_Alone
  D:00C8H         PUBLIC        P5
  D:00E8H         PUBLIC        P6
  B:00B0H.3       PUBLIC        S4
  D:00F8H         PUBLIC        P7
  B:00B0H.2       PUBLIC        S5
  B:00B0H.1       PUBLIC        S6
  C:0800H         PUBLIC        Key_Read
  B:00B0H.0       PUBLIC        S7
  D:00A8H         PUBLIC        IE
  D:00B8H         PUBLIC        IP
  D:00D8H         PUBLIC        CCON
  B:00B0H.0       PUBLIC        P30
  D:0098H         PUBLIC        SCON
  B:00B0H.1       PUBLIC        P31
  D:0088H         PUBLIC        TCON
  B:00B0H.2       PUBLIC        P32
  B:00B0H.3       PUBLIC        P33
  B:00B0H.4       PUBLIC        P34
  B:00B0H.5       PUBLIC        P35
  B:00B0H.6       PUBLIC        P36
  B:00B0H.7       PUBLIC        P37
  D:000DH         PUBLIC        Key_Num
  D:00D0H         PUBLIC        PSW
  B:0080H.0       PUBLIC        L1
  B:0080H.1       PUBLIC        L2
  -------         PROC          SCANKEY_ALONE
  C:0A79H         LINE#         13
  C:0A79H         LINE#         14
  C:0A79H         LINE#         15
  C:0A7CH         LINE#         16
  C:0A7CH         LINE#         17
  C:0A83H         LINE#         18
  C:0A86H         LINE#         19
  C:0A86H         LINE#         20
  C:0A88H         LINE#         21
  C:0A8BH         LINE#         22
  C:0A8DH         LINE#         23
  C:0A8DH         LINE#         24
  C:0A8DH         LINE#         25
  C:0A90H         LINE#         26
  C:0A90H         LINE#         27
  C:0A97H         LINE#         28
  C:0A9AH         LINE#         29
BL51 BANKED LINKER/LOCATER V6.22                                                      11/12/2023  20:43:40  PAGE 10


  C:0A9AH         LINE#         30
  C:0A9CH         LINE#         31
  C:0A9FH         LINE#         32
  C:0AA1H         LINE#         33
  C:0AA1H         LINE#         34
  C:0AA1H         LINE#         35
  C:0AA4H         LINE#         36
  C:0AA4H         LINE#         37
  C:0AABH         LINE#         38
  C:0AAEH         LINE#         39
  C:0AAEH         LINE#         40
  C:0AB0H         LINE#         41
  C:0AB3H         LINE#         42
  C:0AB5H         LINE#         43
  C:0AB5H         LINE#         44
  C:0AB5H         LINE#         45
  C:0AB8H         LINE#         46
  C:0AB8H         LINE#         47
  C:0ABFH         LINE#         48
  C:0AC2H         LINE#         49
  C:0AC2H         LINE#         50
  C:0AC4H         LINE#         51
  C:0AC7H         LINE#         52
  C:0AC9H         LINE#         53
  C:0AC9H         LINE#         54
  C:0AC9H         LINE#         55
  -------         ENDPROC       SCANKEY_ALONE
  -------         PROC          KEY_READ
  C:0800H         LINE#         59
  C:0800H         LINE#         60
  C:0800H         LINE#         62
  C:0808H         LINE#         63
  C:0810H         LINE#         64
  C:0813H         LINE#         65
  C:0813H         LINE#         66
  C:081AH         LINE#         67
  C:0820H         LINE#         68
  C:0825H         LINE#         70
  C:0828H         LINE#         71
  C:0828H         LINE#         72
  C:082FH         LINE#         73
  C:0835H         LINE#         74
  C:083AH         LINE#         76
  C:083DH         LINE#         77
  C:083DH         LINE#         78
  C:0844H         LINE#         79
  C:084AH         LINE#         80
  C:084FH         LINE#         82
  C:0852H         LINE#         83
  C:0852H         LINE#         84
  C:0859H         LINE#         85
  C:085FH         LINE#         86
  C:0862H         LINE#         87
  C:0862H         LINE#         88
  C:086AH         LINE#         89
  C:0872H         LINE#         90
  C:0875H         LINE#         91
BL51 BANKED LINKER/LOCATER V6.22                                                      11/12/2023  20:43:40  PAGE 11


  C:0875H         LINE#         92
  C:087CH         LINE#         93
  C:0882H         LINE#         94
  C:0887H         LINE#         96
  C:088AH         LINE#         97
  C:088AH         LINE#         98
  C:0891H         LINE#         99
  C:0897H         LINE#         100
  C:089CH         LINE#         102
  C:089FH         LINE#         103
  C:089FH         LINE#         104
  C:08A6H         LINE#         105
  C:08ACH         LINE#         106
  C:08B1H         LINE#         108
  C:08B4H         LINE#         109
  C:08B4H         LINE#         110
  C:08BBH         LINE#         111
  C:08C1H         LINE#         112
  C:08C4H         LINE#         113
  C:08C4H         LINE#         114
  C:08CCH         LINE#         115
  C:08D4H         LINE#         116
  C:08D7H         LINE#         117
  C:08D7H         LINE#         118
  C:08DEH         LINE#         119
  C:08E4H         LINE#         120
  C:08E9H         LINE#         122
  C:08ECH         LINE#         123
  C:08ECH         LINE#         124
  C:08F3H         LINE#         125
  C:08F9H         LINE#         126
  C:08FEH         LINE#         128
  C:0901H         LINE#         129
  C:0901H         LINE#         130
  C:0908H         LINE#         131
  C:090EH         LINE#         132
  C:0913H         LINE#         134
  C:0916H         LINE#         135
  C:0916H         LINE#         136
  C:091DH         LINE#         137
  C:0923H         LINE#         138
  C:0926H         LINE#         139
  C:0926H         LINE#         140
  C:092EH         LINE#         141
  C:0936H         LINE#         142
  C:0939H         LINE#         143
  C:0939H         LINE#         144
  C:0940H         LINE#         145
  C:0946H         LINE#         146
  C:094BH         LINE#         148
  C:094EH         LINE#         149
  C:094EH         LINE#         150
  C:0955H         LINE#         151
  C:095BH         LINE#         152
  C:0960H         LINE#         154
  C:0963H         LINE#         155
  C:0963H         LINE#         156
BL51 BANKED LINKER/LOCATER V6.22                                                      11/12/2023  20:43:40  PAGE 12


  C:096AH         LINE#         157
  C:0970H         LINE#         158
  C:0975H         LINE#         160
  C:0978H         LINE#         161
  C:0978H         LINE#         162
  C:097FH         LINE#         163
  C:0985H         LINE#         164
  C:0988H         LINE#         165
  C:0988H         LINE#         166
  -------         ENDPROC       KEY_READ
  -------         ENDMOD        KEY

*** WARNING L16: UNCALLED SEGMENT, IGNORED FOR OVERLAY PROCESS
    SEGMENT: ?PR?_LED_SHOW?LED

*** WARNING L16: UNCALLED SEGMENT, IGNORED FOR OVERLAY PROCESS
    SEGMENT: ?PR?LED_ALL_ON?LED

*** WARNING L16: UNCALLED SEGMENT, IGNORED FOR OVERLAY PROCESS
    SEGMENT: ?PR?BUZZ_ON?BUZZ

*** WARNING L16: UNCALLED SEGMENT, IGNORED FOR OVERLAY PROCESS
    SEGMENT: ?PR?BUZZ_OFF?BUZZ

*** WARNING L16: UNCALLED SEGMENT, IGNORED FOR OVERLAY PROCESS
    SEGMENT: ?PR?REALY_ON?RELAY

*** WARNING L16: UNCALLED SEGMENT, IGNORED FOR OVERLAY PROCESS
    SEGMENT: ?PR?REALY_OFF?RELAY

*** WARNING L16: UNCALLED SEGMENT, IGNORED FOR OVERLAY PROCESS
    SEGMENT: ?PR?SHOW1?SMG

*** WARNING L16: UNCALLED SEGMENT, IGNORED FOR OVERLAY PROCESS
    SEGMENT: ?PR?SHOW2?SMG

*** WARNING L16: UNCALLED SEGMENT, IGNORED FOR OVERLAY PROCESS
    SEGMENT: ?PR?DISPLAY_SHOW?SMG

*** WARNING L16: UNCALLED SEGMENT, IGNORED FOR OVERLAY PROCESS
    SEGMENT: ?PR?YUEADD?SMG

*** WARNING L16: UNCALLED SEGMENT, IGNORED FOR OVERLAY PROCESS
    SEGMENT: ?PR?SCANKEY_ALONE?KEY

******************************************************************************
* RESTRICTED VERSION WITH 0800H BYTE CODE SIZE LIMIT; USED: 040BH BYTE (50%) *
******************************************************************************

Program Size: data=15.0 xdata=0 code=1050
LINK/LOCATE RUN COMPLETE.  11 WARNING(S),  0 ERROR(S)
