BL51 BANKED LINKER/LOCATER V6.22                                                        11/12/2023  11:50:45  PAGE 1


BL51 BANKED LINKER/LOCATER V6.22, INVOKED BY:
D:\KEIL5\KEIL5.1\C51\BIN\BL51.EXE .\Objects\main.obj, .\Objects\LED.obj, .\Objects\buzz.obj, .\Objects\sys.obj, .\Object
>> s\relay.obj, .\Objects\SMG.obj, .\Objects\key.obj, .\Objects\exit.obj, .\Objects\Timer0.obj TO .\Objects\test PRINT (
>> .\Listings\test.m51) RAMSIZE (256)


MEMORY MODEL: SMALL


INPUT MODULES INCLUDED:
  .\Objects\main.obj (MAIN)
  .\Objects\LED.obj (LED)
  .\Objects\buzz.obj (BUZZ)
  .\Objects\sys.obj (SYS)
  .\Objects\relay.obj (RELAY)
  .\Objects\SMG.obj (SMG)
  .\Objects\key.obj (KEY)
  .\Objects\exit.obj (EXIT)
  .\Objects\Timer0.obj (TIMER0)
  D:\KEIL5\KEIL5.1\C51\LIB\C51S.LIB (?C_STARTUP)
  D:\KEIL5\KEIL5.1\C51\LIB\C51S.LIB (?C_INIT)


LINK MAP OF MODULE:  .\Objects\test (MAIN)


            TYPE    BASE      LENGTH    RELOCATION   SEGMENT NAME
            -----------------------------------------------------

            * * * * * * *   D A T A   M E M O R Y   * * * * * * *
            REG     0000H     0008H     ABSOLUTE     "REG BANK 0"
            DATA    0008H     0002H     UNIT         ?DT?_SMG_SHOW?SMG
            DATA    000AH     0002H     UNIT         ?DT?SHOW1?SMG
            DATA    000CH     0001H     UNIT         ?DT?_LED_SHOW?LED
            DATA    000DH     0001H     UNIT         ?DT?SHOW2?SMG
            DATA    000EH     0001H     UNIT         ?DT?SMG
            DATA    000FH     0001H     UNIT         ?DT?KEY
            DATA    0010H     0001H     UNIT         ?DT?EXIT
            DATA    0011H     0001H     UNIT         ?DT?TIMER0
            IDATA   0012H     0001H     UNIT         ?STACK

            * * * * * * *   C O D E   M E M O R Y   * * * * * * *
            CODE    0000H     0003H     ABSOLUTE     
            CODE    0003H     0003H     ABSOLUTE     
                    0006H     0005H                  *** GAP ***
            CODE    000BH     0003H     ABSOLUTE     
                    000EH     07F2H                  *** GAP ***
            CODE    0800H     008CH     UNIT         ?C_C51STARTUP
            CODE    088CH     0087H     UNIT         ?PR?DISPLAY_SHOW?SMG
            CODE    0913H     006DH     UNIT         ?PR?_INIT_HC138?SYS
            CODE    0980H     0054H     UNIT         ?PR?KEY_READ?KEY
            CODE    09D4H     0051H     UNIT         ?PR?SCANKEY_ALONE?KEY
            CODE    0A25H     002EH     UNIT         ?PR?_LED_SHOW?LED
            CODE    0A53H     002CH     UNIT         ?PR?SHOW1?SMG
            CODE    0A7FH     0028H     UNIT         ?PR?TIMER0_INTRRUPT?TIMER0
            CODE    0AA7H     0027H     UNIT         ?PR?_SMG_SHOW?SMG
            CODE    0ACEH     0026H     UNIT         ?PR?SHOW2?SMG
            CODE    0AF4H     001CH     UNIT         ?PR?LED_WORK?LED
BL51 BANKED LINKER/LOCATER V6.22                                                      11/12/2023  11:50:45  PAGE 2


            CODE    0B10H     001CH     UNIT         ?PR?TIMER0_INIT?TIMER0
            CODE    0B2CH     0017H     UNIT         ?PR?MAIN?MAIN
            CODE    0B43H     0014H     UNIT         ?PR?_DELAY?SYS
            CODE    0B57H     0013H     UNIT         ?PR?YUEADD?SMG
            CODE    0B6AH     0012H     UNIT         ?CO?SMG
            CODE    0B7CH     000AH     UNIT         ?PR?SMG_INIT?SMG
            CODE    0B86H     0009H     UNIT         ?PR?LED_ALL_ON?LED
            CODE    0B8FH     0009H     UNIT         ?PR?LED_ALL_OFF?LED
            CODE    0B98H     0009H     UNIT         ?PR?EXIT_INIT?EXIT
            CODE    0BA1H     0008H     UNIT         ?PR?LED_INIT?LED
            CODE    0BA9H     0008H     UNIT         ?PR?BUZZ_INIT?BUZZ
            CODE    0BB1H     0008H     UNIT         ?PR?BUZZ_ON?BUZZ
            CODE    0BB9H     0008H     UNIT         ?PR?BUZZ_OFF?BUZZ
            CODE    0BC1H     0008H     UNIT         ?PR?REALY_INIT?RELAY
            CODE    0BC9H     0008H     UNIT         ?PR?REALY_ON?RELAY
            CODE    0BD1H     0008H     UNIT         ?PR?REALY_OFF?RELAY
            CODE    0BD9H     0004H     UNIT         ?PR?INTERRUPT0?EXIT
            CODE    0BDDH     0004H     UNIT         ?C_INITSEG



OVERLAY MAP OF MODULE:   .\Objects\test (MAIN)


SEGMENT
  +--> CALLED SEGMENT
---------------------
?C_C51STARTUP
  +--> ?PR?MAIN?MAIN
  +--> ?C_INITSEG

?PR?MAIN?MAIN
  +--> ?PR?LED_INIT?LED
  +--> ?PR?BUZZ_INIT?BUZZ
  +--> ?PR?REALY_INIT?RELAY
  +--> ?PR?SMG_INIT?SMG
  +--> ?PR?EXIT_INIT?EXIT
  +--> ?PR?TIMER0_INIT?TIMER0
  +--> ?PR?LED_WORK?LED

?PR?LED_INIT?LED
  +--> ?PR?_INIT_HC138?SYS
  +--> ?PR?LED_ALL_OFF?LED

?PR?LED_ALL_OFF?LED
  +--> ?PR?_INIT_HC138?SYS

?PR?BUZZ_INIT?BUZZ
  +--> ?PR?_INIT_HC138?SYS

?PR?REALY_INIT?RELAY
  +--> ?PR?_INIT_HC138?SYS

?PR?SMG_INIT?SMG
  +--> ?PR?_INIT_HC138?SYS

?PR?LED_WORK?LED
BL51 BANKED LINKER/LOCATER V6.22                                                      11/12/2023  11:50:45  PAGE 3


  +--> ?PR?_INIT_HC138?SYS
  +--> ?PR?_DELAY?SYS



SYMBOL TABLE OF MODULE:  .\Objects\test (MAIN)

  VALUE           TYPE          NAME
  ----------------------------------

  -------         MODULE        MAIN
  C:0000H         SYMBOL        _ICE_DUMMY_
  D:0080H         PUBLIC        P0
  D:0090H         PUBLIC        P1
  D:00A0H         PUBLIC        P2
  D:00B0H         PUBLIC        P3
  D:00C0H         PUBLIC        P4
  D:00C8H         PUBLIC        P5
  D:00E8H         PUBLIC        P6
  D:00F8H         PUBLIC        P7
  D:00A8H         PUBLIC        IE
  D:00B8H         PUBLIC        IP
  D:00D8H         PUBLIC        CCON
  C:0B2CH         PUBLIC        main
  D:0098H         PUBLIC        SCON
  D:0088H         PUBLIC        TCON
  D:00D0H         PUBLIC        PSW
  -------         PROC          MAIN
  C:0B2CH         LINE#         4
  C:0B2CH         LINE#         5
  C:0B2CH         LINE#         6
  C:0B2FH         LINE#         7
  C:0B32H         LINE#         8
  C:0B35H         LINE#         9
  C:0B38H         LINE#         10
  C:0B3BH         LINE#         11
  C:0B3EH         LINE#         12
  C:0B3EH         LINE#         13
  C:0B3EH         LINE#         15
  C:0B41H         LINE#         17
  -------         ENDPROC       MAIN
  -------         ENDMOD        MAIN

  -------         MODULE        LED
  C:0000H         SYMBOL        _ICE_DUMMY_
  D:0080H         PUBLIC        P0
  D:0090H         PUBLIC        P1
  D:00A0H         PUBLIC        P2
  D:00B0H         PUBLIC        P3
  D:00C0H         PUBLIC        P4
  D:00C8H         PUBLIC        P5
  D:00E8H         PUBLIC        P6
  D:00F8H         PUBLIC        P7
  C:0B86H         PUBLIC        LED_ALL_ON
  D:00A8H         PUBLIC        IE
  D:00B8H         PUBLIC        IP
  D:00D8H         PUBLIC        CCON
BL51 BANKED LINKER/LOCATER V6.22                                                      11/12/2023  11:50:45  PAGE 4


  D:0098H         PUBLIC        SCON
  D:0088H         PUBLIC        TCON
  C:0B8FH         PUBLIC        LED_ALL_OFF
  C:0BA1H         PUBLIC        LED_Init
  C:0AF4H         PUBLIC        LED_Work
  C:0A25H         PUBLIC        _LED_SHOW
  D:00D0H         PUBLIC        PSW
  B:0080H.0       PUBLIC        L1
  -------         PROC          LED_WORK
  C:0AF4H         LINE#         15
  C:0AF4H         LINE#         16
  C:0AF4H         LINE#         17
  C:0AF9H         LINE#         18
  C:0AFBH         LINE#         19
  C:0B02H         LINE#         20
  C:0B07H         LINE#         21
  C:0B09H         LINE#         22
  -------         ENDPROC       LED_WORK
  -------         PROC          _LED_SHOW
  D:000CH         SYMBOL        num
  C:0A25H         LINE#         38
  C:0A27H         LINE#         39
  C:0A27H         LINE#         40
  C:0A34H         LINE#         41
  C:0A34H         LINE#         42
  C:0A39H         LINE#         43
  C:0A49H         LINE#         44
  C:0A4AH         LINE#         46
  C:0A4AH         LINE#         47
  C:0A4FH         LINE#         48
  C:0A52H         LINE#         49
  C:0A52H         LINE#         50
  -------         ENDPROC       _LED_SHOW
  -------         PROC          LED_INIT
  C:0BA1H         LINE#         52
  C:0BA1H         LINE#         53
  C:0BA1H         LINE#         54
  C:0BA6H         LINE#         55
  -------         ENDPROC       LED_INIT
  -------         PROC          LED_ALL_ON
  C:0B86H         LINE#         58
  C:0B86H         LINE#         59
  C:0B86H         LINE#         60
  C:0B8BH         LINE#         61
  C:0B8EH         LINE#         62
  -------         ENDPROC       LED_ALL_ON
  -------         PROC          LED_ALL_OFF
  C:0B8FH         LINE#         64
  C:0B8FH         LINE#         65
  C:0B8FH         LINE#         66
  C:0B94H         LINE#         67
  C:0B97H         LINE#         68
  -------         ENDPROC       LED_ALL_OFF
  -------         ENDMOD        LED

  -------         MODULE        BUZZ
  C:0000H         SYMBOL        _ICE_DUMMY_
BL51 BANKED LINKER/LOCATER V6.22                                                      11/12/2023  11:50:45  PAGE 5


  D:0080H         PUBLIC        P0
  D:0090H         PUBLIC        P1
  D:00A0H         PUBLIC        P2
  D:00B0H         PUBLIC        P3
  D:00C0H         PUBLIC        P4
  D:00C8H         PUBLIC        P5
  D:00E8H         PUBLIC        P6
  D:00F8H         PUBLIC        P7
  C:0BB9H         PUBLIC        BUZZ_OFF
  D:00A8H         PUBLIC        IE
  D:00B8H         PUBLIC        IP
  D:00D8H         PUBLIC        CCON
  D:0098H         PUBLIC        SCON
  D:0088H         PUBLIC        TCON
  C:0BA9H         PUBLIC        BUZZ_Init
  C:0BB1H         PUBLIC        BUZZ_ON
  B:0080H.7       PUBLIC        buzz
  D:00D0H         PUBLIC        PSW
  -------         PROC          BUZZ_INIT
  C:0BA9H         LINE#         4
  C:0BA9H         LINE#         5
  C:0BA9H         LINE#         6
  C:0BAEH         LINE#         7
  C:0BB0H         LINE#         8
  -------         ENDPROC       BUZZ_INIT
  -------         PROC          BUZZ_ON
  C:0BB1H         LINE#         9
  C:0BB1H         LINE#         10
  C:0BB1H         LINE#         11
  C:0BB6H         LINE#         12
  C:0BB8H         LINE#         13
  -------         ENDPROC       BUZZ_ON
  -------         PROC          BUZZ_OFF
  C:0BB9H         LINE#         14
  C:0BB9H         LINE#         15
  C:0BB9H         LINE#         16
  C:0BBEH         LINE#         17
  C:0BC0H         LINE#         18
  -------         ENDPROC       BUZZ_OFF
  -------         ENDMOD        BUZZ

  -------         MODULE        SYS
  C:0000H         SYMBOL        _ICE_DUMMY_
  D:0080H         PUBLIC        P0
  D:0090H         PUBLIC        P1
  D:00A0H         PUBLIC        P2
  D:00B0H         PUBLIC        P3
  D:00C0H         PUBLIC        P4
  D:00C8H         PUBLIC        P5
  D:00E8H         PUBLIC        P6
  D:00F8H         PUBLIC        P7
  D:00A8H         PUBLIC        IE
  D:00B8H         PUBLIC        IP
  C:0913H         PUBLIC        _Init_HC138
  D:00D8H         PUBLIC        CCON
  D:0098H         PUBLIC        SCON
  D:0088H         PUBLIC        TCON
BL51 BANKED LINKER/LOCATER V6.22                                                      11/12/2023  11:50:45  PAGE 6


  C:0B43H         PUBLIC        _Delay
  D:00D0H         PUBLIC        PSW
  -------         PROC          _DELAY
  D:0006H         SYMBOL        ms
  -------         DO            
  D:0005H         SYMBOL        i
  D:0004H         SYMBOL        j
  -------         ENDDO         
  C:0B43H         LINE#         15
  C:0B43H         LINE#         16
  C:0B43H         LINE#         18
  C:0B47H         LINE#         19
  C:0B47H         LINE#         20
  C:0B49H         LINE#         21
  C:0B4BH         LINE#         23
  C:0B4BH         LINE#         24
  C:0B4DH         LINE#         25
  C:0B4FH         LINE#         26
  C:0B54H         LINE#         27
  C:0B56H         LINE#         28
  -------         ENDPROC       _DELAY
  -------         PROC          _INIT_HC138
  D:0007H         SYMBOL        n
  C:0913H         LINE#         43
  C:0913H         LINE#         44
  C:0913H         LINE#         45
  C:0938H         LINE#         46
  C:0938H         LINE#         47
  C:0938H         LINE#         48
  C:0940H         LINE#         49
  C:0941H         LINE#         50
  C:0941H         LINE#         51
  C:0949H         LINE#         52
  C:094AH         LINE#         53
  C:094AH         LINE#         54
  C:0952H         LINE#         55
  C:0953H         LINE#         56
  C:0953H         LINE#         57
  C:095BH         LINE#         58
  C:095CH         LINE#         59
  C:095CH         LINE#         60
  C:0964H         LINE#         61
  C:0965H         LINE#         62
  C:0965H         LINE#         63
  C:096DH         LINE#         64
  C:096EH         LINE#         65
  C:096EH         LINE#         66
  C:0976H         LINE#         67
  C:0977H         LINE#         68
  C:0977H         LINE#         69
  C:097FH         LINE#         70
  C:097FH         LINE#         71
  C:097FH         LINE#         72
  -------         ENDPROC       _INIT_HC138
  -------         ENDMOD        SYS

  -------         MODULE        RELAY
BL51 BANKED LINKER/LOCATER V6.22                                                      11/12/2023  11:50:45  PAGE 7


  C:0000H         SYMBOL        _ICE_DUMMY_
  D:0080H         PUBLIC        P0
  D:0090H         PUBLIC        P1
  D:00A0H         PUBLIC        P2
  D:00B0H         PUBLIC        P3
  D:00C0H         PUBLIC        P4
  D:00C8H         PUBLIC        P5
  D:00E8H         PUBLIC        P6
  D:00F8H         PUBLIC        P7
  D:00A8H         PUBLIC        IE
  D:00B8H         PUBLIC        IP
  B:0080H.5       PUBLIC        relay
  D:00D8H         PUBLIC        CCON
  D:0098H         PUBLIC        SCON
  D:0088H         PUBLIC        TCON
  C:0BD1H         PUBLIC        Realy_OFF
  C:0BC1H         PUBLIC        Realy_Init
  D:00D0H         PUBLIC        PSW
  C:0BC9H         PUBLIC        Realy_ON
  -------         PROC          REALY_INIT
  C:0BC1H         LINE#         4
  C:0BC1H         LINE#         5
  C:0BC1H         LINE#         6
  C:0BC6H         LINE#         7
  C:0BC8H         LINE#         8
  -------         ENDPROC       REALY_INIT
  -------         PROC          REALY_ON
  C:0BC9H         LINE#         9
  C:0BC9H         LINE#         10
  C:0BC9H         LINE#         11
  C:0BCEH         LINE#         12
  C:0BD0H         LINE#         13
  -------         ENDPROC       REALY_ON
  -------         PROC          REALY_OFF
  C:0BD1H         LINE#         14
  C:0BD1H         LINE#         15
  C:0BD1H         LINE#         16
  C:0BD6H         LINE#         17
  C:0BD8H         LINE#         18
  -------         ENDPROC       REALY_OFF
  -------         ENDMOD        RELAY

  -------         MODULE        SMG
  C:0000H         SYMBOL        _ICE_DUMMY_
  D:0080H         PUBLIC        P0
  D:0090H         PUBLIC        P1
  D:00A0H         PUBLIC        P2
  D:00B0H         PUBLIC        P3
  D:00C0H         PUBLIC        P4
  D:00C8H         PUBLIC        P5
  D:00E8H         PUBLIC        P6
  D:00F8H         PUBLIC        P7
  D:00A8H         PUBLIC        IE
  D:00B8H         PUBLIC        IP
  C:088CH         PUBLIC        display_show
  D:00D8H         PUBLIC        CCON
  D:0098H         PUBLIC        SCON
BL51 BANKED LINKER/LOCATER V6.22                                                      11/12/2023  11:50:45  PAGE 8


  D:0088H         PUBLIC        TCON
  C:0B57H         PUBLIC        YueAdd
  C:0B7CH         PUBLIC        SMG_Init
  C:0AADH         PUBLIC        _SMG_Show
  D:000EH         PUBLIC        yu
  C:0A53H         PUBLIC        show1
  C:0ACEH         PUBLIC        show2
  C:0B6AH         PUBLIC        daunma
  D:00D0H         PUBLIC        PSW
  -------         PROC          SMG_INIT
  C:0B7CH         LINE#         5
  C:0B7CH         LINE#         6
  C:0B7CH         LINE#         7
  C:0B81H         LINE#         8
  -------         ENDPROC       SMG_INIT
  -------         PROC          L?0019
  -------         ENDPROC       L?0019
  -------         PROC          _SMG_SHOW
  D:0008H         SYMBOL        pos
  D:0009H         SYMBOL        date
  C:0AADH         LINE#         11
  C:0AB1H         LINE#         12
  C:0AB1H         LINE#         13
  C:0AB6H         LINE#         14
  C:0AC5H         LINE#         15
  C:0ACAH         LINE#         16
  C:0ACDH         LINE#         17
  -------         ENDPROC       _SMG_SHOW
  -------         PROC          SHOW1
  -------         DO            
  D:000AH         SYMBOL        i
  D:000BH         SYMBOL        j
  -------         ENDDO         
  C:0A53H         LINE#         19
  C:0A53H         LINE#         20
  C:0A53H         LINE#         22
  C:0A56H         LINE#         23
  C:0A56H         LINE#         24
  C:0A59H         LINE#         25
  C:0A59H         LINE#         26
  C:0A65H         LINE#         27
  C:0A6CH         LINE#         28
  C:0A75H         LINE#         29
  C:0A7EH         LINE#         30
  -------         ENDPROC       SHOW1
  -------         PROC          SHOW2
  -------         DO            
  D:000DH         SYMBOL        j
  -------         ENDDO         
  C:0ACEH         LINE#         32
  C:0ACEH         LINE#         33
  C:0ACEH         LINE#         36
  C:0AD1H         LINE#         37
  C:0AD1H         LINE#         38
  C:0AD4H         LINE#         39
  C:0ADBH         LINE#         40
  C:0AE3H         LINE#         41
BL51 BANKED LINKER/LOCATER V6.22                                                      11/12/2023  11:50:45  PAGE 9


  C:0AEAH         LINE#         42
  C:0AF3H         LINE#         44
  -------         ENDPROC       SHOW2
  -------         PROC          DISPLAY_SHOW
  C:088CH         LINE#         48
  C:088CH         LINE#         49
  C:088CH         LINE#         50
  C:0897H         LINE#         51
  C:089EH         LINE#         52
  C:08A9H         LINE#         53
  C:08B0H         LINE#         54
  C:08BBH         LINE#         55
  C:08C2H         LINE#         56
  C:08CDH         LINE#         57
  C:08D4H         LINE#         58
  C:08D9H         LINE#         59
  C:08E0H         LINE#         60
  C:08E5H         LINE#         61
  C:08ECH         LINE#         62
  C:08F8H         LINE#         63
  C:08FFH         LINE#         64
  C:090CH         LINE#         65
  -------         ENDPROC       DISPLAY_SHOW
  -------         PROC          YUEADD
  C:0B57H         LINE#         68
  C:0B57H         LINE#         69
  C:0B57H         LINE#         70
  C:0B59H         LINE#         71
  C:0B60H         LINE#         72
  C:0B60H         LINE#         73
  C:0B63H         LINE#         74
  C:0B63H         LINE#         75
  -------         ENDPROC       YUEADD
  -------         ENDMOD        SMG

  -------         MODULE        KEY
  C:0000H         SYMBOL        _ICE_DUMMY_
  B:0080H.2       PUBLIC        L3
  B:0080H.3       PUBLIC        L4
  D:0080H         PUBLIC        P0
  D:0090H         PUBLIC        P1
  D:00A0H         PUBLIC        P2
  D:00B0H         PUBLIC        P3
  D:00C0H         PUBLIC        P4
  C:09D4H         PUBLIC        ScanKey_Alone
  D:00C8H         PUBLIC        P5
  D:00E8H         PUBLIC        P6
  B:00B0H.3       PUBLIC        S4
  D:00F8H         PUBLIC        P7
  B:00B0H.2       PUBLIC        S5
  B:00B0H.1       PUBLIC        S6
  C:0980H         PUBLIC        Key_Read
  B:00B0H.0       PUBLIC        S7
  D:00A8H         PUBLIC        IE
  D:00B8H         PUBLIC        IP
  D:00D8H         PUBLIC        CCON
  B:00B0H.0       PUBLIC        P30
BL51 BANKED LINKER/LOCATER V6.22                                                      11/12/2023  11:50:45  PAGE 10


  D:0098H         PUBLIC        SCON
  B:00B0H.1       PUBLIC        P31
  D:0088H         PUBLIC        TCON
  B:00B0H.2       PUBLIC        P32
  B:00C0H.2       PUBLIC        P42
  B:00B0H.3       PUBLIC        P33
  B:00B0H.4       PUBLIC        P34
  B:00C0H.4       PUBLIC        P44
  B:00B0H.5       PUBLIC        P35
  D:000FH         PUBLIC        Key_Num
  D:00D0H         PUBLIC        PSW
  B:0080H.0       PUBLIC        L1
  B:0080H.1       PUBLIC        L2
  -------         PROC          SCANKEY_ALONE
  C:09D4H         LINE#         15
  C:09D4H         LINE#         16
  C:09D4H         LINE#         17
  C:09D7H         LINE#         18
  C:09D7H         LINE#         19
  C:09DEH         LINE#         20
  C:09E1H         LINE#         21
  C:09E1H         LINE#         22
  C:09E3H         LINE#         23
  C:09E6H         LINE#         24
  C:09E8H         LINE#         25
  C:09E8H         LINE#         26
  C:09E8H         LINE#         27
  C:09EBH         LINE#         28
  C:09EBH         LINE#         29
  C:09F2H         LINE#         30
  C:09F5H         LINE#         31
  C:09F5H         LINE#         32
  C:09F7H         LINE#         33
  C:09FAH         LINE#         34
  C:09FCH         LINE#         35
  C:09FCH         LINE#         36
  C:09FCH         LINE#         37
  C:09FFH         LINE#         38
  C:09FFH         LINE#         39
  C:0A06H         LINE#         40
  C:0A09H         LINE#         41
  C:0A09H         LINE#         42
  C:0A0BH         LINE#         43
  C:0A0EH         LINE#         44
  C:0A10H         LINE#         45
  C:0A10H         LINE#         46
  C:0A10H         LINE#         47
  C:0A13H         LINE#         48
  C:0A13H         LINE#         49
  C:0A1AH         LINE#         50
  C:0A1DH         LINE#         51
  C:0A1DH         LINE#         52
  C:0A1FH         LINE#         53
  C:0A22H         LINE#         54
  C:0A24H         LINE#         55
  C:0A24H         LINE#         56
  C:0A24H         LINE#         57
BL51 BANKED LINKER/LOCATER V6.22                                                      11/12/2023  11:50:45  PAGE 11


  -------         ENDPROC       SCANKEY_ALONE
  -------         PROC          KEY_READ
  C:0980H         LINE#         60
  C:0980H         LINE#         61
  C:0980H         LINE#         63
  C:0988H         LINE#         64
  C:0990H         LINE#         65
  C:0993H         LINE#         66
  C:0993H         LINE#         67
  C:099AH         LINE#         68
  C:09A0H         LINE#         69
  C:09A1H         LINE#         70
  C:09A4H         LINE#         71
  C:09A4H         LINE#         72
  C:09ABH         LINE#         73
  C:09B1H         LINE#         74
  C:09B2H         LINE#         75
  C:09B5H         LINE#         76
  C:09B5H         LINE#         77
  C:09BCH         LINE#         78
  C:09C2H         LINE#         79
  C:09C3H         LINE#         80
  C:09C6H         LINE#         81
  C:09C6H         LINE#         82
  C:09CDH         LINE#         83
  C:09D3H         LINE#         84
  C:09D3H         LINE#         86
  -------         ENDPROC       KEY_READ
  -------         ENDMOD        KEY

  -------         MODULE        EXIT
  C:0000H         SYMBOL        _ICE_DUMMY_
  D:0080H         PUBLIC        P0
  D:0090H         PUBLIC        P1
  D:00A0H         PUBLIC        P2
  D:00B0H         PUBLIC        P3
  D:00C0H         PUBLIC        P4
  D:00C8H         PUBLIC        P5
  B:00A8H.7       PUBLIC        EA
  D:00E8H         PUBLIC        P6
  D:00F8H         PUBLIC        P7
  D:00A8H         PUBLIC        IE
  C:0B98H         PUBLIC        Exit_Init
  D:00B8H         PUBLIC        IP
  C:0BD9H         PUBLIC        interrupt0
  D:00D8H         PUBLIC        CCON
  D:0010H         PUBLIC        Flag_EX0
  D:0098H         PUBLIC        SCON
  D:0088H         PUBLIC        TCON
  B:0088H.0       PUBLIC        IT0
  B:00A8H.0       PUBLIC        EX0
  B:00B8H.0       PUBLIC        PX0
  D:00D0H         PUBLIC        PSW
  -------         PROC          EXIT_INIT
  C:0B98H         LINE#         2
  C:0B98H         LINE#         3
  C:0B98H         LINE#         4
BL51 BANKED LINKER/LOCATER V6.22                                                      11/12/2023  11:50:45  PAGE 12


  C:0B9AH         LINE#         5
  C:0B9CH         LINE#         6
  C:0B9EH         LINE#         7
  C:0BA0H         LINE#         8
  -------         ENDPROC       EXIT_INIT
  -------         PROC          INTERRUPT0
  C:0BD9H         LINE#         11
  C:0BD9H         LINE#         13
  C:0BDCH         LINE#         14
  -------         ENDPROC       INTERRUPT0
  -------         ENDMOD        EXIT

  -------         MODULE        TIMER0
  C:0000H         SYMBOL        _ICE_DUMMY_
  D:0080H         PUBLIC        P0
  D:0090H         PUBLIC        P1
  D:00A0H         PUBLIC        P2
  C:0A7FH         PUBLIC        Timer0_Intrrupt
  D:00B0H         PUBLIC        P3
  B:0080H.7       PUBLIC        L8
  D:00C0H         PUBLIC        P4
  D:00C8H         PUBLIC        P5
  B:00A8H.7       PUBLIC        EA
  D:00E8H         PUBLIC        P6
  D:00F8H         PUBLIC        P7
  D:00A8H         PUBLIC        IE
  D:00B8H         PUBLIC        IP
  D:00D8H         PUBLIC        CCON
  C:0B10H         PUBLIC        Timer0_Init
  D:0011H         PUBLIC        count
  D:0098H         PUBLIC        SCON
  D:0089H         PUBLIC        TMOD
  D:0088H         PUBLIC        TCON
  D:008EH         PUBLIC        AUXR
  B:00A8H.1       PUBLIC        ET0
  B:0088H.5       PUBLIC        TF0
  D:008CH         PUBLIC        TH0
  B:0088H.0       PUBLIC        IT0
  D:008AH         PUBLIC        TL0
  B:00B8H.1       PUBLIC        PT0
  B:0088H.4       PUBLIC        TR0
  D:00D0H         PUBLIC        PSW
  B:0080H.0       PUBLIC        L1
  -------         PROC          TIMER0_INIT
  C:0B10H         LINE#         15
  C:0B10H         LINE#         16
  C:0B10H         LINE#         17
  C:0B13H         LINE#         18
  C:0B16H         LINE#         19
  C:0B19H         LINE#         20
  C:0B1CH         LINE#         21
  C:0B1FH         LINE#         22
  C:0B21H         LINE#         23
  C:0B23H         LINE#         24
  C:0B25H         LINE#         25
  C:0B27H         LINE#         26
  C:0B29H         LINE#         27
BL51 BANKED LINKER/LOCATER V6.22                                                      11/12/2023  11:50:45  PAGE 13


  C:0B2BH         LINE#         28
  -------         ENDPROC       TIMER0_INIT
  -------         PROC          TIMER0_INTRRUPT
  C:0A7FH         LINE#         31
  C:0A85H         LINE#         33
  C:0A88H         LINE#         34
  C:0A8BH         LINE#         35
  C:0A8DH         LINE#         36
  C:0A97H         LINE#         37
  C:0A97H         LINE#         38
  C:0A99H         LINE#         39
  C:0A99H         LINE#         40
  C:0A9EH         LINE#         41
  C:0A9EH         LINE#         42
  C:0AA0H         LINE#         43
  C:0AA0H         LINE#         44
  -------         ENDPROC       TIMER0_INTRRUPT
  -------         ENDMOD        TIMER0

*** WARNING L16: UNCALLED SEGMENT, IGNORED FOR OVERLAY PROCESS
    SEGMENT: ?PR?_LED_SHOW?LED

*** WARNING L16: UNCALLED SEGMENT, IGNORED FOR OVERLAY PROCESS
    SEGMENT: ?PR?LED_ALL_ON?LED

*** WARNING L16: UNCALLED SEGMENT, IGNORED FOR OVERLAY PROCESS
    SEGMENT: ?PR?BUZZ_ON?BUZZ

*** WARNING L16: UNCALLED SEGMENT, IGNORED FOR OVERLAY PROCESS
    SEGMENT: ?PR?BUZZ_OFF?BUZZ

*** WARNING L16: UNCALLED SEGMENT, IGNORED FOR OVERLAY PROCESS
    SEGMENT: ?PR?REALY_ON?RELAY

*** WARNING L16: UNCALLED SEGMENT, IGNORED FOR OVERLAY PROCESS
    SEGMENT: ?PR?REALY_OFF?RELAY

*** WARNING L16: UNCALLED SEGMENT, IGNORED FOR OVERLAY PROCESS
    SEGMENT: ?PR?SHOW1?SMG

*** WARNING L16: UNCALLED SEGMENT, IGNORED FOR OVERLAY PROCESS
    SEGMENT: ?PR?SHOW2?SMG

*** WARNING L16: UNCALLED SEGMENT, IGNORED FOR OVERLAY PROCESS
    SEGMENT: ?PR?DISPLAY_SHOW?SMG

*** WARNING L16: UNCALLED SEGMENT, IGNORED FOR OVERLAY PROCESS
    SEGMENT: ?PR?YUEADD?SMG

*** WARNING L16: UNCALLED SEGMENT, IGNORED FOR OVERLAY PROCESS
    SEGMENT: ?PR?SCANKEY_ALONE?KEY

*** WARNING L16: UNCALLED SEGMENT, IGNORED FOR OVERLAY PROCESS
    SEGMENT: ?PR?KEY_READ?KEY

******************************************************************************
* RESTRICTED VERSION WITH 0800H BYTE CODE SIZE LIMIT; USED: 035AH BYTE (41%) *
BL51 BANKED LINKER/LOCATER V6.22                                                      11/12/2023  11:50:45  PAGE 14


******************************************************************************

Program Size: data=19.0 xdata=0 code=1002
LINK/LOCATE RUN COMPLETE.  12 WARNING(S),  0 ERROR(S)
