BL51 BANKED LINKER/LOCATER V6.22                                                        11/12/2023  20:33:13  PAGE 1


BL51 BANKED LINKER/LOCATER V6.22, INVOKED BY:
D:\KEIL5\KEIL5.1\C51\BIN\BL51.EXE .\Objects\main.obj, .\Objects\LED.obj, .\Objects\buzz.obj, .\Objects\sys.obj, .\Object
>> s\relay.obj TO .\Objects\test PRINT (.\Listings\test.m51) RAMSIZE (256)


MEMORY MODEL: SMALL


INPUT MODULES INCLUDED:
  .\Objects\main.obj (MAIN)
  .\Objects\LED.obj (LED)
  .\Objects\buzz.obj (BUZZ)
  .\Objects\sys.obj (SYS)
  .\Objects\relay.obj (RELAY)
  D:\KEIL5\KEIL5.1\C51\LIB\C51S.LIB (?C_STARTUP)


LINK MAP OF MODULE:  .\Objects\test (MAIN)


            TYPE    BASE      LENGTH    RELOCATION   SEGMENT NAME
            -----------------------------------------------------

            * * * * * * *   D A T A   M E M O R Y   * * * * * * *
            REG     0000H     0008H     ABSOLUTE     "REG BANK 0"
            DATA    0008H     0003H     UNIT         _DATA_GROUP_
            IDATA   000BH     0001H     UNIT         ?STACK

            * * * * * * *   C O D E   M E M O R Y   * * * * * * *
            CODE    0000H     0003H     ABSOLUTE     
                    0003H     07FDH                  *** GAP ***
            CODE    0800H     00A0H     UNIT         ?PR?MAIN?MAIN
            CODE    08A0H     006DH     UNIT         ?PR?_INIT_HC138?SYS
            CODE    090DH     002EH     UNIT         ?PR?_LED_SHOW?LED
            CODE    093BH     0014H     UNIT         ?PR?_DELAY?SYS
            CODE    094FH     000CH     UNIT         ?C_C51STARTUP
            CODE    095BH     0009H     UNIT         ?PR?LED_ALL_ON?LED
            CODE    0964H     0009H     UNIT         ?PR?LED_ALL_OFF?LED
            CODE    096DH     0008H     UNIT         ?PR?LED_INIT?LED
            CODE    0975H     0008H     UNIT         ?PR?BUZZ_INIT?BUZZ
            CODE    097DH     0008H     UNIT         ?PR?BUZZ_ON?BUZZ
            CODE    0985H     0008H     UNIT         ?PR?BUZZ_OFF?BUZZ
            CODE    098DH     0008H     UNIT         ?PR?REALY_INIT?RELAY
            CODE    0995H     0008H     UNIT         ?PR?REALY_ON?RELAY
            CODE    099DH     0008H     UNIT         ?PR?REALY_OFF?RELAY



OVERLAY MAP OF MODULE:   .\Objects\test (MAIN)


SEGMENT                          DATA_GROUP 
  +--> CALLED SEGMENT          START    LENGTH
----------------------------------------------
?C_C51STARTUP                  -----    -----
  +--> ?PR?MAIN?MAIN

?PR?MAIN?MAIN                  0008H    0002H
BL51 BANKED LINKER/LOCATER V6.22                                                      11/12/2023  20:33:13  PAGE 2


  +--> ?PR?LED_INIT?LED
  +--> ?PR?BUZZ_INIT?BUZZ
  +--> ?PR?REALY_INIT?RELAY
  +--> ?PR?LED_ALL_ON?LED
  +--> ?PR?_DELAY?SYS
  +--> ?PR?LED_ALL_OFF?LED
  +--> ?PR?REALY_ON?RELAY
  +--> ?PR?REALY_OFF?RELAY
  +--> ?PR?BUZZ_ON?BUZZ
  +--> ?PR?BUZZ_OFF?BUZZ
  +--> ?PR?_LED_SHOW?LED

?PR?LED_INIT?LED               -----    -----
  +--> ?PR?LED_ALL_OFF?LED
  +--> ?PR?_INIT_HC138?SYS

?PR?LED_ALL_OFF?LED            -----    -----
  +--> ?PR?_INIT_HC138?SYS

?PR?BUZZ_INIT?BUZZ             -----    -----
  +--> ?PR?_INIT_HC138?SYS

?PR?REALY_INIT?RELAY           -----    -----
  +--> ?PR?_INIT_HC138?SYS

?PR?LED_ALL_ON?LED             -----    -----
  +--> ?PR?_INIT_HC138?SYS

?PR?REALY_ON?RELAY             -----    -----
  +--> ?PR?_INIT_HC138?SYS

?PR?REALY_OFF?RELAY            -----    -----
  +--> ?PR?_INIT_HC138?SYS

?PR?BUZZ_ON?BUZZ               -----    -----
  +--> ?PR?_INIT_HC138?SYS

?PR?BUZZ_OFF?BUZZ              -----    -----
  +--> ?PR?_INIT_HC138?SYS

?PR?_LED_SHOW?LED              000AH    0001H
  +--> ?PR?_INIT_HC138?SYS



SYMBOL TABLE OF MODULE:  .\Objects\test (MAIN)

  VALUE           TYPE          NAME
  ----------------------------------

  -------         MODULE        MAIN
  C:0000H         SYMBOL        _ICE_DUMMY_
  D:0080H         PUBLIC        P0
  D:0090H         PUBLIC        P1
  D:00A0H         PUBLIC        P2
  D:00B0H         PUBLIC        P3
  D:00C0H         PUBLIC        P4
BL51 BANKED LINKER/LOCATER V6.22                                                      11/12/2023  20:33:13  PAGE 3


  D:00C8H         PUBLIC        P5
  D:00E8H         PUBLIC        P6
  D:00F8H         PUBLIC        P7
  D:00A8H         PUBLIC        IE
  D:00B8H         PUBLIC        IP
  D:00D8H         PUBLIC        CCON
  C:0800H         PUBLIC        main
  D:0098H         PUBLIC        SCON
  D:0088H         PUBLIC        TCON
  D:00D0H         PUBLIC        PSW
  -------         PROC          MAIN
  -------         DO            
  D:0008H         SYMBOL        i
  -------         ENDDO         
  C:0800H         LINE#         3
  C:0800H         LINE#         4
  C:0800H         LINE#         5
  C:0803H         LINE#         6
  C:0806H         LINE#         7
  C:0809H         LINE#         9
  C:0809H         LINE#         10
  C:0809H         LINE#         11
  C:080EH         LINE#         13
  C:0812H         LINE#         14
  C:0812H         LINE#         15
  C:0815H         LINE#         16
  C:081CH         LINE#         17
  C:081FH         LINE#         18
  C:0826H         LINE#         19
  C:0839H         LINE#         22
  C:083EH         LINE#         23
  C:083EH         LINE#         24
  C:084DH         LINE#         25
  C:085BH         LINE#         27
  C:085EH         LINE#         28
  C:0865H         LINE#         29
  C:0868H         LINE#         32
  C:086DH         LINE#         33
  C:086DH         LINE#         34
  C:087DH         LINE#         35
  C:088BH         LINE#         37
  C:088EH         LINE#         38
  C:0895H         LINE#         39
  C:0898H         LINE#         41
  C:089DH         LINE#         43
  -------         ENDPROC       MAIN
  -------         ENDMOD        MAIN

  -------         MODULE        LED
  C:0000H         SYMBOL        _ICE_DUMMY_
  D:0080H         PUBLIC        P0
  D:0090H         PUBLIC        P1
  D:00A0H         PUBLIC        P2
  D:00B0H         PUBLIC        P3
  D:00C0H         PUBLIC        P4
  D:00C8H         PUBLIC        P5
  D:00E8H         PUBLIC        P6
BL51 BANKED LINKER/LOCATER V6.22                                                      11/12/2023  20:33:13  PAGE 4


  D:00F8H         PUBLIC        P7
  C:095BH         PUBLIC        LED_ALL_ON
  D:00A8H         PUBLIC        IE
  D:00B8H         PUBLIC        IP
  D:00D8H         PUBLIC        CCON
  D:0098H         PUBLIC        SCON
  D:0088H         PUBLIC        TCON
  C:0964H         PUBLIC        LED_ALL_OFF
  C:096DH         PUBLIC        LED_Init
  C:090DH         PUBLIC        _LED_SHOW
  D:00D0H         PUBLIC        PSW
  -------         PROC          _LED_SHOW
  D:000AH         SYMBOL        num
  C:090DH         LINE#         17
  C:090FH         LINE#         18
  C:090FH         LINE#         19
  C:091CH         LINE#         20
  C:091CH         LINE#         21
  C:0921H         LINE#         22
  C:0931H         LINE#         23
  C:0932H         LINE#         25
  C:0932H         LINE#         26
  C:0937H         LINE#         27
  C:093AH         LINE#         28
  C:093AH         LINE#         29
  -------         ENDPROC       _LED_SHOW
  -------         PROC          LED_INIT
  C:096DH         LINE#         31
  C:096DH         LINE#         32
  C:096DH         LINE#         33
  C:0970H         LINE#         34
  -------         ENDPROC       LED_INIT
  -------         PROC          LED_ALL_ON
  C:095BH         LINE#         37
  C:095BH         LINE#         38
  C:095BH         LINE#         39
  C:0960H         LINE#         40
  C:0963H         LINE#         41
  -------         ENDPROC       LED_ALL_ON
  -------         PROC          LED_ALL_OFF
  C:0964H         LINE#         43
  C:0964H         LINE#         44
  C:0964H         LINE#         45
  C:0969H         LINE#         46
  C:096CH         LINE#         47
  -------         ENDPROC       LED_ALL_OFF
  -------         ENDMOD        LED

  -------         MODULE        BUZZ
  C:0000H         SYMBOL        _ICE_DUMMY_
  D:0080H         PUBLIC        P0
  D:0090H         PUBLIC        P1
  D:00A0H         PUBLIC        P2
  D:00B0H         PUBLIC        P3
  D:00C0H         PUBLIC        P4
  D:00C8H         PUBLIC        P5
  D:00E8H         PUBLIC        P6
BL51 BANKED LINKER/LOCATER V6.22                                                      11/12/2023  20:33:13  PAGE 5


  D:00F8H         PUBLIC        P7
  C:0985H         PUBLIC        BUZZ_OFF
  D:00A8H         PUBLIC        IE
  D:00B8H         PUBLIC        IP
  D:00D8H         PUBLIC        CCON
  D:0098H         PUBLIC        SCON
  D:0088H         PUBLIC        TCON
  C:0975H         PUBLIC        BUZZ_Init
  C:097DH         PUBLIC        BUZZ_ON
  B:0080H.7       PUBLIC        buzz
  D:00D0H         PUBLIC        PSW
  -------         PROC          BUZZ_INIT
  C:0975H         LINE#         4
  C:0975H         LINE#         5
  C:0975H         LINE#         6
  C:097AH         LINE#         7
  C:097CH         LINE#         8
  -------         ENDPROC       BUZZ_INIT
  -------         PROC          BUZZ_ON
  C:097DH         LINE#         9
  C:097DH         LINE#         10
  C:097DH         LINE#         11
  C:0982H         LINE#         12
  C:0984H         LINE#         13
  -------         ENDPROC       BUZZ_ON
  -------         PROC          BUZZ_OFF
  C:0985H         LINE#         14
  C:0985H         LINE#         15
  C:0985H         LINE#         16
  C:098AH         LINE#         17
  C:098CH         LINE#         18
  -------         ENDPROC       BUZZ_OFF
  -------         ENDMOD        BUZZ

  -------         MODULE        SYS
  C:0000H         SYMBOL        _ICE_DUMMY_
  D:0080H         PUBLIC        P0
  D:0090H         PUBLIC        P1
  D:00A0H         PUBLIC        P2
  D:00B0H         PUBLIC        P3
  D:00C0H         PUBLIC        P4
  D:00C8H         PUBLIC        P5
  D:00E8H         PUBLIC        P6
  D:00F8H         PUBLIC        P7
  D:00A8H         PUBLIC        IE
  D:00B8H         PUBLIC        IP
  C:08A0H         PUBLIC        _Init_HC138
  D:00D8H         PUBLIC        CCON
  D:0098H         PUBLIC        SCON
  D:0088H         PUBLIC        TCON
  C:093BH         PUBLIC        _Delay
  D:00D0H         PUBLIC        PSW
  -------         PROC          _DELAY
  D:0006H         SYMBOL        ms
  -------         DO            
  D:0005H         SYMBOL        i
  D:0004H         SYMBOL        j
BL51 BANKED LINKER/LOCATER V6.22                                                      11/12/2023  20:33:13  PAGE 6


  -------         ENDDO         
  C:093BH         LINE#         15
  C:093BH         LINE#         16
  C:093BH         LINE#         18
  C:093FH         LINE#         19
  C:093FH         LINE#         20
  C:0941H         LINE#         21
  C:0943H         LINE#         23
  C:0943H         LINE#         24
  C:0945H         LINE#         25
  C:0947H         LINE#         26
  C:094CH         LINE#         27
  C:094EH         LINE#         28
  -------         ENDPROC       _DELAY
  -------         PROC          _INIT_HC138
  D:0007H         SYMBOL        n
  C:08A0H         LINE#         43
  C:08A0H         LINE#         44
  C:08A0H         LINE#         45
  C:08C5H         LINE#         46
  C:08C5H         LINE#         47
  C:08C5H         LINE#         48
  C:08CDH         LINE#         49
  C:08CEH         LINE#         50
  C:08CEH         LINE#         51
  C:08D6H         LINE#         52
  C:08D7H         LINE#         53
  C:08D7H         LINE#         54
  C:08DFH         LINE#         55
  C:08E0H         LINE#         56
  C:08E0H         LINE#         57
  C:08E8H         LINE#         58
  C:08E9H         LINE#         59
  C:08E9H         LINE#         60
  C:08F1H         LINE#         61
  C:08F2H         LINE#         62
  C:08F2H         LINE#         63
  C:08FAH         LINE#         64
  C:08FBH         LINE#         65
  C:08FBH         LINE#         66
  C:0903H         LINE#         67
  C:0904H         LINE#         68
  C:0904H         LINE#         69
  C:090CH         LINE#         70
  C:090CH         LINE#         71
  C:090CH         LINE#         72
  -------         ENDPROC       _INIT_HC138
  -------         ENDMOD        SYS

  -------         MODULE        RELAY
  C:0000H         SYMBOL        _ICE_DUMMY_
  D:0080H         PUBLIC        P0
  D:0090H         PUBLIC        P1
  D:00A0H         PUBLIC        P2
  D:00B0H         PUBLIC        P3
  D:00C0H         PUBLIC        P4
  D:00C8H         PUBLIC        P5
BL51 BANKED LINKER/LOCATER V6.22                                                      11/12/2023  20:33:13  PAGE 7


  D:00E8H         PUBLIC        P6
  D:00F8H         PUBLIC        P7
  D:00A8H         PUBLIC        IE
  D:00B8H         PUBLIC        IP
  B:0080H.5       PUBLIC        relay
  D:00D8H         PUBLIC        CCON
  D:0098H         PUBLIC        SCON
  D:0088H         PUBLIC        TCON
  C:099DH         PUBLIC        Realy_OFF
  C:098DH         PUBLIC        Realy_Init
  D:00D0H         PUBLIC        PSW
  C:0995H         PUBLIC        Realy_ON
  -------         PROC          REALY_INIT
  C:098DH         LINE#         4
  C:098DH         LINE#         5
  C:098DH         LINE#         6
  C:0992H         LINE#         7
  C:0994H         LINE#         8
  -------         ENDPROC       REALY_INIT
  -------         PROC          REALY_ON
  C:0995H         LINE#         9
  C:0995H         LINE#         10
  C:0995H         LINE#         11
  C:099AH         LINE#         12
  C:099CH         LINE#         13
  -------         ENDPROC       REALY_ON
  -------         PROC          REALY_OFF
  C:099DH         LINE#         14
  C:099DH         LINE#         15
  C:099DH         LINE#         16
  C:09A2H         LINE#         17
  C:09A4H         LINE#         18
  -------         ENDPROC       REALY_OFF
  -------         ENDMOD        RELAY

******************************************************************************
* RESTRICTED VERSION WITH 0800H BYTE CODE SIZE LIMIT; USED: 0199H BYTE (19%) *
******************************************************************************

Program Size: data=12.0 xdata=0 code=424
LINK/LOCATE RUN COMPLETE.  0 WARNING(S),  0 ERROR(S)
