C51 COMPILER V9.54   EXIT                                                                  11/12/2023 20:53:23 PAGE 1   


C51 COMPILER V9.54, COMPILATION OF MODULE EXIT
OBJECT MODULE PLACED IN .\Objects\exit.obj
COMPILER INVOKED BY: D:\KEIL5\keil5.1\C51\BIN\C51.EXE exit.c OPTIMIZE(8,SPEED) BROWSE INCDIR(..\09-定时器实现秒闪功能) D
                    -EBUG OBJECTEXTEND PRINT(.\Listings\exit.lst) OBJECT(.\Objects\exit.obj)

line level    source

   1          #include "exit.h"
   2          void Exit_Init(void)
   3          {
   4   1              EX0=1;//允许外部中断 0 中断
   5   1              IT0=1;//下降沿后可产生外部中断
   6   1              PX0=1;//外部中断 0 为最高优先级中断（优先级 1）
   7   1              EA=1;//CPU 开放中断
   8   1      }
   9          unsigned char Flag_EX0 = 0;
  10          
  11          void interrupt0(void) interrupt 0
  12          {
  13   1              Flag_EX0=1;
  14   1      }


MODULE INFORMATION:   STATIC OVERLAYABLE
   CODE SIZE        =     13    ----
   CONSTANT SIZE    =   ----    ----
   XDATA SIZE       =   ----    ----
   PDATA SIZE       =   ----    ----
   DATA SIZE        =      1    ----
   IDATA SIZE       =   ----    ----
   BIT SIZE         =   ----    ----
END OF MODULE INFORMATION.


C51 COMPILATION COMPLETE.  0 WARNING(S),  0 ERROR(S)
