BL51 BANKED LINKER/LOCATER V6.22                                                        11/12/2023  21:11:45  PAGE 1


BL51 BANKED LINKER/LOCATER V6.22, INVOKED BY:
D:\KEIL5\KEIL5.1\C51\BIN\BL51.EXE .\Objects\main.obj, .\Objects\LED.obj, .\Objects\buzz.obj, .\Objects\sys.obj, .\Object
>> s\relay.obj, .\Objects\SMG.obj, .\Objects\key.obj, .\Objects\exit.obj, .\Objects\Timer0.obj TO .\Objects\test PRINT (
>> .\Listings\test.m51) RAMSIZE (256)


MEMORY MODEL: SMALL


INPUT MODULES INCLUDED:
  .\Objects\main.obj (MAIN)
  .\Objects\LED.obj (LED)
  .\Objects\buzz.obj (BUZZ)
  .\Objects\sys.obj (SYS)
  .\Objects\relay.obj (RELAY)
  .\Objects\SMG.obj (SMG)
  .\Objects\key.obj (KEY)
  .\Objects\exit.obj (EXIT)
  .\Objects\Timer0.obj (TIMER0)
  D:\KEIL5\KEIL5.1\C51\LIB\C51S.LIB (?C_STARTUP)
  D:\KEIL5\KEIL5.1\C51\LIB\C51S.LIB (?C_INIT)


LINK MAP OF MODULE:  .\Objects\test (MAIN)


            TYPE    BASE      LENGTH    RELOCATION   SEGMENT NAME
            -----------------------------------------------------

            * * * * * * *   D A T A   M E M O R Y   * * * * * * *
            REG     0000H     0008H     ABSOLUTE     "REG BANK 0"
            DATA    0008H     0003H     UNIT         ?DT?TIMER0
            DATA    000BH     0002H     UNIT         ?DT?_SMG_SHOW?SMG
            DATA    000DH     0002H     UNIT         ?DT?SHOW1?SMG
            DATA    000FH     0001H     UNIT         ?DT?MAIN
            DATA    0010H     0001H     UNIT         ?DT?_LED_SHOW?LED
            DATA    0011H     0001H     UNIT         ?DT?SHOW2?SMG
            DATA    0012H     0001H     UNIT         ?DT?SMG
            DATA    0013H     0001H     UNIT         ?DT?KEY
            DATA    0014H     0001H     UNIT         ?DT?EXIT
            IDATA   0015H     0001H     UNIT         ?STACK

            * * * * * * *   C O D E   M E M O R Y   * * * * * * *
            CODE    0000H     0003H     ABSOLUTE     
            CODE    0003H     0003H     ABSOLUTE     
                    0006H     0005H                  *** GAP ***
            CODE    000BH     0003H     ABSOLUTE     
                    000EH     000DH                  *** GAP ***
            CODE    001BH     0003H     ABSOLUTE     
                    001EH     07E2H                  *** GAP ***
            CODE    0800H     008CH     UNIT         ?C_C51STARTUP
            CODE    088CH     0087H     UNIT         ?PR?DISPLAY_SHOW?SMG
            CODE    0913H     006DH     UNIT         ?PR?_INIT_HC138?SYS
            CODE    0980H     0054H     UNIT         ?PR?KEY_READ?KEY
            CODE    09D4H     0051H     UNIT         ?PR?SCANKEY_ALONE?KEY
            CODE    0A25H     004AH     UNIT         ?PR?MAIN?MAIN
            CODE    0A6FH     002EH     UNIT         ?PR?_LED_SHOW?LED
            CODE    0A9DH     002CH     UNIT         ?PR?SHOW1?SMG
BL51 BANKED LINKER/LOCATER V6.22                                                      11/12/2023  21:11:45  PAGE 2


            CODE    0AC9H     002BH     UNIT         ?PR?TIMER1_INTRRUPT?TIMER0
            CODE    0AF4H     0027H     UNIT         ?PR?_SMG_SHOW?SMG
            CODE    0B1BH     0026H     UNIT         ?PR?SHOW2?SMG
            CODE    0B41H     0024H     UNIT         ?PR?TIMER0_INTRRUPT?TIMER0
            CODE    0B65H     001CH     UNIT         ?PR?LED_WORK?LED
            CODE    0B81H     001CH     UNIT         ?PR?TIMER0_INIT?TIMER0
            CODE    0B9DH     0019H     UNIT         ?PR?TIMER1_INIT?TIMER0
            CODE    0BB6H     0014H     UNIT         ?PR?_DELAY?SYS
            CODE    0BCAH     0013H     UNIT         ?PR?YUEADD?SMG
            CODE    0BDDH     0012H     UNIT         ?CO?SMG
            CODE    0BEFH     000AH     UNIT         ?PR?SMG_INIT?SMG
            CODE    0BF9H     0009H     UNIT         ?PR?LED_ALL_ON?LED
            CODE    0C02H     0009H     UNIT         ?PR?LED_ALL_OFF?LED
            CODE    0C0BH     0009H     UNIT         ?PR?EXIT_INIT?EXIT
            CODE    0C14H     0008H     UNIT         ?PR?LED_INIT?LED
            CODE    0C1CH     0008H     UNIT         ?PR?BUZZ_INIT?BUZZ
            CODE    0C24H     0008H     UNIT         ?PR?BUZZ_ON?BUZZ
            CODE    0C2CH     0008H     UNIT         ?PR?BUZZ_OFF?BUZZ
            CODE    0C34H     0008H     UNIT         ?PR?REALY_INIT?RELAY
            CODE    0C3CH     0008H     UNIT         ?PR?REALY_ON?RELAY
            CODE    0C44H     0008H     UNIT         ?PR?REALY_OFF?RELAY
            CODE    0C4CH     0004H     UNIT         ?PR?INTERRUPT0?EXIT
            CODE    0C50H     0004H     UNIT         ?C_INITSEG



OVERLAY MAP OF MODULE:   .\Objects\test (MAIN)


SEGMENT
  +--> CALLED SEGMENT
---------------------
?C_C51STARTUP
  +--> ?PR?MAIN?MAIN
  +--> ?C_INITSEG

?PR?MAIN?MAIN
  +--> ?PR?TIMER0_INIT?TIMER0
  +--> ?PR?_DELAY?SYS



SYMBOL TABLE OF MODULE:  .\Objects\test (MAIN)

  VALUE           TYPE          NAME
  ----------------------------------

  -------         MODULE        MAIN
  C:0000H         SYMBOL        _ICE_DUMMY_
  D:0080H         PUBLIC        P0
  D:0090H         PUBLIC        P1
  D:00A0H         PUBLIC        P2
  D:00B0H         PUBLIC        P3
  D:00C0H         PUBLIC        P4
  D:00C8H         PUBLIC        P5
  D:00E8H         PUBLIC        P6
  D:000FH         PUBLIC        Key_Flag
BL51 BANKED LINKER/LOCATER V6.22                                                      11/12/2023  21:11:45  PAGE 3


  D:00F8H         PUBLIC        P7
  B:00B0H.0       PUBLIC        S7
  D:00A8H         PUBLIC        IE
  D:00B8H         PUBLIC        IP
  D:00D8H         PUBLIC        CCON
  C:0A25H         PUBLIC        main
  D:0098H         PUBLIC        SCON
  D:0088H         PUBLIC        TCON
  B:0088H.4       PUBLIC        TR0
  D:00D0H         PUBLIC        PSW
  B:0080H.0       PUBLIC        L1
  -------         PROC          MAIN
  C:0A25H         LINE#         5
  C:0A25H         LINE#         6
  C:0A25H         LINE#         12
  C:0A28H         LINE#         13
  C:0A2AH         LINE#         15
  C:0A2AH         LINE#         16
  C:0A2AH         LINE#         17
  C:0A2DH         LINE#         18
  C:0A2DH         LINE#         19
  C:0A34H         LINE#         20
  C:0A3BH         LINE#         21
  C:0A3BH         LINE#         22
  C:0A3DH         LINE#         23
  C:0A3FH         LINE#         24
  C:0A42H         LINE#         25
  C:0A42H         LINE#         26
  C:0A44H         LINE#         27
  C:0A4CH         LINE#         28
  C:0A4CH         LINE#         29
  C:0A4FH         LINE#         30
  C:0A4FH         LINE#         31
  C:0A51H         LINE#         32
  C:0A59H         LINE#         33
  C:0A59H         LINE#         34
  C:0A5CH         LINE#         35
  C:0A5CH         LINE#         36
  C:0A5EH         LINE#         37
  C:0A66H         LINE#         38
  C:0A66H         LINE#         39
  C:0A68H         LINE#         40
  C:0A6AH         LINE#         41
  C:0A6AH         LINE#         42
  C:0A6AH         LINE#         43
  -------         ENDPROC       MAIN
  -------         ENDMOD        MAIN

  -------         MODULE        LED
  C:0000H         SYMBOL        _ICE_DUMMY_
  D:0080H         PUBLIC        P0
  D:0090H         PUBLIC        P1
  D:00A0H         PUBLIC        P2
  D:00B0H         PUBLIC        P3
  D:00C0H         PUBLIC        P4
  D:00C8H         PUBLIC        P5
  D:00E8H         PUBLIC        P6
BL51 BANKED LINKER/LOCATER V6.22                                                      11/12/2023  21:11:45  PAGE 4


  D:00F8H         PUBLIC        P7
  C:0BF9H         PUBLIC        LED_ALL_ON
  D:00A8H         PUBLIC        IE
  D:00B8H         PUBLIC        IP
  D:00D8H         PUBLIC        CCON
  D:0098H         PUBLIC        SCON
  D:0088H         PUBLIC        TCON
  C:0C02H         PUBLIC        LED_ALL_OFF
  C:0C14H         PUBLIC        LED_Init
  C:0B65H         PUBLIC        LED_Work
  C:0A6FH         PUBLIC        _LED_SHOW
  D:00D0H         PUBLIC        PSW
  B:0080H.0       PUBLIC        L1
  -------         PROC          LED_WORK
  C:0B65H         LINE#         15
  C:0B65H         LINE#         16
  C:0B65H         LINE#         17
  C:0B6AH         LINE#         18
  C:0B6CH         LINE#         19
  C:0B73H         LINE#         20
  C:0B78H         LINE#         21
  C:0B7AH         LINE#         22
  -------         ENDPROC       LED_WORK
  -------         PROC          _LED_SHOW
  D:0010H         SYMBOL        num
  C:0A6FH         LINE#         38
  C:0A71H         LINE#         39
  C:0A71H         LINE#         40
  C:0A7EH         LINE#         41
  C:0A7EH         LINE#         42
  C:0A83H         LINE#         43
  C:0A93H         LINE#         44
  C:0A94H         LINE#         46
  C:0A94H         LINE#         47
  C:0A99H         LINE#         48
  C:0A9CH         LINE#         49
  C:0A9CH         LINE#         50
  -------         ENDPROC       _LED_SHOW
  -------         PROC          LED_INIT
  C:0C14H         LINE#         52
  C:0C14H         LINE#         53
  C:0C14H         LINE#         54
  C:0C19H         LINE#         55
  -------         ENDPROC       LED_INIT
  -------         PROC          LED_ALL_ON
  C:0BF9H         LINE#         58
  C:0BF9H         LINE#         59
  C:0BF9H         LINE#         60
  C:0BFEH         LINE#         61
  C:0C01H         LINE#         62
  -------         ENDPROC       LED_ALL_ON
  -------         PROC          LED_ALL_OFF
  C:0C02H         LINE#         64
  C:0C02H         LINE#         65
  C:0C02H         LINE#         66
  C:0C07H         LINE#         67
  C:0C0AH         LINE#         68
BL51 BANKED LINKER/LOCATER V6.22                                                      11/12/2023  21:11:45  PAGE 5


  -------         ENDPROC       LED_ALL_OFF
  -------         ENDMOD        LED

  -------         MODULE        BUZZ
  C:0000H         SYMBOL        _ICE_DUMMY_
  D:0080H         PUBLIC        P0
  D:0090H         PUBLIC        P1
  D:00A0H         PUBLIC        P2
  D:00B0H         PUBLIC        P3
  D:00C0H         PUBLIC        P4
  D:00C8H         PUBLIC        P5
  D:00E8H         PUBLIC        P6
  D:00F8H         PUBLIC        P7
  C:0C2CH         PUBLIC        BUZZ_OFF
  D:00A8H         PUBLIC        IE
  D:00B8H         PUBLIC        IP
  D:00D8H         PUBLIC        CCON
  D:0098H         PUBLIC        SCON
  D:0088H         PUBLIC        TCON
  C:0C1CH         PUBLIC        BUZZ_Init
  C:0C24H         PUBLIC        BUZZ_ON
  B:0080H.7       PUBLIC        buzz
  D:00D0H         PUBLIC        PSW
  -------         PROC          BUZZ_INIT
  C:0C1CH         LINE#         4
  C:0C1CH         LINE#         5
  C:0C1CH         LINE#         6
  C:0C21H         LINE#         7
  C:0C23H         LINE#         8
  -------         ENDPROC       BUZZ_INIT
  -------         PROC          BUZZ_ON
  C:0C24H         LINE#         9
  C:0C24H         LINE#         10
  C:0C24H         LINE#         11
  C:0C29H         LINE#         12
  C:0C2BH         LINE#         13
  -------         ENDPROC       BUZZ_ON
  -------         PROC          BUZZ_OFF
  C:0C2CH         LINE#         14
  C:0C2CH         LINE#         15
  C:0C2CH         LINE#         16
  C:0C31H         LINE#         17
  C:0C33H         LINE#         18
  -------         ENDPROC       BUZZ_OFF
  -------         ENDMOD        BUZZ

  -------         MODULE        SYS
  C:0000H         SYMBOL        _ICE_DUMMY_
  D:0080H         PUBLIC        P0
  D:0090H         PUBLIC        P1
  D:00A0H         PUBLIC        P2
  D:00B0H         PUBLIC        P3
  D:00C0H         PUBLIC        P4
  D:00C8H         PUBLIC        P5
  D:00E8H         PUBLIC        P6
  D:00F8H         PUBLIC        P7
  D:00A8H         PUBLIC        IE
BL51 BANKED LINKER/LOCATER V6.22                                                      11/12/2023  21:11:45  PAGE 6


  D:00B8H         PUBLIC        IP
  C:0913H         PUBLIC        _Init_HC138
  D:00D8H         PUBLIC        CCON
  D:0098H         PUBLIC        SCON
  D:0088H         PUBLIC        TCON
  C:0BB6H         PUBLIC        _Delay
  D:00D0H         PUBLIC        PSW
  -------         PROC          _DELAY
  D:0006H         SYMBOL        ms
  -------         DO            
  D:0005H         SYMBOL        i
  D:0004H         SYMBOL        j
  -------         ENDDO         
  C:0BB6H         LINE#         15
  C:0BB6H         LINE#         16
  C:0BB6H         LINE#         18
  C:0BBAH         LINE#         19
  C:0BBAH         LINE#         20
  C:0BBCH         LINE#         21
  C:0BBEH         LINE#         23
  C:0BBEH         LINE#         24
  C:0BC0H         LINE#         25
  C:0BC2H         LINE#         26
  C:0BC7H         LINE#         27
  C:0BC9H         LINE#         28
  -------         ENDPROC       _DELAY
  -------         PROC          _INIT_HC138
  D:0007H         SYMBOL        n
  C:0913H         LINE#         43
  C:0913H         LINE#         44
  C:0913H         LINE#         45
  C:0938H         LINE#         46
  C:0938H         LINE#         47
  C:0938H         LINE#         48
  C:0940H         LINE#         49
  C:0941H         LINE#         50
  C:0941H         LINE#         51
  C:0949H         LINE#         52
  C:094AH         LINE#         53
  C:094AH         LINE#         54
  C:0952H         LINE#         55
  C:0953H         LINE#         56
  C:0953H         LINE#         57
  C:095BH         LINE#         58
  C:095CH         LINE#         59
  C:095CH         LINE#         60
  C:0964H         LINE#         61
  C:0965H         LINE#         62
  C:0965H         LINE#         63
  C:096DH         LINE#         64
  C:096EH         LINE#         65
  C:096EH         LINE#         66
  C:0976H         LINE#         67
  C:0977H         LINE#         68
  C:0977H         LINE#         69
  C:097FH         LINE#         70
  C:097FH         LINE#         71
BL51 BANKED LINKER/LOCATER V6.22                                                      11/12/2023  21:11:45  PAGE 7


  C:097FH         LINE#         72
  -------         ENDPROC       _INIT_HC138
  -------         ENDMOD        SYS

  -------         MODULE        RELAY
  C:0000H         SYMBOL        _ICE_DUMMY_
  D:0080H         PUBLIC        P0
  D:0090H         PUBLIC        P1
  D:00A0H         PUBLIC        P2
  D:00B0H         PUBLIC        P3
  D:00C0H         PUBLIC        P4
  D:00C8H         PUBLIC        P5
  D:00E8H         PUBLIC        P6
  D:00F8H         PUBLIC        P7
  D:00A8H         PUBLIC        IE
  D:00B8H         PUBLIC        IP
  B:0080H.5       PUBLIC        relay
  D:00D8H         PUBLIC        CCON
  D:0098H         PUBLIC        SCON
  D:0088H         PUBLIC        TCON
  C:0C44H         PUBLIC        Realy_OFF
  C:0C34H         PUBLIC        Realy_Init
  D:00D0H         PUBLIC        PSW
  C:0C3CH         PUBLIC        Realy_ON
  -------         PROC          REALY_INIT
  C:0C34H         LINE#         4
  C:0C34H         LINE#         5
  C:0C34H         LINE#         6
  C:0C39H         LINE#         7
  C:0C3BH         LINE#         8
  -------         ENDPROC       REALY_INIT
  -------         PROC          REALY_ON
  C:0C3CH         LINE#         9
  C:0C3CH         LINE#         10
  C:0C3CH         LINE#         11
  C:0C41H         LINE#         12
  C:0C43H         LINE#         13
  -------         ENDPROC       REALY_ON
  -------         PROC          REALY_OFF
  C:0C44H         LINE#         14
  C:0C44H         LINE#         15
  C:0C44H         LINE#         16
  C:0C49H         LINE#         17
  C:0C4BH         LINE#         18
  -------         ENDPROC       REALY_OFF
  -------         ENDMOD        RELAY

  -------         MODULE        SMG
  C:0000H         SYMBOL        _ICE_DUMMY_
  D:0080H         PUBLIC        P0
  D:0090H         PUBLIC        P1
  D:00A0H         PUBLIC        P2
  D:00B0H         PUBLIC        P3
  D:00C0H         PUBLIC        P4
  D:00C8H         PUBLIC        P5
  D:00E8H         PUBLIC        P6
  D:00F8H         PUBLIC        P7
BL51 BANKED LINKER/LOCATER V6.22                                                      11/12/2023  21:11:45  PAGE 8


  D:00A8H         PUBLIC        IE
  D:00B8H         PUBLIC        IP
  C:088CH         PUBLIC        display_show
  D:00D8H         PUBLIC        CCON
  D:0098H         PUBLIC        SCON
  D:0088H         PUBLIC        TCON
  C:0BCAH         PUBLIC        YueAdd
  C:0BEFH         PUBLIC        SMG_Init
  C:0AFAH         PUBLIC        _SMG_Show
  D:0012H         PUBLIC        yu
  C:0A9DH         PUBLIC        show1
  C:0B1BH         PUBLIC        show2
  C:0BDDH         PUBLIC        daunma
  D:00D0H         PUBLIC        PSW
  -------         PROC          SMG_INIT
  C:0BEFH         LINE#         5
  C:0BEFH         LINE#         6
  C:0BEFH         LINE#         7
  C:0BF4H         LINE#         8
  -------         ENDPROC       SMG_INIT
  -------         PROC          L?0019
  -------         ENDPROC       L?0019
  -------         PROC          _SMG_SHOW
  D:000BH         SYMBOL        pos
  D:000CH         SYMBOL        date
  C:0AFAH         LINE#         11
  C:0AFEH         LINE#         12
  C:0AFEH         LINE#         13
  C:0B03H         LINE#         14
  C:0B12H         LINE#         15
  C:0B17H         LINE#         16
  C:0B1AH         LINE#         17
  -------         ENDPROC       _SMG_SHOW
  -------         PROC          SHOW1
  -------         DO            
  D:000DH         SYMBOL        i
  D:000EH         SYMBOL        j
  -------         ENDDO         
  C:0A9DH         LINE#         19
  C:0A9DH         LINE#         20
  C:0A9DH         LINE#         22
  C:0AA0H         LINE#         23
  C:0AA0H         LINE#         24
  C:0AA3H         LINE#         25
  C:0AA3H         LINE#         26
  C:0AAFH         LINE#         27
  C:0AB6H         LINE#         28
  C:0ABFH         LINE#         29
  C:0AC8H         LINE#         30
  -------         ENDPROC       SHOW1
  -------         PROC          SHOW2
  -------         DO            
  D:0011H         SYMBOL        j
  -------         ENDDO         
  C:0B1BH         LINE#         32
  C:0B1BH         LINE#         33
  C:0B1BH         LINE#         36
BL51 BANKED LINKER/LOCATER V6.22                                                      11/12/2023  21:11:45  PAGE 9


  C:0B1EH         LINE#         37
  C:0B1EH         LINE#         38
  C:0B21H         LINE#         39
  C:0B28H         LINE#         40
  C:0B30H         LINE#         41
  C:0B37H         LINE#         42
  C:0B40H         LINE#         44
  -------         ENDPROC       SHOW2
  -------         PROC          DISPLAY_SHOW
  C:088CH         LINE#         48
  C:088CH         LINE#         49
  C:088CH         LINE#         50
  C:0897H         LINE#         51
  C:089EH         LINE#         52
  C:08A9H         LINE#         53
  C:08B0H         LINE#         54
  C:08BBH         LINE#         55
  C:08C2H         LINE#         56
  C:08CDH         LINE#         57
  C:08D4H         LINE#         58
  C:08D9H         LINE#         59
  C:08E0H         LINE#         60
  C:08E5H         LINE#         61
  C:08ECH         LINE#         62
  C:08F8H         LINE#         63
  C:08FFH         LINE#         64
  C:090CH         LINE#         65
  -------         ENDPROC       DISPLAY_SHOW
  -------         PROC          YUEADD
  C:0BCAH         LINE#         68
  C:0BCAH         LINE#         69
  C:0BCAH         LINE#         70
  C:0BCCH         LINE#         71
  C:0BD3H         LINE#         72
  C:0BD3H         LINE#         73
  C:0BD6H         LINE#         74
  C:0BD6H         LINE#         75
  -------         ENDPROC       YUEADD
  -------         ENDMOD        SMG

  -------         MODULE        KEY
  C:0000H         SYMBOL        _ICE_DUMMY_
  B:0080H.2       PUBLIC        L3
  B:0080H.3       PUBLIC        L4
  D:0080H         PUBLIC        P0
  D:0090H         PUBLIC        P1
  D:00A0H         PUBLIC        P2
  D:00B0H         PUBLIC        P3
  D:00C0H         PUBLIC        P4
  C:09D4H         PUBLIC        ScanKey_Alone
  D:00C8H         PUBLIC        P5
  D:00E8H         PUBLIC        P6
  B:00B0H.3       PUBLIC        S4
  D:00F8H         PUBLIC        P7
  B:00B0H.2       PUBLIC        S5
  B:00B0H.1       PUBLIC        S6
  C:0980H         PUBLIC        Key_Read
BL51 BANKED LINKER/LOCATER V6.22                                                      11/12/2023  21:11:45  PAGE 10


  B:00B0H.0       PUBLIC        S7
  D:00A8H         PUBLIC        IE
  D:00B8H         PUBLIC        IP
  D:00D8H         PUBLIC        CCON
  B:00B0H.0       PUBLIC        P30
  D:0098H         PUBLIC        SCON
  B:00B0H.1       PUBLIC        P31
  D:0088H         PUBLIC        TCON
  B:00B0H.2       PUBLIC        P32
  B:00C0H.2       PUBLIC        P42
  B:00B0H.3       PUBLIC        P33
  B:00B0H.4       PUBLIC        P34
  B:00C0H.4       PUBLIC        P44
  B:00B0H.5       PUBLIC        P35
  D:0013H         PUBLIC        Key_Num
  D:00D0H         PUBLIC        PSW
  B:0080H.0       PUBLIC        L1
  B:0080H.1       PUBLIC        L2
  -------         PROC          SCANKEY_ALONE
  C:09D4H         LINE#         15
  C:09D4H         LINE#         16
  C:09D4H         LINE#         17
  C:09D7H         LINE#         18
  C:09D7H         LINE#         19
  C:09DEH         LINE#         20
  C:09E1H         LINE#         21
  C:09E1H         LINE#         22
  C:09E3H         LINE#         23
  C:09E6H         LINE#         24
  C:09E8H         LINE#         25
  C:09E8H         LINE#         26
  C:09E8H         LINE#         27
  C:09EBH         LINE#         28
  C:09EBH         LINE#         29
  C:09F2H         LINE#         30
  C:09F5H         LINE#         31
  C:09F5H         LINE#         32
  C:09F7H         LINE#         33
  C:09FAH         LINE#         34
  C:09FCH         LINE#         35
  C:09FCH         LINE#         36
  C:09FCH         LINE#         37
  C:09FFH         LINE#         38
  C:09FFH         LINE#         39
  C:0A06H         LINE#         40
  C:0A09H         LINE#         41
  C:0A09H         LINE#         42
  C:0A0BH         LINE#         43
  C:0A0EH         LINE#         44
  C:0A10H         LINE#         45
  C:0A10H         LINE#         46
  C:0A10H         LINE#         47
  C:0A13H         LINE#         48
  C:0A13H         LINE#         49
  C:0A1AH         LINE#         50
  C:0A1DH         LINE#         51
  C:0A1DH         LINE#         52
BL51 BANKED LINKER/LOCATER V6.22                                                      11/12/2023  21:11:45  PAGE 11


  C:0A1FH         LINE#         53
  C:0A22H         LINE#         54
  C:0A24H         LINE#         55
  C:0A24H         LINE#         56
  C:0A24H         LINE#         57
  -------         ENDPROC       SCANKEY_ALONE
  -------         PROC          KEY_READ
  C:0980H         LINE#         60
  C:0980H         LINE#         61
  C:0980H         LINE#         63
  C:0988H         LINE#         64
  C:0990H         LINE#         65
  C:0993H         LINE#         66
  C:0993H         LINE#         67
  C:099AH         LINE#         68
  C:09A0H         LINE#         69
  C:09A1H         LINE#         70
  C:09A4H         LINE#         71
  C:09A4H         LINE#         72
  C:09ABH         LINE#         73
  C:09B1H         LINE#         74
  C:09B2H         LINE#         75
  C:09B5H         LINE#         76
  C:09B5H         LINE#         77
  C:09BCH         LINE#         78
  C:09C2H         LINE#         79
  C:09C3H         LINE#         80
  C:09C6H         LINE#         81
  C:09C6H         LINE#         82
  C:09CDH         LINE#         83
  C:09D3H         LINE#         84
  C:09D3H         LINE#         86
  -------         ENDPROC       KEY_READ
  -------         ENDMOD        KEY

  -------         MODULE        EXIT
  C:0000H         SYMBOL        _ICE_DUMMY_
  D:0080H         PUBLIC        P0
  D:0090H         PUBLIC        P1
  D:00A0H         PUBLIC        P2
  D:00B0H         PUBLIC        P3
  D:00C0H         PUBLIC        P4
  D:00C8H         PUBLIC        P5
  B:00A8H.7       PUBLIC        EA
  D:00E8H         PUBLIC        P6
  D:00F8H         PUBLIC        P7
  D:00A8H         PUBLIC        IE
  C:0C0BH         PUBLIC        Exit_Init
  D:00B8H         PUBLIC        IP
  C:0C4CH         PUBLIC        interrupt0
  D:00D8H         PUBLIC        CCON
  D:0014H         PUBLIC        Flag_EX0
  D:0098H         PUBLIC        SCON
  D:0088H         PUBLIC        TCON
  B:0088H.0       PUBLIC        IT0
  B:00A8H.0       PUBLIC        EX0
  B:00B8H.0       PUBLIC        PX0
BL51 BANKED LINKER/LOCATER V6.22                                                      11/12/2023  21:11:45  PAGE 12


  D:00D0H         PUBLIC        PSW
  -------         PROC          EXIT_INIT
  C:0C0BH         LINE#         2
  C:0C0BH         LINE#         3
  C:0C0BH         LINE#         4
  C:0C0DH         LINE#         5
  C:0C0FH         LINE#         6
  C:0C11H         LINE#         7
  C:0C13H         LINE#         8
  -------         ENDPROC       EXIT_INIT
  -------         PROC          INTERRUPT0
  C:0C4CH         LINE#         11
  C:0C4CH         LINE#         13
  C:0C4FH         LINE#         14
  -------         ENDPROC       INTERRUPT0
  -------         ENDMOD        EXIT

  -------         MODULE        TIMER0
  C:0000H         SYMBOL        _ICE_DUMMY_
  D:0080H         PUBLIC        P0
  D:0090H         PUBLIC        P1
  D:00A0H         PUBLIC        P2
  C:0B41H         PUBLIC        Timer0_Intrrupt
  B:0080H.6       PUBLIC        L7
  D:00B0H         PUBLIC        P3
  C:0AC9H         PUBLIC        Timer1_Intrrupt
  D:00C0H         PUBLIC        P4
  D:00C8H         PUBLIC        P5
  B:00A8H.7       PUBLIC        EA
  D:00E8H         PUBLIC        P6
  D:00F8H         PUBLIC        P7
  D:00A8H         PUBLIC        IE
  D:00B8H         PUBLIC        IP
  D:00D8H         PUBLIC        CCON
  C:0B81H         PUBLIC        Timer0_Init
  D:0008H         PUBLIC        count
  C:0B9DH         PUBLIC        Timer1_Init
  D:0098H         PUBLIC        SCON
  D:0089H         PUBLIC        TMOD
  D:0088H         PUBLIC        TCON
  D:008EH         PUBLIC        AUXR
  B:00A8H.1       PUBLIC        ET0
  B:0088H.5       PUBLIC        TF0
  B:00A8H.3       PUBLIC        ET1
  B:0088H.7       PUBLIC        TF1
  D:008CH         PUBLIC        TH0
  D:008DH         PUBLIC        TH1
  B:0088H.0       PUBLIC        IT0
  B:0088H.2       PUBLIC        IT1
  D:008AH         PUBLIC        TL0
  D:008BH         PUBLIC        TL1
  B:00B8H.1       PUBLIC        PT0
  D:0009H         PUBLIC        pwm
  B:00B8H.3       PUBLIC        PT1
  B:0088H.4       PUBLIC        TR0
  B:0088H.6       PUBLIC        TR1
  D:000AH         PUBLIC        count1
BL51 BANKED LINKER/LOCATER V6.22                                                      11/12/2023  21:11:45  PAGE 13


  D:00D0H         PUBLIC        PSW
  B:0080H.0       PUBLIC        L1
  B:0080H.1       PUBLIC        L2
  -------         PROC          TIMER0_INIT
  C:0B81H         LINE#         15
  C:0B81H         LINE#         16
  C:0B81H         LINE#         17
  C:0B84H         LINE#         18
  C:0B87H         LINE#         19
  C:0B8AH         LINE#         20
  C:0B8DH         LINE#         21
  C:0B90H         LINE#         22
  C:0B92H         LINE#         23
  C:0B94H         LINE#         24
  C:0B96H         LINE#         25
  C:0B98H         LINE#         26
  C:0B9AH         LINE#         27
  C:0B9CH         LINE#         28
  -------         ENDPROC       TIMER0_INIT
  -------         PROC          TIMER1_INIT
  C:0B9DH         LINE#         29
  C:0B9DH         LINE#         30
  C:0B9DH         LINE#         33
  C:0BA0H         LINE#         34
  C:0BA3H         LINE#         35
  C:0BA6H         LINE#         36
  C:0BA9H         LINE#         37
  C:0BABH         LINE#         38
  C:0BADH         LINE#         39
  C:0BAFH         LINE#         40
  C:0BB1H         LINE#         41
  C:0BB3H         LINE#         42
  C:0BB5H         LINE#         43
  -------         ENDPROC       TIMER1_INIT
  -------         PROC          TIMER0_INTRRUPT
  C:0B41H         LINE#         47
  C:0B45H         LINE#         49
  C:0B48H         LINE#         50
  C:0B4BH         LINE#         51
  C:0B4DH         LINE#         52
  C:0B52H         LINE#         53
  C:0B52H         LINE#         54
  C:0B54H         LINE#         55
  C:0B56H         LINE#         56
  C:0B5BH         LINE#         57
  C:0B5BH         LINE#         58
  C:0B5DH         LINE#         59
  C:0B60H         LINE#         60
  C:0B60H         LINE#         61
  -------         ENDPROC       TIMER0_INTRRUPT
  -------         PROC          TIMER1_INTRRUPT
  C:0AC9H         LINE#         63
  C:0ACFH         LINE#         65
  C:0AD2H         LINE#         66
  C:0AD5H         LINE#         67
  C:0AD7H         LINE#         68
  C:0AE1H         LINE#         69
BL51 BANKED LINKER/LOCATER V6.22                                                      11/12/2023  21:11:45  PAGE 14


  C:0AE1H         LINE#         70
  C:0AE3H         LINE#         71
  C:0AE3H         LINE#         72
  C:0AE8H         LINE#         73
  C:0AE8H         LINE#         74
  C:0AEAH         LINE#         75
  C:0AEDH         LINE#         76
  C:0AEDH         LINE#         77
  -------         ENDPROC       TIMER1_INTRRUPT
  -------         ENDMOD        TIMER0

*** WARNING L16: UNCALLED SEGMENT, IGNORED FOR OVERLAY PROCESS
    SEGMENT: ?PR?LED_WORK?LED

*** WARNING L16: UNCALLED SEGMENT, IGNORED FOR OVERLAY PROCESS
    SEGMENT: ?PR?_LED_SHOW?LED

*** WARNING L16: UNCALLED SEGMENT, IGNORED FOR OVERLAY PROCESS
    SEGMENT: ?PR?LED_INIT?LED

*** WARNING L16: UNCALLED SEGMENT, IGNORED FOR OVERLAY PROCESS
    SEGMENT: ?PR?LED_ALL_ON?LED

*** WARNING L16: UNCALLED SEGMENT, IGNORED FOR OVERLAY PROCESS
    SEGMENT: ?PR?BUZZ_INIT?BUZZ

*** WARNING L16: UNCALLED SEGMENT, IGNORED FOR OVERLAY PROCESS
    SEGMENT: ?PR?BUZZ_ON?BUZZ

*** WARNING L16: UNCALLED SEGMENT, IGNORED FOR OVERLAY PROCESS
    SEGMENT: ?PR?BUZZ_OFF?BUZZ

*** WARNING L16: UNCALLED SEGMENT, IGNORED FOR OVERLAY PROCESS
    SEGMENT: ?PR?REALY_INIT?RELAY

*** WARNING L16: UNCALLED SEGMENT, IGNORED FOR OVERLAY PROCESS
    SEGMENT: ?PR?REALY_ON?RELAY

*** WARNING L16: UNCALLED SEGMENT, IGNORED FOR OVERLAY PROCESS
    SEGMENT: ?PR?REALY_OFF?RELAY

*** WARNING L16: UNCALLED SEGMENT, IGNORED FOR OVERLAY PROCESS
    SEGMENT: ?PR?SMG_INIT?SMG

*** WARNING L16: UNCALLED SEGMENT, IGNORED FOR OVERLAY PROCESS
    SEGMENT: ?PR?SHOW1?SMG

*** WARNING L16: UNCALLED SEGMENT, IGNORED FOR OVERLAY PROCESS
    SEGMENT: ?PR?SHOW2?SMG

*** WARNING L16: UNCALLED SEGMENT, IGNORED FOR OVERLAY PROCESS
    SEGMENT: ?PR?DISPLAY_SHOW?SMG

*** WARNING L16: UNCALLED SEGMENT, IGNORED FOR OVERLAY PROCESS
    SEGMENT: ?PR?YUEADD?SMG

*** WARNING L16: UNCALLED SEGMENT, IGNORED FOR OVERLAY PROCESS
BL51 BANKED LINKER/LOCATER V6.22                                                      11/12/2023  21:11:45  PAGE 15


    SEGMENT: ?PR?SCANKEY_ALONE?KEY

*** WARNING L16: UNCALLED SEGMENT, IGNORED FOR OVERLAY PROCESS
    SEGMENT: ?PR?KEY_READ?KEY

*** WARNING L16: UNCALLED SEGMENT, IGNORED FOR OVERLAY PROCESS
    SEGMENT: ?PR?EXIT_INIT?EXIT

*** WARNING L16: UNCALLED SEGMENT, IGNORED FOR OVERLAY PROCESS
    SEGMENT: ?PR?TIMER1_INIT?TIMER0

******************************************************************************
* RESTRICTED VERSION WITH 0800H BYTE CODE SIZE LIMIT; USED: 03D0H BYTE (47%) *
******************************************************************************

Program Size: data=22.0 xdata=0 code=1120
LINK/LOCATE RUN COMPLETE.  19 WARNING(S),  0 ERROR(S)
