BL51 BANKED LINKER/LOCATER V6.22                                                        11/12/2023  10:16:20  PAGE 1


BL51 BANKED LINKER/LOCATER V6.22, INVOKED BY:
D:\KEIL5\KEIL5.1\C51\BIN\BL51.EXE .\Objects\main.obj, .\Objects\LED.obj, .\Objects\buzz.obj, .\Objects\sys.obj, .\Object
>> s\relay.obj, .\Objects\SMG.obj, .\Objects\key.obj TO .\Objects\test PRINT (.\Listings\test.m51) RAMSIZE (256)


MEMORY MODEL: SMALL


INPUT MODULES INCLUDED:
  .\Objects\main.obj (MAIN)
  .\Objects\LED.obj (LED)
  .\Objects\buzz.obj (BUZZ)
  .\Objects\sys.obj (SYS)
  .\Objects\relay.obj (RELAY)
  .\Objects\SMG.obj (SMG)
  .\Objects\key.obj (KEY)
  D:\KEIL5\KEIL5.1\C51\LIB\C51S.LIB (?C_STARTUP)


LINK MAP OF MODULE:  .\Objects\test (MAIN)


            TYPE    BASE      LENGTH    RELOCATION   SEGMENT NAME
            -----------------------------------------------------

            * * * * * * *   D A T A   M E M O R Y   * * * * * * *
            REG     0000H     0008H     ABSOLUTE     "REG BANK 0"
            DATA    0008H     0002H     UNIT         ?DT?_SMG_SHOW?SMG
            DATA    000AH     0002H     UNIT         ?DT?SHOW1?SMG
            DATA    000CH     0002H     UNIT         ?DT?KEY
            DATA    000EH     0001H     UNIT         ?DT?_LED_SHOW?LED
            DATA    000FH     0001H     UNIT         ?DT?SHOW2?SMG
            DATA    0010H     0001H     UNIT         ?DT?SMG
            IDATA   0011H     0001H     UNIT         ?STACK

            * * * * * * *   C O D E   M E M O R Y   * * * * * * *
            CODE    0000H     0003H     ABSOLUTE     
                    0003H     07FDH                  *** GAP ***
            CODE    0800H     009FH     UNIT         ?PR?KEY_CONTRON?KEY
            CODE    089FH     0087H     UNIT         ?PR?DISPLAY_SHOW?SMG
            CODE    0926H     006DH     UNIT         ?PR?_INIT_HC138?SYS
            CODE    0993H     0051H     UNIT         ?PR?SCANKEY_ALONE?KEY
            CODE    09E4H     002EH     UNIT         ?PR?_LED_SHOW?LED
            CODE    0A12H     002CH     UNIT         ?PR?SHOW1?SMG
            CODE    0A3EH     0027H     UNIT         ?PR?_SMG_SHOW?SMG
            CODE    0A65H     0026H     UNIT         ?PR?SHOW2?SMG
            CODE    0A8BH     0014H     UNIT         ?PR?_DELAY?SYS
            CODE    0A9FH     0013H     UNIT         ?PR?YUEADD?SMG
            CODE    0AB2H     0012H     UNIT         ?CO?SMG
            CODE    0AC4H     0011H     UNIT         ?PR?MAIN?MAIN
            CODE    0AD5H     000CH     UNIT         ?C_C51STARTUP
            CODE    0AE1H     000AH     UNIT         ?PR?SMG_INIT?SMG
            CODE    0AEBH     0009H     UNIT         ?PR?LED_ALL_ON?LED
            CODE    0AF4H     0009H     UNIT         ?PR?LED_ALL_OFF?LED
            CODE    0AFDH     0008H     UNIT         ?PR?LED_INIT?LED
            CODE    0B05H     0008H     UNIT         ?PR?BUZZ_INIT?BUZZ
            CODE    0B0DH     0008H     UNIT         ?PR?BUZZ_ON?BUZZ
            CODE    0B15H     0008H     UNIT         ?PR?BUZZ_OFF?BUZZ
BL51 BANKED LINKER/LOCATER V6.22                                                      11/12/2023  10:16:20  PAGE 2


            CODE    0B1DH     0008H     UNIT         ?PR?REALY_INIT?RELAY
            CODE    0B25H     0008H     UNIT         ?PR?REALY_ON?RELAY
            CODE    0B2DH     0008H     UNIT         ?PR?REALY_OFF?RELAY



OVERLAY MAP OF MODULE:   .\Objects\test (MAIN)


SEGMENT
  +--> CALLED SEGMENT
---------------------
?C_C51STARTUP
  +--> ?PR?MAIN?MAIN

?PR?MAIN?MAIN
  +--> ?PR?LED_INIT?LED
  +--> ?PR?BUZZ_INIT?BUZZ
  +--> ?PR?REALY_INIT?RELAY
  +--> ?PR?SMG_INIT?SMG
  +--> ?PR?KEY_CONTRON?KEY

?PR?LED_INIT?LED
  +--> ?PR?_INIT_HC138?SYS
  +--> ?PR?LED_ALL_OFF?LED

?PR?LED_ALL_OFF?LED
  +--> ?PR?_INIT_HC138?SYS

?PR?BUZZ_INIT?BUZZ
  +--> ?PR?_INIT_HC138?SYS

?PR?REALY_INIT?RELAY
  +--> ?PR?_INIT_HC138?SYS

?PR?SMG_INIT?SMG
  +--> ?PR?_INIT_HC138?SYS

?PR?KEY_CONTRON?KEY
  +--> ?PR?_DELAY?SYS



SYMBOL TABLE OF MODULE:  .\Objects\test (MAIN)

  VALUE           TYPE          NAME
  ----------------------------------

  -------         MODULE        MAIN
  C:0000H         SYMBOL        _ICE_DUMMY_
  D:0080H         PUBLIC        P0
  D:0090H         PUBLIC        P1
  D:00A0H         PUBLIC        P2
  D:00B0H         PUBLIC        P3
  D:00C0H         PUBLIC        P4
  D:00C8H         PUBLIC        P5
  D:00E8H         PUBLIC        P6
BL51 BANKED LINKER/LOCATER V6.22                                                      11/12/2023  10:16:20  PAGE 3


  D:00F8H         PUBLIC        P7
  D:00A8H         PUBLIC        IE
  D:00B8H         PUBLIC        IP
  D:00D8H         PUBLIC        CCON
  C:0AC4H         PUBLIC        main
  D:0098H         PUBLIC        SCON
  D:0088H         PUBLIC        TCON
  D:00D0H         PUBLIC        PSW
  -------         PROC          MAIN
  C:0AC4H         LINE#         3
  C:0AC4H         LINE#         4
  C:0AC4H         LINE#         5
  C:0AC7H         LINE#         6
  C:0ACAH         LINE#         7
  C:0ACDH         LINE#         8
  C:0AD0H         LINE#         9
  C:0AD0H         LINE#         10
  C:0AD0H         LINE#         11
  C:0AD3H         LINE#         12
  -------         ENDPROC       MAIN
  -------         ENDMOD        MAIN

  -------         MODULE        LED
  C:0000H         SYMBOL        _ICE_DUMMY_
  D:0080H         PUBLIC        P0
  D:0090H         PUBLIC        P1
  D:00A0H         PUBLIC        P2
  D:00B0H         PUBLIC        P3
  D:00C0H         PUBLIC        P4
  D:00C8H         PUBLIC        P5
  D:00E8H         PUBLIC        P6
  D:00F8H         PUBLIC        P7
  C:0AEBH         PUBLIC        LED_ALL_ON
  D:00A8H         PUBLIC        IE
  D:00B8H         PUBLIC        IP
  D:00D8H         PUBLIC        CCON
  D:0098H         PUBLIC        SCON
  D:0088H         PUBLIC        TCON
  C:0AF4H         PUBLIC        LED_ALL_OFF
  C:0AFDH         PUBLIC        LED_Init
  C:09E4H         PUBLIC        _LED_SHOW
  D:00D0H         PUBLIC        PSW
  -------         PROC          _LED_SHOW
  D:000EH         SYMBOL        num
  C:09E4H         LINE#         17
  C:09E6H         LINE#         18
  C:09E6H         LINE#         19
  C:09F3H         LINE#         20
  C:09F3H         LINE#         21
  C:09F8H         LINE#         22
  C:0A08H         LINE#         23
  C:0A09H         LINE#         25
  C:0A09H         LINE#         26
  C:0A0EH         LINE#         27
  C:0A11H         LINE#         28
  C:0A11H         LINE#         29
  -------         ENDPROC       _LED_SHOW
BL51 BANKED LINKER/LOCATER V6.22                                                      11/12/2023  10:16:20  PAGE 4


  -------         PROC          LED_INIT
  C:0AFDH         LINE#         31
  C:0AFDH         LINE#         32
  C:0AFDH         LINE#         33
  C:0B02H         LINE#         34
  -------         ENDPROC       LED_INIT
  -------         PROC          LED_ALL_ON
  C:0AEBH         LINE#         37
  C:0AEBH         LINE#         38
  C:0AEBH         LINE#         39
  C:0AF0H         LINE#         40
  C:0AF3H         LINE#         41
  -------         ENDPROC       LED_ALL_ON
  -------         PROC          LED_ALL_OFF
  C:0AF4H         LINE#         43
  C:0AF4H         LINE#         44
  C:0AF4H         LINE#         45
  C:0AF9H         LINE#         46
  C:0AFCH         LINE#         47
  -------         ENDPROC       LED_ALL_OFF
  -------         ENDMOD        LED

  -------         MODULE        BUZZ
  C:0000H         SYMBOL        _ICE_DUMMY_
  D:0080H         PUBLIC        P0
  D:0090H         PUBLIC        P1
  D:00A0H         PUBLIC        P2
  D:00B0H         PUBLIC        P3
  D:00C0H         PUBLIC        P4
  D:00C8H         PUBLIC        P5
  D:00E8H         PUBLIC        P6
  D:00F8H         PUBLIC        P7
  C:0B15H         PUBLIC        BUZZ_OFF
  D:00A8H         PUBLIC        IE
  D:00B8H         PUBLIC        IP
  D:00D8H         PUBLIC        CCON
  D:0098H         PUBLIC        SCON
  D:0088H         PUBLIC        TCON
  C:0B05H         PUBLIC        BUZZ_Init
  C:0B0DH         PUBLIC        BUZZ_ON
  B:0080H.7       PUBLIC        buzz
  D:00D0H         PUBLIC        PSW
  -------         PROC          BUZZ_INIT
  C:0B05H         LINE#         4
  C:0B05H         LINE#         5
  C:0B05H         LINE#         6
  C:0B0AH         LINE#         7
  C:0B0CH         LINE#         8
  -------         ENDPROC       BUZZ_INIT
  -------         PROC          BUZZ_ON
  C:0B0DH         LINE#         9
  C:0B0DH         LINE#         10
  C:0B0DH         LINE#         11
  C:0B12H         LINE#         12
  C:0B14H         LINE#         13
  -------         ENDPROC       BUZZ_ON
  -------         PROC          BUZZ_OFF
BL51 BANKED LINKER/LOCATER V6.22                                                      11/12/2023  10:16:20  PAGE 5


  C:0B15H         LINE#         14
  C:0B15H         LINE#         15
  C:0B15H         LINE#         16
  C:0B1AH         LINE#         17
  C:0B1CH         LINE#         18
  -------         ENDPROC       BUZZ_OFF
  -------         ENDMOD        BUZZ

  -------         MODULE        SYS
  C:0000H         SYMBOL        _ICE_DUMMY_
  D:0080H         PUBLIC        P0
  D:0090H         PUBLIC        P1
  D:00A0H         PUBLIC        P2
  D:00B0H         PUBLIC        P3
  D:00C0H         PUBLIC        P4
  D:00C8H         PUBLIC        P5
  D:00E8H         PUBLIC        P6
  D:00F8H         PUBLIC        P7
  D:00A8H         PUBLIC        IE
  D:00B8H         PUBLIC        IP
  C:0926H         PUBLIC        _Init_HC138
  D:00D8H         PUBLIC        CCON
  D:0098H         PUBLIC        SCON
  D:0088H         PUBLIC        TCON
  C:0A8BH         PUBLIC        _Delay
  D:00D0H         PUBLIC        PSW
  -------         PROC          _DELAY
  D:0006H         SYMBOL        ms
  -------         DO            
  D:0005H         SYMBOL        i
  D:0004H         SYMBOL        j
  -------         ENDDO         
  C:0A8BH         LINE#         15
  C:0A8BH         LINE#         16
  C:0A8BH         LINE#         18
  C:0A8FH         LINE#         19
  C:0A8FH         LINE#         20
  C:0A91H         LINE#         21
  C:0A93H         LINE#         23
  C:0A93H         LINE#         24
  C:0A95H         LINE#         25
  C:0A97H         LINE#         26
  C:0A9CH         LINE#         27
  C:0A9EH         LINE#         28
  -------         ENDPROC       _DELAY
  -------         PROC          _INIT_HC138
  D:0007H         SYMBOL        n
  C:0926H         LINE#         43
  C:0926H         LINE#         44
  C:0926H         LINE#         45
  C:094BH         LINE#         46
  C:094BH         LINE#         47
  C:094BH         LINE#         48
  C:0953H         LINE#         49
  C:0954H         LINE#         50
  C:0954H         LINE#         51
  C:095CH         LINE#         52
BL51 BANKED LINKER/LOCATER V6.22                                                      11/12/2023  10:16:20  PAGE 6


  C:095DH         LINE#         53
  C:095DH         LINE#         54
  C:0965H         LINE#         55
  C:0966H         LINE#         56
  C:0966H         LINE#         57
  C:096EH         LINE#         58
  C:096FH         LINE#         59
  C:096FH         LINE#         60
  C:0977H         LINE#         61
  C:0978H         LINE#         62
  C:0978H         LINE#         63
  C:0980H         LINE#         64
  C:0981H         LINE#         65
  C:0981H         LINE#         66
  C:0989H         LINE#         67
  C:098AH         LINE#         68
  C:098AH         LINE#         69
  C:0992H         LINE#         70
  C:0992H         LINE#         71
  C:0992H         LINE#         72
  -------         ENDPROC       _INIT_HC138
  -------         ENDMOD        SYS

  -------         MODULE        RELAY
  C:0000H         SYMBOL        _ICE_DUMMY_
  D:0080H         PUBLIC        P0
  D:0090H         PUBLIC        P1
  D:00A0H         PUBLIC        P2
  D:00B0H         PUBLIC        P3
  D:00C0H         PUBLIC        P4
  D:00C8H         PUBLIC        P5
  D:00E8H         PUBLIC        P6
  D:00F8H         PUBLIC        P7
  D:00A8H         PUBLIC        IE
  D:00B8H         PUBLIC        IP
  B:0080H.5       PUBLIC        relay
  D:00D8H         PUBLIC        CCON
  D:0098H         PUBLIC        SCON
  D:0088H         PUBLIC        TCON
  C:0B2DH         PUBLIC        Realy_OFF
  C:0B1DH         PUBLIC        Realy_Init
  D:00D0H         PUBLIC        PSW
  C:0B25H         PUBLIC        Realy_ON
  -------         PROC          REALY_INIT
  C:0B1DH         LINE#         4
  C:0B1DH         LINE#         5
  C:0B1DH         LINE#         6
  C:0B22H         LINE#         7
  C:0B24H         LINE#         8
  -------         ENDPROC       REALY_INIT
  -------         PROC          REALY_ON
  C:0B25H         LINE#         9
  C:0B25H         LINE#         10
  C:0B25H         LINE#         11
  C:0B2AH         LINE#         12
  C:0B2CH         LINE#         13
  -------         ENDPROC       REALY_ON
BL51 BANKED LINKER/LOCATER V6.22                                                      11/12/2023  10:16:20  PAGE 7


  -------         PROC          REALY_OFF
  C:0B2DH         LINE#         14
  C:0B2DH         LINE#         15
  C:0B2DH         LINE#         16
  C:0B32H         LINE#         17
  C:0B34H         LINE#         18
  -------         ENDPROC       REALY_OFF
  -------         ENDMOD        RELAY

  -------         MODULE        SMG
  C:0000H         SYMBOL        _ICE_DUMMY_
  D:0080H         PUBLIC        P0
  D:0090H         PUBLIC        P1
  D:00A0H         PUBLIC        P2
  D:00B0H         PUBLIC        P3
  D:00C0H         PUBLIC        P4
  D:00C8H         PUBLIC        P5
  D:00E8H         PUBLIC        P6
  D:00F8H         PUBLIC        P7
  D:00A8H         PUBLIC        IE
  D:00B8H         PUBLIC        IP
  C:089FH         PUBLIC        display_show
  D:00D8H         PUBLIC        CCON
  D:0098H         PUBLIC        SCON
  D:0088H         PUBLIC        TCON
  C:0A9FH         PUBLIC        YueAdd
  C:0AE1H         PUBLIC        SMG_Init
  C:0A44H         PUBLIC        _SMG_Show
  D:0010H         PUBLIC        yu
  C:0A12H         PUBLIC        show1
  C:0A65H         PUBLIC        show2
  C:0AB2H         PUBLIC        daunma
  D:00D0H         PUBLIC        PSW
  -------         PROC          SMG_INIT
  C:0AE1H         LINE#         5
  C:0AE1H         LINE#         6
  C:0AE1H         LINE#         7
  C:0AE6H         LINE#         8
  -------         ENDPROC       SMG_INIT
  -------         PROC          L?0019
  -------         ENDPROC       L?0019
  -------         PROC          _SMG_SHOW
  D:0008H         SYMBOL        pos
  D:0009H         SYMBOL        date
  C:0A44H         LINE#         11
  C:0A48H         LINE#         12
  C:0A48H         LINE#         13
  C:0A4DH         LINE#         14
  C:0A5CH         LINE#         15
  C:0A61H         LINE#         16
  C:0A64H         LINE#         17
  -------         ENDPROC       _SMG_SHOW
  -------         PROC          SHOW1
  -------         DO            
  D:000AH         SYMBOL        i
  D:000BH         SYMBOL        j
  -------         ENDDO         
BL51 BANKED LINKER/LOCATER V6.22                                                      11/12/2023  10:16:20  PAGE 8


  C:0A12H         LINE#         19
  C:0A12H         LINE#         20
  C:0A12H         LINE#         22
  C:0A15H         LINE#         23
  C:0A15H         LINE#         24
  C:0A18H         LINE#         25
  C:0A18H         LINE#         26
  C:0A24H         LINE#         27
  C:0A2BH         LINE#         28
  C:0A34H         LINE#         29
  C:0A3DH         LINE#         30
  -------         ENDPROC       SHOW1
  -------         PROC          SHOW2
  -------         DO            
  D:000FH         SYMBOL        j
  -------         ENDDO         
  C:0A65H         LINE#         32
  C:0A65H         LINE#         33
  C:0A65H         LINE#         36
  C:0A68H         LINE#         37
  C:0A68H         LINE#         38
  C:0A6BH         LINE#         39
  C:0A72H         LINE#         40
  C:0A7AH         LINE#         41
  C:0A81H         LINE#         42
  C:0A8AH         LINE#         44
  -------         ENDPROC       SHOW2
  -------         PROC          DISPLAY_SHOW
  C:089FH         LINE#         48
  C:089FH         LINE#         49
  C:089FH         LINE#         50
  C:08AAH         LINE#         51
  C:08B1H         LINE#         52
  C:08BCH         LINE#         53
  C:08C3H         LINE#         54
  C:08CEH         LINE#         55
  C:08D5H         LINE#         56
  C:08E0H         LINE#         57
  C:08E7H         LINE#         58
  C:08ECH         LINE#         59
  C:08F3H         LINE#         60
  C:08F8H         LINE#         61
  C:08FFH         LINE#         62
  C:090BH         LINE#         63
  C:0912H         LINE#         64
  C:091FH         LINE#         65
  -------         ENDPROC       DISPLAY_SHOW
  -------         PROC          YUEADD
  C:0A9FH         LINE#         68
  C:0A9FH         LINE#         69
  C:0A9FH         LINE#         70
  C:0AA1H         LINE#         71
  C:0AA8H         LINE#         72
  C:0AA8H         LINE#         73
  C:0AABH         LINE#         74
  C:0AABH         LINE#         75
  -------         ENDPROC       YUEADD
BL51 BANKED LINKER/LOCATER V6.22                                                      11/12/2023  10:16:20  PAGE 9


  -------         ENDMOD        SMG

  -------         MODULE        KEY
  C:0000H         SYMBOL        _ICE_DUMMY_
  B:0080H.2       PUBLIC        L3
  B:0080H.3       PUBLIC        L4
  D:0080H         PUBLIC        P0
  B:0080H.4       PUBLIC        L5
  D:0090H         PUBLIC        P1
  B:0080H.5       PUBLIC        L6
  D:00A0H         PUBLIC        P2
  D:00B0H         PUBLIC        P3
  D:00C0H         PUBLIC        P4
  C:0993H         PUBLIC        ScanKey_Alone
  D:00C8H         PUBLIC        P5
  D:000CH         PUBLIC        S6Flag
  D:00E8H         PUBLIC        P6
  B:00B0H.3       PUBLIC        S4
  D:000DH         PUBLIC        S7Flag
  D:00F8H         PUBLIC        P7
  B:00B0H.2       PUBLIC        S5
  B:00B0H.1       PUBLIC        S6
  B:00B0H.0       PUBLIC        S7
  D:00A8H         PUBLIC        IE
  C:0800H         PUBLIC        Key_contron
  D:00B8H         PUBLIC        IP
  D:00D8H         PUBLIC        CCON
  D:0098H         PUBLIC        SCON
  D:0088H         PUBLIC        TCON
  D:00D0H         PUBLIC        PSW
  B:0080H.0       PUBLIC        L1
  B:0080H.1       PUBLIC        L2
  -------         PROC          SCANKEY_ALONE
  C:0993H         LINE#         15
  C:0993H         LINE#         16
  C:0993H         LINE#         17
  C:0996H         LINE#         18
  C:0996H         LINE#         19
  C:099DH         LINE#         20
  C:09A0H         LINE#         21
  C:09A0H         LINE#         22
  C:09A2H         LINE#         23
  C:09A5H         LINE#         24
  C:09A7H         LINE#         25
  C:09A7H         LINE#         26
  C:09A7H         LINE#         27
  C:09AAH         LINE#         28
  C:09AAH         LINE#         29
  C:09B1H         LINE#         30
  C:09B4H         LINE#         31
  C:09B4H         LINE#         32
  C:09B6H         LINE#         33
  C:09B9H         LINE#         34
  C:09BBH         LINE#         35
  C:09BBH         LINE#         36
  C:09BBH         LINE#         37
  C:09BEH         LINE#         38
BL51 BANKED LINKER/LOCATER V6.22                                                      11/12/2023  10:16:20  PAGE 10


  C:09BEH         LINE#         39
  C:09C5H         LINE#         40
  C:09C8H         LINE#         41
  C:09C8H         LINE#         42
  C:09CAH         LINE#         43
  C:09CDH         LINE#         44
  C:09CFH         LINE#         45
  C:09CFH         LINE#         46
  C:09CFH         LINE#         47
  C:09D2H         LINE#         48
  C:09D2H         LINE#         49
  C:09D9H         LINE#         50
  C:09DCH         LINE#         51
  C:09DCH         LINE#         52
  C:09DEH         LINE#         53
  C:09E1H         LINE#         54
  C:09E3H         LINE#         55
  C:09E3H         LINE#         56
  C:09E3H         LINE#         57
  -------         ENDPROC       SCANKEY_ALONE
  -------         PROC          KEY_CONTRON
  C:0800H         LINE#         58
  C:0800H         LINE#         59
  C:0800H         LINE#         62
  C:0803H         LINE#         63
  C:0803H         LINE#         64
  C:080AH         LINE#         65
  C:0811H         LINE#         66
  C:0811H         LINE#         67
  C:0814H         LINE#         68
  C:0816H         LINE#         69
  C:0819H         LINE#         70
  C:0819H         LINE#         71
  C:0821H         LINE#         72
  C:0821H         LINE#         73
  C:0824H         LINE#         74
  C:0826H         LINE#         75
  C:0829H         LINE#         76
  C:0829H         LINE#         77
  C:0829H         LINE#         78
  C:082CH         LINE#         79
  C:082CH         LINE#         80
  C:0833H         LINE#         81
  C:083AH         LINE#         82
  C:083AH         LINE#         83
  C:083DH         LINE#         84
  C:083FH         LINE#         85
  C:0842H         LINE#         86
  C:0842H         LINE#         87
  C:084AH         LINE#         88
  C:084AH         LINE#         89
  C:084DH         LINE#         90
  C:084FH         LINE#         91
  C:0852H         LINE#         92
  C:0852H         LINE#         93
  C:0852H         LINE#         95
  C:0855H         LINE#         96
BL51 BANKED LINKER/LOCATER V6.22                                                      11/12/2023  10:16:20  PAGE 11


  C:0855H         LINE#         97
  C:085CH         LINE#         98
  C:0864H         LINE#         99
  C:0864H         LINE#         100
  C:0866H         LINE#         101
  C:086BH         LINE#         103
  C:0873H         LINE#         104
  C:0873H         LINE#         105
  C:0875H         LINE#         106
  C:0878H         LINE#         107
  C:0878H         LINE#         108
  C:0878H         LINE#         109
  C:087BH         LINE#         110
  C:087BH         LINE#         111
  C:0882H         LINE#         112
  C:088AH         LINE#         113
  C:088AH         LINE#         114
  C:088CH         LINE#         115
  C:0891H         LINE#         117
  C:0899H         LINE#         118
  C:0899H         LINE#         119
  C:089BH         LINE#         120
  C:089EH         LINE#         121
  C:089EH         LINE#         122
  C:089EH         LINE#         123
  -------         ENDPROC       KEY_CONTRON
  -------         ENDMOD        KEY

*** WARNING L16: UNCALLED SEGMENT, IGNORED FOR OVERLAY PROCESS
    SEGMENT: ?PR?_LED_SHOW?LED

*** WARNING L16: UNCALLED SEGMENT, IGNORED FOR OVERLAY PROCESS
    SEGMENT: ?PR?LED_ALL_ON?LED

*** WARNING L16: UNCALLED SEGMENT, IGNORED FOR OVERLAY PROCESS
    SEGMENT: ?PR?BUZZ_ON?BUZZ

*** WARNING L16: UNCALLED SEGMENT, IGNORED FOR OVERLAY PROCESS
    SEGMENT: ?PR?BUZZ_OFF?BUZZ

*** WARNING L16: UNCALLED SEGMENT, IGNORED FOR OVERLAY PROCESS
    SEGMENT: ?PR?REALY_ON?RELAY

*** WARNING L16: UNCALLED SEGMENT, IGNORED FOR OVERLAY PROCESS
    SEGMENT: ?PR?REALY_OFF?RELAY

*** WARNING L16: UNCALLED SEGMENT, IGNORED FOR OVERLAY PROCESS
    SEGMENT: ?PR?SHOW1?SMG

*** WARNING L16: UNCALLED SEGMENT, IGNORED FOR OVERLAY PROCESS
    SEGMENT: ?PR?SHOW2?SMG

*** WARNING L16: UNCALLED SEGMENT, IGNORED FOR OVERLAY PROCESS
    SEGMENT: ?PR?DISPLAY_SHOW?SMG

*** WARNING L16: UNCALLED SEGMENT, IGNORED FOR OVERLAY PROCESS
    SEGMENT: ?PR?YUEADD?SMG
BL51 BANKED LINKER/LOCATER V6.22                                                      11/12/2023  10:16:20  PAGE 12



*** WARNING L16: UNCALLED SEGMENT, IGNORED FOR OVERLAY PROCESS
    SEGMENT: ?PR?SCANKEY_ALONE?KEY

******************************************************************************
* RESTRICTED VERSION WITH 0800H BYTE CODE SIZE LIMIT; USED: 0329H BYTE (39%) *
******************************************************************************

Program Size: data=18.0 xdata=0 code=824
LINK/LOCATE RUN COMPLETE.  11 WARNING(S),  0 ERROR(S)
