BL51 BANKED LINKER/LOCATER V6.22                                                        11/12/2023  19:54:30  PAGE 1


BL51 BANKED LINKER/LOCATER V6.22, INVOKED BY:
D:\KEIL5\KEIL5.1\C51\BIN\BL51.EXE .\Objects\main.obj, .\Objects\LED.obj, .\Objects\buzz.obj, .\Objects\sys.obj, .\Object
>> s\relay.obj, .\Objects\SMG.obj, .\Objects\key.obj TO .\Objects\test PRINT (.\Listings\test.m51) RAMSIZE (256)


MEMORY MODEL: SMALL


INPUT MODULES INCLUDED:
  .\Objects\main.obj (MAIN)
  .\Objects\LED.obj (LED)
  .\Objects\buzz.obj (BUZZ)
  .\Objects\sys.obj (SYS)
  .\Objects\relay.obj (RELAY)
  .\Objects\SMG.obj (SMG)
  .\Objects\key.obj (KEY)
  D:\KEIL5\KEIL5.1\C51\LIB\C51S.LIB (?C_STARTUP)


LINK MAP OF MODULE:  .\Objects\test (MAIN)


            TYPE    BASE      LENGTH    RELOCATION   SEGMENT NAME
            -----------------------------------------------------

            * * * * * * *   D A T A   M E M O R Y   * * * * * * *
            REG     0000H     0008H     ABSOLUTE     "REG BANK 0"
            DATA    0008H     0002H     UNIT         ?DT?_SMG_SHOW?SMG
            DATA    000AH     0002H     UNIT         ?DT?SHOW1?SMG
            DATA    000CH     0002H     UNIT         ?DT?KEY
            DATA    000EH     0001H     UNIT         ?DT?_LED_SHOW?LED
            DATA    000FH     0001H     UNIT         ?DT?SHOW2?SMG
            DATA    0010H     0001H     UNIT         ?DT?SMG
            IDATA   0011H     0001H     UNIT         ?STACK

            * * * * * * *   C O D E   M E M O R Y   * * * * * * *
            CODE    0000H     0003H     ABSOLUTE     
                    0003H     07FDH                  *** GAP ***
            CODE    0800H     00A7H     UNIT         ?PR?KEY_CONTRON?KEY
            CODE    08A7H     0087H     UNIT         ?PR?DISPLAY_SHOW?SMG
            CODE    092EH     006DH     UNIT         ?PR?_INIT_HC138?SYS
            CODE    099BH     0051H     UNIT         ?PR?SCANKEY_ALONE?KEY
            CODE    09ECH     002EH     UNIT         ?PR?_LED_SHOW?LED
            CODE    0A1AH     002CH     UNIT         ?PR?SHOW1?SMG
            CODE    0A46H     0027H     UNIT         ?PR?_SMG_SHOW?SMG
            CODE    0A6DH     0026H     UNIT         ?PR?SHOW2?SMG
            CODE    0A93H     0014H     UNIT         ?PR?_DELAY?SYS
            CODE    0AA7H     0013H     UNIT         ?PR?YUEADD?SMG
            CODE    0ABAH     0012H     UNIT         ?CO?SMG
            CODE    0ACCH     0011H     UNIT         ?PR?MAIN?MAIN
            CODE    0ADDH     000CH     UNIT         ?C_C51STARTUP
            CODE    0AE9H     000AH     UNIT         ?PR?SMG_INIT?SMG
            CODE    0AF3H     0009H     UNIT         ?PR?LED_ALL_ON?LED
            CODE    0AFCH     0009H     UNIT         ?PR?LED_ALL_OFF?LED
            CODE    0B05H     0008H     UNIT         ?PR?LED_INIT?LED
            CODE    0B0DH     0008H     UNIT         ?PR?BUZZ_INIT?BUZZ
            CODE    0B15H     0008H     UNIT         ?PR?BUZZ_ON?BUZZ
            CODE    0B1DH     0008H     UNIT         ?PR?BUZZ_OFF?BUZZ
BL51 BANKED LINKER/LOCATER V6.22                                                      11/12/2023  19:54:30  PAGE 2


            CODE    0B25H     0008H     UNIT         ?PR?REALY_INIT?RELAY
            CODE    0B2DH     0008H     UNIT         ?PR?REALY_ON?RELAY
            CODE    0B35H     0008H     UNIT         ?PR?REALY_OFF?RELAY



OVERLAY MAP OF MODULE:   .\Objects\test (MAIN)


SEGMENT
  +--> CALLED SEGMENT
---------------------
?C_C51STARTUP
  +--> ?PR?MAIN?MAIN

?PR?MAIN?MAIN
  +--> ?PR?LED_INIT?LED
  +--> ?PR?BUZZ_INIT?BUZZ
  +--> ?PR?REALY_INIT?RELAY
  +--> ?PR?SMG_INIT?SMG
  +--> ?PR?KEY_CONTRON?KEY

?PR?LED_INIT?LED
  +--> ?PR?_INIT_HC138?SYS
  +--> ?PR?LED_ALL_OFF?LED

?PR?LED_ALL_OFF?LED
  +--> ?PR?_INIT_HC138?SYS

?PR?BUZZ_INIT?BUZZ
  +--> ?PR?_INIT_HC138?SYS

?PR?REALY_INIT?RELAY
  +--> ?PR?_INIT_HC138?SYS

?PR?SMG_INIT?SMG
  +--> ?PR?_INIT_HC138?SYS

?PR?KEY_CONTRON?KEY
  +--> ?PR?_DELAY?SYS



SYMBOL TABLE OF MODULE:  .\Objects\test (MAIN)

  VALUE           TYPE          NAME
  ----------------------------------

  -------         MODULE        MAIN
  C:0000H         SYMBOL        _ICE_DUMMY_
  D:0080H         PUBLIC        P0
  D:0090H         PUBLIC        P1
  D:00A0H         PUBLIC        P2
  D:00B0H         PUBLIC        P3
  D:00C0H         PUBLIC        P4
  D:00C8H         PUBLIC        P5
  D:00E8H         PUBLIC        P6
BL51 BANKED LINKER/LOCATER V6.22                                                      11/12/2023  19:54:30  PAGE 3


  D:00F8H         PUBLIC        P7
  D:00A8H         PUBLIC        IE
  D:00B8H         PUBLIC        IP
  D:00D8H         PUBLIC        CCON
  C:0ACCH         PUBLIC        main
  D:0098H         PUBLIC        SCON
  D:0088H         PUBLIC        TCON
  D:00D0H         PUBLIC        PSW
  -------         PROC          MAIN
  C:0ACCH         LINE#         3
  C:0ACCH         LINE#         4
  C:0ACCH         LINE#         5
  C:0ACFH         LINE#         6
  C:0AD2H         LINE#         7
  C:0AD5H         LINE#         8
  C:0AD8H         LINE#         9
  C:0AD8H         LINE#         10
  C:0AD8H         LINE#         11
  C:0ADBH         LINE#         12
  -------         ENDPROC       MAIN
  -------         ENDMOD        MAIN

  -------         MODULE        LED
  C:0000H         SYMBOL        _ICE_DUMMY_
  D:0080H         PUBLIC        P0
  D:0090H         PUBLIC        P1
  D:00A0H         PUBLIC        P2
  D:00B0H         PUBLIC        P3
  D:00C0H         PUBLIC        P4
  D:00C8H         PUBLIC        P5
  D:00E8H         PUBLIC        P6
  D:00F8H         PUBLIC        P7
  C:0AF3H         PUBLIC        LED_ALL_ON
  D:00A8H         PUBLIC        IE
  D:00B8H         PUBLIC        IP
  D:00D8H         PUBLIC        CCON
  D:0098H         PUBLIC        SCON
  D:0088H         PUBLIC        TCON
  C:0AFCH         PUBLIC        LED_ALL_OFF
  C:0B05H         PUBLIC        LED_Init
  C:09ECH         PUBLIC        _LED_SHOW
  D:00D0H         PUBLIC        PSW
  -------         PROC          _LED_SHOW
  D:000EH         SYMBOL        num
  C:09ECH         LINE#         17
  C:09EEH         LINE#         18
  C:09EEH         LINE#         19
  C:09FBH         LINE#         20
  C:09FBH         LINE#         21
  C:0A00H         LINE#         22
  C:0A10H         LINE#         23
  C:0A11H         LINE#         25
  C:0A11H         LINE#         26
  C:0A16H         LINE#         27
  C:0A19H         LINE#         28
  C:0A19H         LINE#         29
  -------         ENDPROC       _LED_SHOW
BL51 BANKED LINKER/LOCATER V6.22                                                      11/12/2023  19:54:30  PAGE 4


  -------         PROC          LED_INIT
  C:0B05H         LINE#         31
  C:0B05H         LINE#         32
  C:0B05H         LINE#         33
  C:0B0AH         LINE#         34
  -------         ENDPROC       LED_INIT
  -------         PROC          LED_ALL_ON
  C:0AF3H         LINE#         37
  C:0AF3H         LINE#         38
  C:0AF3H         LINE#         39
  C:0AF8H         LINE#         40
  C:0AFBH         LINE#         41
  -------         ENDPROC       LED_ALL_ON
  -------         PROC          LED_ALL_OFF
  C:0AFCH         LINE#         43
  C:0AFCH         LINE#         44
  C:0AFCH         LINE#         45
  C:0B01H         LINE#         46
  C:0B04H         LINE#         47
  -------         ENDPROC       LED_ALL_OFF
  -------         ENDMOD        LED

  -------         MODULE        BUZZ
  C:0000H         SYMBOL        _ICE_DUMMY_
  D:0080H         PUBLIC        P0
  D:0090H         PUBLIC        P1
  D:00A0H         PUBLIC        P2
  D:00B0H         PUBLIC        P3
  D:00C0H         PUBLIC        P4
  D:00C8H         PUBLIC        P5
  D:00E8H         PUBLIC        P6
  D:00F8H         PUBLIC        P7
  C:0B1DH         PUBLIC        BUZZ_OFF
  D:00A8H         PUBLIC        IE
  D:00B8H         PUBLIC        IP
  D:00D8H         PUBLIC        CCON
  D:0098H         PUBLIC        SCON
  D:0088H         PUBLIC        TCON
  C:0B0DH         PUBLIC        BUZZ_Init
  C:0B15H         PUBLIC        BUZZ_ON
  B:0080H.7       PUBLIC        buzz
  D:00D0H         PUBLIC        PSW
  -------         PROC          BUZZ_INIT
  C:0B0DH         LINE#         4
  C:0B0DH         LINE#         5
  C:0B0DH         LINE#         6
  C:0B12H         LINE#         7
  C:0B14H         LINE#         8
  -------         ENDPROC       BUZZ_INIT
  -------         PROC          BUZZ_ON
  C:0B15H         LINE#         9
  C:0B15H         LINE#         10
  C:0B15H         LINE#         11
  C:0B1AH         LINE#         12
  C:0B1CH         LINE#         13
  -------         ENDPROC       BUZZ_ON
  -------         PROC          BUZZ_OFF
BL51 BANKED LINKER/LOCATER V6.22                                                      11/12/2023  19:54:30  PAGE 5


  C:0B1DH         LINE#         14
  C:0B1DH         LINE#         15
  C:0B1DH         LINE#         16
  C:0B22H         LINE#         17
  C:0B24H         LINE#         18
  -------         ENDPROC       BUZZ_OFF
  -------         ENDMOD        BUZZ

  -------         MODULE        SYS
  C:0000H         SYMBOL        _ICE_DUMMY_
  D:0080H         PUBLIC        P0
  D:0090H         PUBLIC        P1
  D:00A0H         PUBLIC        P2
  D:00B0H         PUBLIC        P3
  D:00C0H         PUBLIC        P4
  D:00C8H         PUBLIC        P5
  D:00E8H         PUBLIC        P6
  D:00F8H         PUBLIC        P7
  D:00A8H         PUBLIC        IE
  D:00B8H         PUBLIC        IP
  C:092EH         PUBLIC        _Init_HC138
  D:00D8H         PUBLIC        CCON
  D:0098H         PUBLIC        SCON
  D:0088H         PUBLIC        TCON
  C:0A93H         PUBLIC        _Delay
  D:00D0H         PUBLIC        PSW
  -------         PROC          _DELAY
  D:0006H         SYMBOL        ms
  -------         DO            
  D:0005H         SYMBOL        i
  D:0004H         SYMBOL        j
  -------         ENDDO         
  C:0A93H         LINE#         15
  C:0A93H         LINE#         16
  C:0A93H         LINE#         18
  C:0A97H         LINE#         19
  C:0A97H         LINE#         20
  C:0A99H         LINE#         21
  C:0A9BH         LINE#         23
  C:0A9BH         LINE#         24
  C:0A9DH         LINE#         25
  C:0A9FH         LINE#         26
  C:0AA4H         LINE#         27
  C:0AA6H         LINE#         28
  -------         ENDPROC       _DELAY
  -------         PROC          _INIT_HC138
  D:0007H         SYMBOL        n
  C:092EH         LINE#         43
  C:092EH         LINE#         44
  C:092EH         LINE#         45
  C:0953H         LINE#         46
  C:0953H         LINE#         47
  C:0953H         LINE#         48
  C:095BH         LINE#         49
  C:095CH         LINE#         50
  C:095CH         LINE#         51
  C:0964H         LINE#         52
BL51 BANKED LINKER/LOCATER V6.22                                                      11/12/2023  19:54:30  PAGE 6


  C:0965H         LINE#         53
  C:0965H         LINE#         54
  C:096DH         LINE#         55
  C:096EH         LINE#         56
  C:096EH         LINE#         57
  C:0976H         LINE#         58
  C:0977H         LINE#         59
  C:0977H         LINE#         60
  C:097FH         LINE#         61
  C:0980H         LINE#         62
  C:0980H         LINE#         63
  C:0988H         LINE#         64
  C:0989H         LINE#         65
  C:0989H         LINE#         66
  C:0991H         LINE#         67
  C:0992H         LINE#         68
  C:0992H         LINE#         69
  C:099AH         LINE#         70
  C:099AH         LINE#         71
  C:099AH         LINE#         72
  -------         ENDPROC       _INIT_HC138
  -------         ENDMOD        SYS

  -------         MODULE        RELAY
  C:0000H         SYMBOL        _ICE_DUMMY_
  D:0080H         PUBLIC        P0
  D:0090H         PUBLIC        P1
  D:00A0H         PUBLIC        P2
  D:00B0H         PUBLIC        P3
  D:00C0H         PUBLIC        P4
  D:00C8H         PUBLIC        P5
  D:00E8H         PUBLIC        P6
  D:00F8H         PUBLIC        P7
  D:00A8H         PUBLIC        IE
  D:00B8H         PUBLIC        IP
  B:0080H.5       PUBLIC        relay
  D:00D8H         PUBLIC        CCON
  D:0098H         PUBLIC        SCON
  D:0088H         PUBLIC        TCON
  C:0B35H         PUBLIC        Realy_OFF
  C:0B25H         PUBLIC        Realy_Init
  D:00D0H         PUBLIC        PSW
  C:0B2DH         PUBLIC        Realy_ON
  -------         PROC          REALY_INIT
  C:0B25H         LINE#         4
  C:0B25H         LINE#         5
  C:0B25H         LINE#         6
  C:0B2AH         LINE#         7
  C:0B2CH         LINE#         8
  -------         ENDPROC       REALY_INIT
  -------         PROC          REALY_ON
  C:0B2DH         LINE#         9
  C:0B2DH         LINE#         10
  C:0B2DH         LINE#         11
  C:0B32H         LINE#         12
  C:0B34H         LINE#         13
  -------         ENDPROC       REALY_ON
BL51 BANKED LINKER/LOCATER V6.22                                                      11/12/2023  19:54:30  PAGE 7


  -------         PROC          REALY_OFF
  C:0B35H         LINE#         14
  C:0B35H         LINE#         15
  C:0B35H         LINE#         16
  C:0B3AH         LINE#         17
  C:0B3CH         LINE#         18
  -------         ENDPROC       REALY_OFF
  -------         ENDMOD        RELAY

  -------         MODULE        SMG
  C:0000H         SYMBOL        _ICE_DUMMY_
  D:0080H         PUBLIC        P0
  D:0090H         PUBLIC        P1
  D:00A0H         PUBLIC        P2
  D:00B0H         PUBLIC        P3
  D:00C0H         PUBLIC        P4
  D:00C8H         PUBLIC        P5
  D:00E8H         PUBLIC        P6
  D:00F8H         PUBLIC        P7
  D:00A8H         PUBLIC        IE
  D:00B8H         PUBLIC        IP
  C:08A7H         PUBLIC        display_show
  D:00D8H         PUBLIC        CCON
  D:0098H         PUBLIC        SCON
  D:0088H         PUBLIC        TCON
  C:0AA7H         PUBLIC        YueAdd
  C:0AE9H         PUBLIC        SMG_Init
  C:0A4CH         PUBLIC        _SMG_Show
  D:0010H         PUBLIC        yu
  C:0A1AH         PUBLIC        show1
  C:0A6DH         PUBLIC        show2
  C:0ABAH         PUBLIC        daunma
  D:00D0H         PUBLIC        PSW
  -------         PROC          SMG_INIT
  C:0AE9H         LINE#         5
  C:0AE9H         LINE#         6
  C:0AE9H         LINE#         7
  C:0AEEH         LINE#         8
  -------         ENDPROC       SMG_INIT
  -------         PROC          L?0019
  -------         ENDPROC       L?0019
  -------         PROC          _SMG_SHOW
  D:0008H         SYMBOL        pos
  D:0009H         SYMBOL        date
  C:0A4CH         LINE#         11
  C:0A50H         LINE#         12
  C:0A50H         LINE#         13
  C:0A55H         LINE#         14
  C:0A64H         LINE#         15
  C:0A69H         LINE#         16
  C:0A6CH         LINE#         17
  -------         ENDPROC       _SMG_SHOW
  -------         PROC          SHOW1
  -------         DO            
  D:000AH         SYMBOL        i
  D:000BH         SYMBOL        j
  -------         ENDDO         
BL51 BANKED LINKER/LOCATER V6.22                                                      11/12/2023  19:54:30  PAGE 8


  C:0A1AH         LINE#         19
  C:0A1AH         LINE#         20
  C:0A1AH         LINE#         22
  C:0A1DH         LINE#         23
  C:0A1DH         LINE#         24
  C:0A20H         LINE#         25
  C:0A20H         LINE#         26
  C:0A2CH         LINE#         27
  C:0A33H         LINE#         28
  C:0A3CH         LINE#         29
  C:0A45H         LINE#         30
  -------         ENDPROC       SHOW1
  -------         PROC          SHOW2
  -------         DO            
  D:000FH         SYMBOL        j
  -------         ENDDO         
  C:0A6DH         LINE#         32
  C:0A6DH         LINE#         33
  C:0A6DH         LINE#         36
  C:0A70H         LINE#         37
  C:0A70H         LINE#         38
  C:0A73H         LINE#         39
  C:0A7AH         LINE#         40
  C:0A82H         LINE#         41
  C:0A89H         LINE#         42
  C:0A92H         LINE#         44
  -------         ENDPROC       SHOW2
  -------         PROC          DISPLAY_SHOW
  C:08A7H         LINE#         48
  C:08A7H         LINE#         49
  C:08A7H         LINE#         50
  C:08B2H         LINE#         51
  C:08B9H         LINE#         52
  C:08C4H         LINE#         53
  C:08CBH         LINE#         54
  C:08D6H         LINE#         55
  C:08DDH         LINE#         56
  C:08E8H         LINE#         57
  C:08EFH         LINE#         58
  C:08F4H         LINE#         59
  C:08FBH         LINE#         60
  C:0900H         LINE#         61
  C:0907H         LINE#         62
  C:0913H         LINE#         63
  C:091AH         LINE#         64
  C:0927H         LINE#         65
  -------         ENDPROC       DISPLAY_SHOW
  -------         PROC          YUEADD
  C:0AA7H         LINE#         68
  C:0AA7H         LINE#         69
  C:0AA7H         LINE#         70
  C:0AA9H         LINE#         71
  C:0AB0H         LINE#         72
  C:0AB0H         LINE#         73
  C:0AB3H         LINE#         74
  C:0AB3H         LINE#         75
  -------         ENDPROC       YUEADD
BL51 BANKED LINKER/LOCATER V6.22                                                      11/12/2023  19:54:30  PAGE 9


  -------         ENDMOD        SMG

  -------         MODULE        KEY
  C:0000H         SYMBOL        _ICE_DUMMY_
  B:0080H.2       PUBLIC        L3
  B:0080H.3       PUBLIC        L4
  D:0080H         PUBLIC        P0
  B:0080H.4       PUBLIC        L5
  D:0090H         PUBLIC        P1
  B:0080H.5       PUBLIC        L6
  D:00A0H         PUBLIC        P2
  D:00B0H         PUBLIC        P3
  D:00C0H         PUBLIC        P4
  C:099BH         PUBLIC        ScanKey_Alone
  D:00C8H         PUBLIC        P5
  D:000CH         PUBLIC        S6Flag
  D:00E8H         PUBLIC        P6
  B:00B0H.3       PUBLIC        S4
  D:000DH         PUBLIC        S7Flag
  D:00F8H         PUBLIC        P7
  B:00B0H.2       PUBLIC        S5
  B:00B0H.1       PUBLIC        S6
  B:00B0H.0       PUBLIC        S7
  D:00A8H         PUBLIC        IE
  C:0800H         PUBLIC        Key_contron
  D:00B8H         PUBLIC        IP
  D:00D8H         PUBLIC        CCON
  D:0098H         PUBLIC        SCON
  D:0088H         PUBLIC        TCON
  D:00D0H         PUBLIC        PSW
  B:0080H.0       PUBLIC        L1
  B:0080H.1       PUBLIC        L2
  -------         PROC          SCANKEY_ALONE
  C:099BH         LINE#         15
  C:099BH         LINE#         16
  C:099BH         LINE#         17
  C:099EH         LINE#         18
  C:099EH         LINE#         19
  C:09A5H         LINE#         20
  C:09A8H         LINE#         21
  C:09A8H         LINE#         22
  C:09AAH         LINE#         23
  C:09ADH         LINE#         24
  C:09AFH         LINE#         25
  C:09AFH         LINE#         26
  C:09AFH         LINE#         27
  C:09B2H         LINE#         28
  C:09B2H         LINE#         29
  C:09B9H         LINE#         30
  C:09BCH         LINE#         31
  C:09BCH         LINE#         32
  C:09BEH         LINE#         33
  C:09C1H         LINE#         34
  C:09C3H         LINE#         35
  C:09C3H         LINE#         36
  C:09C3H         LINE#         37
  C:09C6H         LINE#         38
BL51 BANKED LINKER/LOCATER V6.22                                                      11/12/2023  19:54:30  PAGE 10


  C:09C6H         LINE#         39
  C:09CDH         LINE#         40
  C:09D0H         LINE#         41
  C:09D0H         LINE#         42
  C:09D2H         LINE#         43
  C:09D5H         LINE#         44
  C:09D7H         LINE#         45
  C:09D7H         LINE#         46
  C:09D7H         LINE#         47
  C:09DAH         LINE#         48
  C:09DAH         LINE#         49
  C:09E1H         LINE#         50
  C:09E4H         LINE#         51
  C:09E4H         LINE#         52
  C:09E6H         LINE#         53
  C:09E9H         LINE#         54
  C:09EBH         LINE#         55
  C:09EBH         LINE#         56
  C:09EBH         LINE#         57
  -------         ENDPROC       SCANKEY_ALONE
  -------         PROC          KEY_CONTRON
  C:0800H         LINE#         58
  C:0800H         LINE#         59
  C:0800H         LINE#         62
  C:0803H         LINE#         63
  C:0803H         LINE#         64
  C:080AH         LINE#         65
  C:0815H         LINE#         66
  C:0815H         LINE#         67
  C:0818H         LINE#         68
  C:081AH         LINE#         69
  C:081DH         LINE#         70
  C:081DH         LINE#         71
  C:0825H         LINE#         72
  C:0825H         LINE#         73
  C:0828H         LINE#         74
  C:082AH         LINE#         75
  C:082DH         LINE#         76
  C:082DH         LINE#         77
  C:082DH         LINE#         78
  C:0830H         LINE#         79
  C:0830H         LINE#         80
  C:0837H         LINE#         81
  C:0842H         LINE#         82
  C:0842H         LINE#         83
  C:0845H         LINE#         84
  C:0847H         LINE#         85
  C:084AH         LINE#         86
  C:084AH         LINE#         87
  C:0852H         LINE#         88
  C:0852H         LINE#         89
  C:0855H         LINE#         90
  C:0857H         LINE#         91
  C:085AH         LINE#         92
  C:085AH         LINE#         93
  C:085AH         LINE#         95
  C:085DH         LINE#         96
BL51 BANKED LINKER/LOCATER V6.22                                                      11/12/2023  19:54:30  PAGE 11


  C:085DH         LINE#         97
  C:0864H         LINE#         98
  C:086CH         LINE#         99
  C:086CH         LINE#         100
  C:086EH         LINE#         101
  C:0873H         LINE#         103
  C:087BH         LINE#         104
  C:087BH         LINE#         105
  C:087DH         LINE#         106
  C:0880H         LINE#         107
  C:0880H         LINE#         108
  C:0880H         LINE#         109
  C:0883H         LINE#         110
  C:0883H         LINE#         111
  C:088AH         LINE#         112
  C:0892H         LINE#         113
  C:0892H         LINE#         114
  C:0894H         LINE#         115
  C:0899H         LINE#         117
  C:08A1H         LINE#         118
  C:08A1H         LINE#         119
  C:08A3H         LINE#         120
  C:08A6H         LINE#         121
  C:08A6H         LINE#         122
  C:08A6H         LINE#         123
  -------         ENDPROC       KEY_CONTRON
  -------         ENDMOD        KEY

*** WARNING L16: UNCALLED SEGMENT, IGNORED FOR OVERLAY PROCESS
    SEGMENT: ?PR?_LED_SHOW?LED

*** WARNING L16: UNCALLED SEGMENT, IGNORED FOR OVERLAY PROCESS
    SEGMENT: ?PR?LED_ALL_ON?LED

*** WARNING L16: UNCALLED SEGMENT, IGNORED FOR OVERLAY PROCESS
    SEGMENT: ?PR?BUZZ_ON?BUZZ

*** WARNING L16: UNCALLED SEGMENT, IGNORED FOR OVERLAY PROCESS
    SEGMENT: ?PR?BUZZ_OFF?BUZZ

*** WARNING L16: UNCALLED SEGMENT, IGNORED FOR OVERLAY PROCESS
    SEGMENT: ?PR?REALY_ON?RELAY

*** WARNING L16: UNCALLED SEGMENT, IGNORED FOR OVERLAY PROCESS
    SEGMENT: ?PR?REALY_OFF?RELAY

*** WARNING L16: UNCALLED SEGMENT, IGNORED FOR OVERLAY PROCESS
    SEGMENT: ?PR?SHOW1?SMG

*** WARNING L16: UNCALLED SEGMENT, IGNORED FOR OVERLAY PROCESS
    SEGMENT: ?PR?SHOW2?SMG

*** WARNING L16: UNCALLED SEGMENT, IGNORED FOR OVERLAY PROCESS
    SEGMENT: ?PR?DISPLAY_SHOW?SMG

*** WARNING L16: UNCALLED SEGMENT, IGNORED FOR OVERLAY PROCESS
    SEGMENT: ?PR?YUEADD?SMG
BL51 BANKED LINKER/LOCATER V6.22                                                      11/12/2023  19:54:30  PAGE 12



*** WARNING L16: UNCALLED SEGMENT, IGNORED FOR OVERLAY PROCESS
    SEGMENT: ?PR?SCANKEY_ALONE?KEY

******************************************************************************
* RESTRICTED VERSION WITH 0800H BYTE CODE SIZE LIMIT; USED: 0331H BYTE (39%) *
******************************************************************************

Program Size: data=18.0 xdata=0 code=832
LINK/LOCATE RUN COMPLETE.  11 WARNING(S),  0 ERROR(S)
