BL51 BANKED LINKER/LOCATER V6.22                                                        11/12/2023  18:34:42  PAGE 1


BL51 BANKED LINKER/LOCATER V6.22, INVOKED BY:
D:\KEIL5\KEIL5.1\C51\BIN\BL51.EXE .\Objects\main.obj, .\Objects\LED.obj, .\Objects\buzz.obj, .\Objects\sys.obj, .\Object
>> s\relay.obj, .\Objects\SMG.obj, .\Objects\key.obj, .\Objects\exit.obj TO .\Objects\test PRINT (.\Listings\test.m51) R
>> AMSIZE (256)


MEMORY MODEL: SMALL


INPUT MODULES INCLUDED:
  .\Objects\main.obj (MAIN)
  .\Objects\LED.obj (LED)
  .\Objects\buzz.obj (BUZZ)
  .\Objects\sys.obj (SYS)
  .\Objects\relay.obj (RELAY)
  .\Objects\SMG.obj (SMG)
  .\Objects\key.obj (KEY)
  .\Objects\exit.obj (EXIT)
  D:\KEIL5\KEIL5.1\C51\LIB\C51S.LIB (?C_STARTUP)
  D:\KEIL5\KEIL5.1\C51\LIB\C51S.LIB (?C_INIT)


LINK MAP OF MODULE:  .\Objects\test (MAIN)


            TYPE    BASE      LENGTH    RELOCATION   SEGMENT NAME
            -----------------------------------------------------

            * * * * * * *   D A T A   M E M O R Y   * * * * * * *
            REG     0000H     0008H     ABSOLUTE     "REG BANK 0"
            DATA    0008H     0002H     UNIT         ?DT?_SMG_SHOW?SMG
            DATA    000AH     0002H     UNIT         ?DT?SHOW1?SMG
            DATA    000CH     0001H     UNIT         ?DT?_LED_SHOW?LED
            DATA    000DH     0001H     UNIT         ?DT?SHOW2?SMG
            DATA    000EH     0001H     UNIT         ?DT?SMG
            DATA    000FH     0001H     UNIT         ?DT?KEY
            DATA    0010H     0001H     UNIT         ?DT?EXIT
            IDATA   0011H     0001H     UNIT         ?STACK

            * * * * * * *   C O D E   M E M O R Y   * * * * * * *
            CODE    0000H     0003H     ABSOLUTE     
            CODE    0003H     0003H     ABSOLUTE     
                    0006H     07FAH                  *** GAP ***
            CODE    0800H     008CH     UNIT         ?C_C51STARTUP
            CODE    088CH     0087H     UNIT         ?PR?DISPLAY_SHOW?SMG
            CODE    0913H     006DH     UNIT         ?PR?_INIT_HC138?SYS
            CODE    0980H     005BH     UNIT         ?PR?SCANKEY_ALONE?KEY
            CODE    09DBH     0054H     UNIT         ?PR?KEY_READ?KEY
            CODE    0A2FH     002EH     UNIT         ?PR?_LED_SHOW?LED
            CODE    0A5DH     002CH     UNIT         ?PR?SHOW1?SMG
            CODE    0A89H     0027H     UNIT         ?PR?_SMG_SHOW?SMG
            CODE    0AB0H     0026H     UNIT         ?PR?SHOW2?SMG
            CODE    0AD6H     001CH     UNIT         ?PR?LED_WORK?LED
            CODE    0AF2H     0015H     UNIT         ?PR?MAIN?MAIN
            CODE    0B07H     0014H     UNIT         ?PR?_DELAY?SYS
            CODE    0B1BH     0013H     UNIT         ?PR?YUEADD?SMG
            CODE    0B2EH     0012H     UNIT         ?CO?SMG
            CODE    0B40H     000AH     UNIT         ?PR?SMG_INIT?SMG
BL51 BANKED LINKER/LOCATER V6.22                                                      11/12/2023  18:34:42  PAGE 2


            CODE    0B4AH     0009H     UNIT         ?PR?LED_ALL_ON?LED
            CODE    0B53H     0009H     UNIT         ?PR?LED_ALL_OFF?LED
            CODE    0B5CH     0009H     UNIT         ?PR?EXIT_INIT?EXIT
            CODE    0B65H     0008H     UNIT         ?PR?LED_INIT?LED
            CODE    0B6DH     0008H     UNIT         ?PR?BUZZ_INIT?BUZZ
            CODE    0B75H     0008H     UNIT         ?PR?BUZZ_ON?BUZZ
            CODE    0B7DH     0008H     UNIT         ?PR?BUZZ_OFF?BUZZ
            CODE    0B85H     0008H     UNIT         ?PR?REALY_INIT?RELAY
            CODE    0B8DH     0008H     UNIT         ?PR?REALY_ON?RELAY
            CODE    0B95H     0008H     UNIT         ?PR?REALY_OFF?RELAY
            CODE    0B9DH     0004H     UNIT         ?PR?INTERRUPT0?EXIT
            CODE    0BA1H     0004H     UNIT         ?C_INITSEG



OVERLAY MAP OF MODULE:   .\Objects\test (MAIN)


SEGMENT
  +--> CALLED SEGMENT
---------------------
?C_C51STARTUP
  +--> ?PR?MAIN?MAIN
  +--> ?C_INITSEG

?PR?MAIN?MAIN
  +--> ?PR?EXIT_INIT?EXIT
  +--> ?PR?LED_WORK?LED
  +--> ?PR?SCANKEY_ALONE?KEY

?PR?LED_WORK?LED
  +--> ?PR?_INIT_HC138?SYS
  +--> ?PR?_DELAY?SYS

?PR?SCANKEY_ALONE?KEY
  +--> ?PR?_DELAY?SYS
  +--> ?PR?_INIT_HC138?SYS



SYMBOL TABLE OF MODULE:  .\Objects\test (MAIN)

  VALUE           TYPE          NAME
  ----------------------------------

  -------         MODULE        MAIN
  C:0000H         SYMBOL        _ICE_DUMMY_
  D:0080H         PUBLIC        P0
  D:0090H         PUBLIC        P1
  D:00A0H         PUBLIC        P2
  D:00B0H         PUBLIC        P3
  B:0080H.7       PUBLIC        L8
  D:00C0H         PUBLIC        P4
  D:00C8H         PUBLIC        P5
  D:00E8H         PUBLIC        P6
  D:00F8H         PUBLIC        P7
  D:00A8H         PUBLIC        IE
BL51 BANKED LINKER/LOCATER V6.22                                                      11/12/2023  18:34:42  PAGE 3


  D:00B8H         PUBLIC        IP
  D:00D8H         PUBLIC        CCON
  C:0AF2H         PUBLIC        main
  D:0098H         PUBLIC        SCON
  D:0088H         PUBLIC        TCON
  D:00D0H         PUBLIC        PSW
  -------         PROC          MAIN
  C:0AF2H         LINE#         4
  C:0AF2H         LINE#         5
  C:0AF2H         LINE#         10
  C:0AF5H         LINE#         11
  C:0AF5H         LINE#         12
  C:0AF5H         LINE#         14
  C:0AF8H         LINE#         15
  C:0AFBH         LINE#         16
  C:0B00H         LINE#         17
  C:0B00H         LINE#         19
  C:0B02H         LINE#         20
  C:0B05H         LINE#         21
  C:0B05H         LINE#         23
  -------         ENDPROC       MAIN
  -------         ENDMOD        MAIN

  -------         MODULE        LED
  C:0000H         SYMBOL        _ICE_DUMMY_
  D:0080H         PUBLIC        P0
  D:0090H         PUBLIC        P1
  D:00A0H         PUBLIC        P2
  D:00B0H         PUBLIC        P3
  D:00C0H         PUBLIC        P4
  D:00C8H         PUBLIC        P5
  D:00E8H         PUBLIC        P6
  D:00F8H         PUBLIC        P7
  C:0B4AH         PUBLIC        LED_ALL_ON
  D:00A8H         PUBLIC        IE
  D:00B8H         PUBLIC        IP
  D:00D8H         PUBLIC        CCON
  D:0098H         PUBLIC        SCON
  D:0088H         PUBLIC        TCON
  C:0B53H         PUBLIC        LED_ALL_OFF
  C:0B65H         PUBLIC        LED_Init
  C:0AD6H         PUBLIC        LED_Work
  C:0A2FH         PUBLIC        _LED_SHOW
  D:00D0H         PUBLIC        PSW
  B:0080H.0       PUBLIC        L1
  -------         PROC          LED_WORK
  C:0AD6H         LINE#         3
  C:0AD6H         LINE#         4
  C:0AD6H         LINE#         5
  C:0ADBH         LINE#         6
  C:0ADDH         LINE#         7
  C:0AE4H         LINE#         8
  C:0AE9H         LINE#         9
  C:0AEBH         LINE#         10
  -------         ENDPROC       LED_WORK
  -------         PROC          _LED_SHOW
  D:000CH         SYMBOL        num
BL51 BANKED LINKER/LOCATER V6.22                                                      11/12/2023  18:34:42  PAGE 4


  C:0A2FH         LINE#         26
  C:0A31H         LINE#         27
  C:0A31H         LINE#         28
  C:0A3EH         LINE#         29
  C:0A3EH         LINE#         30
  C:0A43H         LINE#         31
  C:0A53H         LINE#         32
  C:0A54H         LINE#         34
  C:0A54H         LINE#         35
  C:0A59H         LINE#         36
  C:0A5CH         LINE#         37
  C:0A5CH         LINE#         38
  -------         ENDPROC       _LED_SHOW
  -------         PROC          LED_INIT
  C:0B65H         LINE#         40
  C:0B65H         LINE#         41
  C:0B65H         LINE#         42
  C:0B6AH         LINE#         43
  -------         ENDPROC       LED_INIT
  -------         PROC          LED_ALL_ON
  C:0B4AH         LINE#         46
  C:0B4AH         LINE#         47
  C:0B4AH         LINE#         48
  C:0B4FH         LINE#         49
  C:0B52H         LINE#         50
  -------         ENDPROC       LED_ALL_ON
  -------         PROC          LED_ALL_OFF
  C:0B53H         LINE#         52
  C:0B53H         LINE#         53
  C:0B53H         LINE#         54
  C:0B58H         LINE#         55
  C:0B5BH         LINE#         56
  -------         ENDPROC       LED_ALL_OFF
  -------         ENDMOD        LED

  -------         MODULE        BUZZ
  C:0000H         SYMBOL        _ICE_DUMMY_
  D:0080H         PUBLIC        P0
  D:0090H         PUBLIC        P1
  D:00A0H         PUBLIC        P2
  D:00B0H         PUBLIC        P3
  D:00C0H         PUBLIC        P4
  D:00C8H         PUBLIC        P5
  D:00E8H         PUBLIC        P6
  D:00F8H         PUBLIC        P7
  C:0B7DH         PUBLIC        BUZZ_OFF
  D:00A8H         PUBLIC        IE
  D:00B8H         PUBLIC        IP
  D:00D8H         PUBLIC        CCON
  D:0098H         PUBLIC        SCON
  D:0088H         PUBLIC        TCON
  C:0B6DH         PUBLIC        BUZZ_Init
  C:0B75H         PUBLIC        BUZZ_ON
  B:0080H.7       PUBLIC        buzz
  D:00D0H         PUBLIC        PSW
  -------         PROC          BUZZ_INIT
  C:0B6DH         LINE#         4
BL51 BANKED LINKER/LOCATER V6.22                                                      11/12/2023  18:34:42  PAGE 5


  C:0B6DH         LINE#         5
  C:0B6DH         LINE#         6
  C:0B72H         LINE#         7
  C:0B74H         LINE#         8
  -------         ENDPROC       BUZZ_INIT
  -------         PROC          BUZZ_ON
  C:0B75H         LINE#         9
  C:0B75H         LINE#         10
  C:0B75H         LINE#         11
  C:0B7AH         LINE#         12
  C:0B7CH         LINE#         13
  -------         ENDPROC       BUZZ_ON
  -------         PROC          BUZZ_OFF
  C:0B7DH         LINE#         14
  C:0B7DH         LINE#         15
  C:0B7DH         LINE#         16
  C:0B82H         LINE#         17
  C:0B84H         LINE#         18
  -------         ENDPROC       BUZZ_OFF
  -------         ENDMOD        BUZZ

  -------         MODULE        SYS
  C:0000H         SYMBOL        _ICE_DUMMY_
  D:0080H         PUBLIC        P0
  D:0090H         PUBLIC        P1
  D:00A0H         PUBLIC        P2
  D:00B0H         PUBLIC        P3
  D:00C0H         PUBLIC        P4
  D:00C8H         PUBLIC        P5
  D:00E8H         PUBLIC        P6
  D:00F8H         PUBLIC        P7
  D:00A8H         PUBLIC        IE
  D:00B8H         PUBLIC        IP
  C:0913H         PUBLIC        _Init_HC138
  D:00D8H         PUBLIC        CCON
  D:0098H         PUBLIC        SCON
  D:0088H         PUBLIC        TCON
  C:0B07H         PUBLIC        _Delay
  D:00D0H         PUBLIC        PSW
  -------         PROC          _DELAY
  D:0006H         SYMBOL        ms
  -------         DO            
  D:0005H         SYMBOL        i
  D:0004H         SYMBOL        j
  -------         ENDDO         
  C:0B07H         LINE#         15
  C:0B07H         LINE#         16
  C:0B07H         LINE#         18
  C:0B0BH         LINE#         19
  C:0B0BH         LINE#         20
  C:0B0DH         LINE#         21
  C:0B0FH         LINE#         23
  C:0B0FH         LINE#         24
  C:0B11H         LINE#         25
  C:0B13H         LINE#         26
  C:0B18H         LINE#         27
  C:0B1AH         LINE#         28
BL51 BANKED LINKER/LOCATER V6.22                                                      11/12/2023  18:34:42  PAGE 6


  -------         ENDPROC       _DELAY
  -------         PROC          _INIT_HC138
  D:0007H         SYMBOL        n
  C:0913H         LINE#         43
  C:0913H         LINE#         44
  C:0913H         LINE#         45
  C:0938H         LINE#         46
  C:0938H         LINE#         47
  C:0938H         LINE#         48
  C:0940H         LINE#         49
  C:0941H         LINE#         50
  C:0941H         LINE#         51
  C:0949H         LINE#         52
  C:094AH         LINE#         53
  C:094AH         LINE#         54
  C:0952H         LINE#         55
  C:0953H         LINE#         56
  C:0953H         LINE#         57
  C:095BH         LINE#         58
  C:095CH         LINE#         59
  C:095CH         LINE#         60
  C:0964H         LINE#         61
  C:0965H         LINE#         62
  C:0965H         LINE#         63
  C:096DH         LINE#         64
  C:096EH         LINE#         65
  C:096EH         LINE#         66
  C:0976H         LINE#         67
  C:0977H         LINE#         68
  C:0977H         LINE#         69
  C:097FH         LINE#         70
  C:097FH         LINE#         71
  C:097FH         LINE#         72
  -------         ENDPROC       _INIT_HC138
  -------         ENDMOD        SYS

  -------         MODULE        RELAY
  C:0000H         SYMBOL        _ICE_DUMMY_
  D:0080H         PUBLIC        P0
  D:0090H         PUBLIC        P1
  D:00A0H         PUBLIC        P2
  D:00B0H         PUBLIC        P3
  D:00C0H         PUBLIC        P4
  D:00C8H         PUBLIC        P5
  D:00E8H         PUBLIC        P6
  D:00F8H         PUBLIC        P7
  D:00A8H         PUBLIC        IE
  D:00B8H         PUBLIC        IP
  B:0080H.5       PUBLIC        relay
  D:00D8H         PUBLIC        CCON
  D:0098H         PUBLIC        SCON
  D:0088H         PUBLIC        TCON
  C:0B95H         PUBLIC        Realy_OFF
  C:0B85H         PUBLIC        Realy_Init
  D:00D0H         PUBLIC        PSW
  C:0B8DH         PUBLIC        Realy_ON
  -------         PROC          REALY_INIT
BL51 BANKED LINKER/LOCATER V6.22                                                      11/12/2023  18:34:42  PAGE 7


  C:0B85H         LINE#         4
  C:0B85H         LINE#         5
  C:0B85H         LINE#         6
  C:0B8AH         LINE#         7
  C:0B8CH         LINE#         8
  -------         ENDPROC       REALY_INIT
  -------         PROC          REALY_ON
  C:0B8DH         LINE#         9
  C:0B8DH         LINE#         10
  C:0B8DH         LINE#         11
  C:0B92H         LINE#         12
  C:0B94H         LINE#         13
  -------         ENDPROC       REALY_ON
  -------         PROC          REALY_OFF
  C:0B95H         LINE#         14
  C:0B95H         LINE#         15
  C:0B95H         LINE#         16
  C:0B9AH         LINE#         17
  C:0B9CH         LINE#         18
  -------         ENDPROC       REALY_OFF
  -------         ENDMOD        RELAY

  -------         MODULE        SMG
  C:0000H         SYMBOL        _ICE_DUMMY_
  D:0080H         PUBLIC        P0
  D:0090H         PUBLIC        P1
  D:00A0H         PUBLIC        P2
  D:00B0H         PUBLIC        P3
  D:00C0H         PUBLIC        P4
  D:00C8H         PUBLIC        P5
  D:00E8H         PUBLIC        P6
  D:00F8H         PUBLIC        P7
  D:00A8H         PUBLIC        IE
  D:00B8H         PUBLIC        IP
  C:088CH         PUBLIC        display_show
  D:00D8H         PUBLIC        CCON
  D:0098H         PUBLIC        SCON
  D:0088H         PUBLIC        TCON
  C:0B1BH         PUBLIC        YueAdd
  C:0B40H         PUBLIC        SMG_Init
  C:0A8FH         PUBLIC        _SMG_Show
  D:000EH         PUBLIC        yu
  C:0A5DH         PUBLIC        show1
  C:0AB0H         PUBLIC        show2
  C:0B2EH         PUBLIC        daunma
  D:00D0H         PUBLIC        PSW
  -------         PROC          SMG_INIT
  C:0B40H         LINE#         5
  C:0B40H         LINE#         6
  C:0B40H         LINE#         7
  C:0B45H         LINE#         8
  -------         ENDPROC       SMG_INIT
  -------         PROC          L?0019
  -------         ENDPROC       L?0019
  -------         PROC          _SMG_SHOW
  D:0008H         SYMBOL        pos
  D:0009H         SYMBOL        date
BL51 BANKED LINKER/LOCATER V6.22                                                      11/12/2023  18:34:42  PAGE 8


  C:0A8FH         LINE#         11
  C:0A93H         LINE#         12
  C:0A93H         LINE#         13
  C:0A98H         LINE#         14
  C:0AA7H         LINE#         15
  C:0AACH         LINE#         16
  C:0AAFH         LINE#         17
  -------         ENDPROC       _SMG_SHOW
  -------         PROC          SHOW1
  -------         DO            
  D:000AH         SYMBOL        i
  D:000BH         SYMBOL        j
  -------         ENDDO         
  C:0A5DH         LINE#         19
  C:0A5DH         LINE#         20
  C:0A5DH         LINE#         22
  C:0A60H         LINE#         23
  C:0A60H         LINE#         24
  C:0A63H         LINE#         25
  C:0A63H         LINE#         26
  C:0A6FH         LINE#         27
  C:0A76H         LINE#         28
  C:0A7FH         LINE#         29
  C:0A88H         LINE#         30
  -------         ENDPROC       SHOW1
  -------         PROC          SHOW2
  -------         DO            
  D:000DH         SYMBOL        j
  -------         ENDDO         
  C:0AB0H         LINE#         32
  C:0AB0H         LINE#         33
  C:0AB0H         LINE#         36
  C:0AB3H         LINE#         37
  C:0AB3H         LINE#         38
  C:0AB6H         LINE#         39
  C:0ABDH         LINE#         40
  C:0AC5H         LINE#         41
  C:0ACCH         LINE#         42
  C:0AD5H         LINE#         44
  -------         ENDPROC       SHOW2
  -------         PROC          DISPLAY_SHOW
  C:088CH         LINE#         48
  C:088CH         LINE#         49
  C:088CH         LINE#         50
  C:0897H         LINE#         51
  C:089EH         LINE#         52
  C:08A9H         LINE#         53
  C:08B0H         LINE#         54
  C:08BBH         LINE#         55
  C:08C2H         LINE#         56
  C:08CDH         LINE#         57
  C:08D4H         LINE#         58
  C:08D9H         LINE#         59
  C:08E0H         LINE#         60
  C:08E5H         LINE#         61
  C:08ECH         LINE#         62
  C:08F8H         LINE#         63
BL51 BANKED LINKER/LOCATER V6.22                                                      11/12/2023  18:34:42  PAGE 9


  C:08FFH         LINE#         64
  C:090CH         LINE#         65
  -------         ENDPROC       DISPLAY_SHOW
  -------         PROC          YUEADD
  C:0B1BH         LINE#         68
  C:0B1BH         LINE#         69
  C:0B1BH         LINE#         70
  C:0B1DH         LINE#         71
  C:0B24H         LINE#         72
  C:0B24H         LINE#         73
  C:0B27H         LINE#         74
  C:0B27H         LINE#         75
  -------         ENDPROC       YUEADD
  -------         ENDMOD        SMG

  -------         MODULE        KEY
  C:0000H         SYMBOL        _ICE_DUMMY_
  B:0080H.2       PUBLIC        L3
  B:0080H.3       PUBLIC        L4
  D:0080H         PUBLIC        P0
  D:0090H         PUBLIC        P1
  D:00A0H         PUBLIC        P2
  D:00B0H         PUBLIC        P3
  D:00C0H         PUBLIC        P4
  C:0980H         PUBLIC        ScanKey_Alone
  D:00C8H         PUBLIC        P5
  D:00E8H         PUBLIC        P6
  B:00B0H.3       PUBLIC        S4
  D:00F8H         PUBLIC        P7
  B:00B0H.2       PUBLIC        S5
  B:00B0H.1       PUBLIC        S6
  C:09DBH         PUBLIC        Key_Read
  B:00B0H.0       PUBLIC        S7
  D:00A8H         PUBLIC        IE
  D:00B8H         PUBLIC        IP
  D:00D8H         PUBLIC        CCON
  B:00B0H.0       PUBLIC        P30
  D:0098H         PUBLIC        SCON
  B:00B0H.1       PUBLIC        P31
  D:0088H         PUBLIC        TCON
  B:00B0H.2       PUBLIC        P32
  B:00C0H.2       PUBLIC        P42
  B:00B0H.3       PUBLIC        P33
  B:00B0H.4       PUBLIC        P34
  B:00C0H.4       PUBLIC        P44
  B:00B0H.5       PUBLIC        P35
  D:000FH         PUBLIC        Key_Num
  D:00D0H         PUBLIC        PSW
  B:0080H.0       PUBLIC        L1
  B:0080H.1       PUBLIC        L2
  -------         PROC          SCANKEY_ALONE
  C:0980H         LINE#         13
  C:0980H         LINE#         14
  C:0980H         LINE#         15
  C:0983H         LINE#         16
  C:0983H         LINE#         17
  C:098AH         LINE#         18
BL51 BANKED LINKER/LOCATER V6.22                                                      11/12/2023  18:34:42  PAGE 10


  C:098DH         LINE#         19
  C:098DH         LINE#         20
  C:098FH         LINE#         21
  C:0992H         LINE#         22
  C:0994H         LINE#         23
  C:0994H         LINE#         24
  C:0994H         LINE#         25
  C:0997H         LINE#         26
  C:0997H         LINE#         27
  C:099EH         LINE#         28
  C:09A1H         LINE#         29
  C:09A1H         LINE#         30
  C:09A6H         LINE#         31
  C:09A8H         LINE#         32
  C:09ABH         LINE#         33
  C:09B0H         LINE#         34
  C:09B2H         LINE#         35
  C:09B2H         LINE#         36
  C:09B2H         LINE#         37
  C:09B5H         LINE#         38
  C:09B5H         LINE#         39
  C:09BCH         LINE#         40
  C:09BFH         LINE#         41
  C:09BFH         LINE#         42
  C:09C1H         LINE#         43
  C:09C4H         LINE#         44
  C:09C6H         LINE#         45
  C:09C6H         LINE#         46
  C:09C6H         LINE#         47
  C:09C9H         LINE#         48
  C:09C9H         LINE#         49
  C:09D0H         LINE#         50
  C:09D3H         LINE#         51
  C:09D3H         LINE#         52
  C:09D5H         LINE#         53
  C:09D8H         LINE#         54
  C:09DAH         LINE#         55
  C:09DAH         LINE#         56
  C:09DAH         LINE#         57
  -------         ENDPROC       SCANKEY_ALONE
  -------         PROC          KEY_READ
  C:09DBH         LINE#         60
  C:09DBH         LINE#         61
  C:09DBH         LINE#         63
  C:09E3H         LINE#         64
  C:09EBH         LINE#         65
  C:09EEH         LINE#         66
  C:09EEH         LINE#         67
  C:09F5H         LINE#         68
  C:09FBH         LINE#         69
  C:09FCH         LINE#         70
  C:09FFH         LINE#         71
  C:09FFH         LINE#         72
  C:0A06H         LINE#         73
  C:0A0CH         LINE#         74
  C:0A0DH         LINE#         75
  C:0A10H         LINE#         76
BL51 BANKED LINKER/LOCATER V6.22                                                      11/12/2023  18:34:42  PAGE 11


  C:0A10H         LINE#         77
  C:0A17H         LINE#         78
  C:0A1DH         LINE#         79
  C:0A1EH         LINE#         80
  C:0A21H         LINE#         81
  C:0A21H         LINE#         82
  C:0A28H         LINE#         83
  C:0A2EH         LINE#         84
  C:0A2EH         LINE#         86
  -------         ENDPROC       KEY_READ
  -------         ENDMOD        KEY

  -------         MODULE        EXIT
  C:0000H         SYMBOL        _ICE_DUMMY_
  D:0080H         PUBLIC        P0
  D:0090H         PUBLIC        P1
  D:00A0H         PUBLIC        P2
  D:00B0H         PUBLIC        P3
  D:00C0H         PUBLIC        P4
  D:00C8H         PUBLIC        P5
  B:00A8H.7       PUBLIC        EA
  D:00E8H         PUBLIC        P6
  D:00F8H         PUBLIC        P7
  D:00A8H         PUBLIC        IE
  C:0B5CH         PUBLIC        Exit_Init
  D:00B8H         PUBLIC        IP
  C:0B9DH         PUBLIC        interrupt0
  D:00D8H         PUBLIC        CCON
  D:0010H         PUBLIC        Flag_EX0
  D:0098H         PUBLIC        SCON
  D:0088H         PUBLIC        TCON
  B:0088H.0       PUBLIC        IT0
  B:00A8H.0       PUBLIC        EX0
  B:00B8H.0       PUBLIC        PX0
  D:00D0H         PUBLIC        PSW
  -------         PROC          EXIT_INIT
  C:0B5CH         LINE#         2
  C:0B5CH         LINE#         3
  C:0B5CH         LINE#         4
  C:0B5EH         LINE#         5
  C:0B60H         LINE#         6
  C:0B62H         LINE#         7
  C:0B64H         LINE#         8
  -------         ENDPROC       EXIT_INIT
  -------         PROC          INTERRUPT0
  C:0B9DH         LINE#         11
  C:0B9DH         LINE#         13
  C:0BA0H         LINE#         14
  -------         ENDPROC       INTERRUPT0
  -------         ENDMOD        EXIT

*** WARNING L16: UNCALLED SEGMENT, IGNORED FOR OVERLAY PROCESS
    SEGMENT: ?PR?_LED_SHOW?LED

*** WARNING L16: UNCALLED SEGMENT, IGNORED FOR OVERLAY PROCESS
    SEGMENT: ?PR?LED_INIT?LED

BL51 BANKED LINKER/LOCATER V6.22                                                      11/12/2023  18:34:42  PAGE 12


*** WARNING L16: UNCALLED SEGMENT, IGNORED FOR OVERLAY PROCESS
    SEGMENT: ?PR?LED_ALL_ON?LED

*** WARNING L16: UNCALLED SEGMENT, IGNORED FOR OVERLAY PROCESS
    SEGMENT: ?PR?BUZZ_INIT?BUZZ

*** WARNING L16: UNCALLED SEGMENT, IGNORED FOR OVERLAY PROCESS
    SEGMENT: ?PR?BUZZ_ON?BUZZ

*** WARNING L16: UNCALLED SEGMENT, IGNORED FOR OVERLAY PROCESS
    SEGMENT: ?PR?BUZZ_OFF?BUZZ

*** WARNING L16: UNCALLED SEGMENT, IGNORED FOR OVERLAY PROCESS
    SEGMENT: ?PR?REALY_INIT?RELAY

*** WARNING L16: UNCALLED SEGMENT, IGNORED FOR OVERLAY PROCESS
    SEGMENT: ?PR?REALY_ON?RELAY

*** WARNING L16: UNCALLED SEGMENT, IGNORED FOR OVERLAY PROCESS
    SEGMENT: ?PR?REALY_OFF?RELAY

*** WARNING L16: UNCALLED SEGMENT, IGNORED FOR OVERLAY PROCESS
    SEGMENT: ?PR?SMG_INIT?SMG

*** WARNING L16: UNCALLED SEGMENT, IGNORED FOR OVERLAY PROCESS
    SEGMENT: ?PR?SHOW1?SMG

*** WARNING L16: UNCALLED SEGMENT, IGNORED FOR OVERLAY PROCESS
    SEGMENT: ?PR?SHOW2?SMG

*** WARNING L16: UNCALLED SEGMENT, IGNORED FOR OVERLAY PROCESS
    SEGMENT: ?PR?DISPLAY_SHOW?SMG

*** WARNING L16: UNCALLED SEGMENT, IGNORED FOR OVERLAY PROCESS
    SEGMENT: ?PR?YUEADD?SMG

*** WARNING L16: UNCALLED SEGMENT, IGNORED FOR OVERLAY PROCESS
    SEGMENT: ?PR?KEY_READ?KEY

******************************************************************************
* RESTRICTED VERSION WITH 0800H BYTE CODE SIZE LIMIT; USED: 031BH BYTE (38%) *
******************************************************************************

Program Size: data=18.0 xdata=0 code=939
LINK/LOCATE RUN COMPLETE.  15 WARNING(S),  0 ERROR(S)
