BL51 BANKED LINKER/LOCATER V6.22                                                        11/12/2023  09:37:27  PAGE 1


BL51 BANKED LINKER/LOCATER V6.22, INVOKED BY:
D:\KEIL5\KEIL5.1\C51\BIN\BL51.EXE .\Objects\main.obj, .\Objects\LED.obj, .\Objects\buzz.obj, .\Objects\sys.obj, .\Object
>> s\relay.obj, .\Objects\SMG.obj TO .\Objects\test PRINT (.\Listings\test.m51) RAMSIZE (256)


MEMORY MODEL: SMALL


INPUT MODULES INCLUDED:
  .\Objects\main.obj (MAIN)
  .\Objects\LED.obj (LED)
  .\Objects\buzz.obj (BUZZ)
  .\Objects\sys.obj (SYS)
  .\Objects\relay.obj (RELAY)
  .\Objects\SMG.obj (SMG)
  D:\KEIL5\KEIL5.1\C51\LIB\C51S.LIB (?C_STARTUP)


LINK MAP OF MODULE:  .\Objects\test (MAIN)


            TYPE    BASE      LENGTH    RELOCATION   SEGMENT NAME
            -----------------------------------------------------

            * * * * * * *   D A T A   M E M O R Y   * * * * * * *
            REG     0000H     0008H     ABSOLUTE     "REG BANK 0"
            DATA    0008H     0004H     UNIT         _DATA_GROUP_
            DATA    000CH     0001H     UNIT         ?DT?SMG
            IDATA   000DH     0001H     UNIT         ?STACK

            * * * * * * *   C O D E   M E M O R Y   * * * * * * *
            CODE    0000H     0003H     ABSOLUTE     
                    0003H     07FDH                  *** GAP ***
            CODE    0800H     0087H     UNIT         ?PR?DISPLAY_SHOW?SMG
            CODE    0887H     006DH     UNIT         ?PR?_INIT_HC138?SYS
            CODE    08F4H     002EH     UNIT         ?PR?_LED_SHOW?LED
            CODE    0922H     002CH     UNIT         ?PR?SHOW1?SMG
            CODE    094EH     0027H     UNIT         ?PR?_SMG_SHOW?SMG
            CODE    0975H     0026H     UNIT         ?PR?SHOW2?SMG
            CODE    099BH     0019H     UNIT         ?PR?MAIN?MAIN
            CODE    09B4H     0014H     UNIT         ?PR?_DELAY?SYS
            CODE    09C8H     0013H     UNIT         ?PR?YUEADD?SMG
            CODE    09DBH     0012H     UNIT         ?CO?SMG
            CODE    09EDH     000CH     UNIT         ?C_C51STARTUP
            CODE    09F9H     000AH     UNIT         ?PR?SMG_INIT?SMG
            CODE    0A03H     0009H     UNIT         ?PR?LED_ALL_ON?LED
            CODE    0A0CH     0009H     UNIT         ?PR?LED_ALL_OFF?LED
            CODE    0A15H     0008H     UNIT         ?PR?LED_INIT?LED
            CODE    0A1DH     0008H     UNIT         ?PR?BUZZ_INIT?BUZZ
            CODE    0A25H     0008H     UNIT         ?PR?BUZZ_ON?BUZZ
            CODE    0A2DH     0008H     UNIT         ?PR?BUZZ_OFF?BUZZ
            CODE    0A35H     0008H     UNIT         ?PR?REALY_INIT?RELAY
            CODE    0A3DH     0008H     UNIT         ?PR?REALY_ON?RELAY
            CODE    0A45H     0008H     UNIT         ?PR?REALY_OFF?RELAY



OVERLAY MAP OF MODULE:   .\Objects\test (MAIN)
BL51 BANKED LINKER/LOCATER V6.22                                                      11/12/2023  09:37:27  PAGE 2




SEGMENT                          DATA_GROUP 
  +--> CALLED SEGMENT          START    LENGTH
----------------------------------------------
?C_C51STARTUP                  -----    -----
  +--> ?PR?MAIN?MAIN

?PR?MAIN?MAIN                  -----    -----
  +--> ?PR?LED_INIT?LED
  +--> ?PR?BUZZ_INIT?BUZZ
  +--> ?PR?REALY_INIT?RELAY
  +--> ?PR?SMG_INIT?SMG
  +--> ?PR?_LED_SHOW?LED
  +--> ?PR?SHOW1?SMG
  +--> ?PR?SHOW2?SMG

?PR?LED_INIT?LED               -----    -----
  +--> ?PR?_INIT_HC138?SYS
  +--> ?PR?LED_ALL_OFF?LED

?PR?LED_ALL_OFF?LED            -----    -----
  +--> ?PR?_INIT_HC138?SYS

?PR?BUZZ_INIT?BUZZ             -----    -----
  +--> ?PR?_INIT_HC138?SYS

?PR?REALY_INIT?RELAY           -----    -----
  +--> ?PR?_INIT_HC138?SYS

?PR?SMG_INIT?SMG               -----    -----
  +--> ?PR?_INIT_HC138?SYS

?PR?_LED_SHOW?LED              0008H    0001H
  +--> ?PR?_INIT_HC138?SYS

?PR?SHOW1?SMG                  0008H    0002H
  +--> ?CO?SMG
  +--> ?PR?_SMG_SHOW?SMG
  +--> ?PR?_DELAY?SYS

?PR?_SMG_SHOW?SMG              000AH    0002H
  +--> ?CO?SMG
  +--> ?PR?_INIT_HC138?SYS

?PR?SHOW2?SMG                  0008H    0001H
  +--> ?PR?_DELAY?SYS
  +--> ?CO?SMG



SYMBOL TABLE OF MODULE:  .\Objects\test (MAIN)

  VALUE           TYPE          NAME
  ----------------------------------

  -------         MODULE        MAIN
BL51 BANKED LINKER/LOCATER V6.22                                                      11/12/2023  09:37:27  PAGE 3


  C:0000H         SYMBOL        _ICE_DUMMY_
  D:0080H         PUBLIC        P0
  D:0090H         PUBLIC        P1
  D:00A0H         PUBLIC        P2
  D:00B0H         PUBLIC        P3
  D:00C0H         PUBLIC        P4
  D:00C8H         PUBLIC        P5
  D:00E8H         PUBLIC        P6
  D:00F8H         PUBLIC        P7
  D:00A8H         PUBLIC        IE
  D:00B8H         PUBLIC        IP
  D:00D8H         PUBLIC        CCON
  C:099BH         PUBLIC        main
  D:0098H         PUBLIC        SCON
  D:0088H         PUBLIC        TCON
  D:00D0H         PUBLIC        PSW
  -------         PROC          MAIN
  C:099BH         LINE#         3
  C:099BH         LINE#         4
  C:099BH         LINE#         5
  C:099EH         LINE#         6
  C:09A1H         LINE#         7
  C:09A4H         LINE#         8
  C:09A7H         LINE#         9
  C:09A7H         LINE#         10
  C:09A7H         LINE#         13
  C:09ACH         LINE#         15
  C:09AFH         LINE#         17
  C:09B2H         LINE#         19
  -------         ENDPROC       MAIN
  -------         ENDMOD        MAIN

  -------         MODULE        LED
  C:0000H         SYMBOL        _ICE_DUMMY_
  D:0080H         PUBLIC        P0
  D:0090H         PUBLIC        P1
  D:00A0H         PUBLIC        P2
  D:00B0H         PUBLIC        P3
  D:00C0H         PUBLIC        P4
  D:00C8H         PUBLIC        P5
  D:00E8H         PUBLIC        P6
  D:00F8H         PUBLIC        P7
  C:0A03H         PUBLIC        LED_ALL_ON
  D:00A8H         PUBLIC        IE
  D:00B8H         PUBLIC        IP
  D:00D8H         PUBLIC        CCON
  D:0098H         PUBLIC        SCON
  D:0088H         PUBLIC        TCON
  C:0A0CH         PUBLIC        LED_ALL_OFF
  C:0A15H         PUBLIC        LED_Init
  C:08F4H         PUBLIC        _LED_SHOW
  D:00D0H         PUBLIC        PSW
  -------         PROC          _LED_SHOW
  D:0008H         SYMBOL        num
  C:08F4H         LINE#         17
  C:08F6H         LINE#         18
  C:08F6H         LINE#         19
BL51 BANKED LINKER/LOCATER V6.22                                                      11/12/2023  09:37:27  PAGE 4


  C:0903H         LINE#         20
  C:0903H         LINE#         21
  C:0908H         LINE#         22
  C:0918H         LINE#         23
  C:0919H         LINE#         25
  C:0919H         LINE#         26
  C:091EH         LINE#         27
  C:0921H         LINE#         28
  C:0921H         LINE#         29
  -------         ENDPROC       _LED_SHOW
  -------         PROC          LED_INIT
  C:0A15H         LINE#         31
  C:0A15H         LINE#         32
  C:0A15H         LINE#         33
  C:0A1AH         LINE#         34
  -------         ENDPROC       LED_INIT
  -------         PROC          LED_ALL_ON
  C:0A03H         LINE#         37
  C:0A03H         LINE#         38
  C:0A03H         LINE#         39
  C:0A08H         LINE#         40
  C:0A0BH         LINE#         41
  -------         ENDPROC       LED_ALL_ON
  -------         PROC          LED_ALL_OFF
  C:0A0CH         LINE#         43
  C:0A0CH         LINE#         44
  C:0A0CH         LINE#         45
  C:0A11H         LINE#         46
  C:0A14H         LINE#         47
  -------         ENDPROC       LED_ALL_OFF
  -------         ENDMOD        LED

  -------         MODULE        BUZZ
  C:0000H         SYMBOL        _ICE_DUMMY_
  D:0080H         PUBLIC        P0
  D:0090H         PUBLIC        P1
  D:00A0H         PUBLIC        P2
  D:00B0H         PUBLIC        P3
  D:00C0H         PUBLIC        P4
  D:00C8H         PUBLIC        P5
  D:00E8H         PUBLIC        P6
  D:00F8H         PUBLIC        P7
  C:0A2DH         PUBLIC        BUZZ_OFF
  D:00A8H         PUBLIC        IE
  D:00B8H         PUBLIC        IP
  D:00D8H         PUBLIC        CCON
  D:0098H         PUBLIC        SCON
  D:0088H         PUBLIC        TCON
  C:0A1DH         PUBLIC        BUZZ_Init
  C:0A25H         PUBLIC        BUZZ_ON
  B:0080H.7       PUBLIC        buzz
  D:00D0H         PUBLIC        PSW
  -------         PROC          BUZZ_INIT
  C:0A1DH         LINE#         4
  C:0A1DH         LINE#         5
  C:0A1DH         LINE#         6
  C:0A22H         LINE#         7
BL51 BANKED LINKER/LOCATER V6.22                                                      11/12/2023  09:37:27  PAGE 5


  C:0A24H         LINE#         8
  -------         ENDPROC       BUZZ_INIT
  -------         PROC          BUZZ_ON
  C:0A25H         LINE#         9
  C:0A25H         LINE#         10
  C:0A25H         LINE#         11
  C:0A2AH         LINE#         12
  C:0A2CH         LINE#         13
  -------         ENDPROC       BUZZ_ON
  -------         PROC          BUZZ_OFF
  C:0A2DH         LINE#         14
  C:0A2DH         LINE#         15
  C:0A2DH         LINE#         16
  C:0A32H         LINE#         17
  C:0A34H         LINE#         18
  -------         ENDPROC       BUZZ_OFF
  -------         ENDMOD        BUZZ

  -------         MODULE        SYS
  C:0000H         SYMBOL        _ICE_DUMMY_
  D:0080H         PUBLIC        P0
  D:0090H         PUBLIC        P1
  D:00A0H         PUBLIC        P2
  D:00B0H         PUBLIC        P3
  D:00C0H         PUBLIC        P4
  D:00C8H         PUBLIC        P5
  D:00E8H         PUBLIC        P6
  D:00F8H         PUBLIC        P7
  D:00A8H         PUBLIC        IE
  D:00B8H         PUBLIC        IP
  C:0887H         PUBLIC        _Init_HC138
  D:00D8H         PUBLIC        CCON
  D:0098H         PUBLIC        SCON
  D:0088H         PUBLIC        TCON
  C:09B4H         PUBLIC        _Delay
  D:00D0H         PUBLIC        PSW
  -------         PROC          _DELAY
  D:0006H         SYMBOL        ms
  -------         DO            
  D:0005H         SYMBOL        i
  D:0004H         SYMBOL        j
  -------         ENDDO         
  C:09B4H         LINE#         15
  C:09B4H         LINE#         16
  C:09B4H         LINE#         18
  C:09B8H         LINE#         19
  C:09B8H         LINE#         20
  C:09BAH         LINE#         21
  C:09BCH         LINE#         23
  C:09BCH         LINE#         24
  C:09BEH         LINE#         25
  C:09C0H         LINE#         26
  C:09C5H         LINE#         27
  C:09C7H         LINE#         28
  -------         ENDPROC       _DELAY
  -------         PROC          _INIT_HC138
  D:0007H         SYMBOL        n
BL51 BANKED LINKER/LOCATER V6.22                                                      11/12/2023  09:37:27  PAGE 6


  C:0887H         LINE#         43
  C:0887H         LINE#         44
  C:0887H         LINE#         45
  C:08ACH         LINE#         46
  C:08ACH         LINE#         47
  C:08ACH         LINE#         48
  C:08B4H         LINE#         49
  C:08B5H         LINE#         50
  C:08B5H         LINE#         51
  C:08BDH         LINE#         52
  C:08BEH         LINE#         53
  C:08BEH         LINE#         54
  C:08C6H         LINE#         55
  C:08C7H         LINE#         56
  C:08C7H         LINE#         57
  C:08CFH         LINE#         58
  C:08D0H         LINE#         59
  C:08D0H         LINE#         60
  C:08D8H         LINE#         61
  C:08D9H         LINE#         62
  C:08D9H         LINE#         63
  C:08E1H         LINE#         64
  C:08E2H         LINE#         65
  C:08E2H         LINE#         66
  C:08EAH         LINE#         67
  C:08EBH         LINE#         68
  C:08EBH         LINE#         69
  C:08F3H         LINE#         70
  C:08F3H         LINE#         71
  C:08F3H         LINE#         72
  -------         ENDPROC       _INIT_HC138
  -------         ENDMOD        SYS

  -------         MODULE        RELAY
  C:0000H         SYMBOL        _ICE_DUMMY_
  D:0080H         PUBLIC        P0
  D:0090H         PUBLIC        P1
  D:00A0H         PUBLIC        P2
  D:00B0H         PUBLIC        P3
  D:00C0H         PUBLIC        P4
  D:00C8H         PUBLIC        P5
  D:00E8H         PUBLIC        P6
  D:00F8H         PUBLIC        P7
  D:00A8H         PUBLIC        IE
  D:00B8H         PUBLIC        IP
  B:0080H.5       PUBLIC        relay
  D:00D8H         PUBLIC        CCON
  D:0098H         PUBLIC        SCON
  D:0088H         PUBLIC        TCON
  C:0A45H         PUBLIC        Realy_OFF
  C:0A35H         PUBLIC        Realy_Init
  D:00D0H         PUBLIC        PSW
  C:0A3DH         PUBLIC        Realy_ON
  -------         PROC          REALY_INIT
  C:0A35H         LINE#         4
  C:0A35H         LINE#         5
  C:0A35H         LINE#         6
BL51 BANKED LINKER/LOCATER V6.22                                                      11/12/2023  09:37:27  PAGE 7


  C:0A3AH         LINE#         7
  C:0A3CH         LINE#         8
  -------         ENDPROC       REALY_INIT
  -------         PROC          REALY_ON
  C:0A3DH         LINE#         9
  C:0A3DH         LINE#         10
  C:0A3DH         LINE#         11
  C:0A42H         LINE#         12
  C:0A44H         LINE#         13
  -------         ENDPROC       REALY_ON
  -------         PROC          REALY_OFF
  C:0A45H         LINE#         14
  C:0A45H         LINE#         15
  C:0A45H         LINE#         16
  C:0A4AH         LINE#         17
  C:0A4CH         LINE#         18
  -------         ENDPROC       REALY_OFF
  -------         ENDMOD        RELAY

  -------         MODULE        SMG
  C:0000H         SYMBOL        _ICE_DUMMY_
  D:0080H         PUBLIC        P0
  D:0090H         PUBLIC        P1
  D:00A0H         PUBLIC        P2
  D:00B0H         PUBLIC        P3
  D:00C0H         PUBLIC        P4
  D:00C8H         PUBLIC        P5
  D:00E8H         PUBLIC        P6
  D:00F8H         PUBLIC        P7
  D:00A8H         PUBLIC        IE
  D:00B8H         PUBLIC        IP
  C:0800H         PUBLIC        display_show
  D:00D8H         PUBLIC        CCON
  D:0098H         PUBLIC        SCON
  D:0088H         PUBLIC        TCON
  C:09C8H         PUBLIC        YueAdd
  C:09F9H         PUBLIC        SMG_Init
  C:0954H         PUBLIC        _SMG_Show
  D:000CH         PUBLIC        yu
  C:0922H         PUBLIC        show1
  C:0975H         PUBLIC        show2
  C:09DBH         PUBLIC        daunma
  D:00D0H         PUBLIC        PSW
  -------         PROC          SMG_INIT
  C:09F9H         LINE#         5
  C:09F9H         LINE#         6
  C:09F9H         LINE#         7
  C:09FEH         LINE#         8
  -------         ENDPROC       SMG_INIT
  -------         PROC          L?0019
  -------         ENDPROC       L?0019
  -------         PROC          _SMG_SHOW
  D:000AH         SYMBOL        pos
  D:000BH         SYMBOL        date
  C:0954H         LINE#         11
  C:0958H         LINE#         12
  C:0958H         LINE#         13
BL51 BANKED LINKER/LOCATER V6.22                                                      11/12/2023  09:37:27  PAGE 8


  C:095DH         LINE#         14
  C:096CH         LINE#         15
  C:0971H         LINE#         16
  C:0974H         LINE#         17
  -------         ENDPROC       _SMG_SHOW
  -------         PROC          SHOW1
  -------         DO            
  D:0008H         SYMBOL        i
  D:0009H         SYMBOL        j
  -------         ENDDO         
  C:0922H         LINE#         19
  C:0922H         LINE#         20
  C:0922H         LINE#         22
  C:0925H         LINE#         23
  C:0925H         LINE#         24
  C:0928H         LINE#         25
  C:0928H         LINE#         26
  C:0934H         LINE#         27
  C:093BH         LINE#         28
  C:0944H         LINE#         29
  C:094DH         LINE#         30
  -------         ENDPROC       SHOW1
  -------         PROC          SHOW2
  -------         DO            
  D:0008H         SYMBOL        j
  -------         ENDDO         
  C:0975H         LINE#         32
  C:0975H         LINE#         33
  C:0975H         LINE#         36
  C:0978H         LINE#         37
  C:0978H         LINE#         38
  C:097BH         LINE#         39
  C:0982H         LINE#         40
  C:098AH         LINE#         41
  C:0991H         LINE#         42
  C:099AH         LINE#         44
  -------         ENDPROC       SHOW2
  -------         PROC          DISPLAY_SHOW
  C:0800H         LINE#         48
  C:0800H         LINE#         49
  C:0800H         LINE#         50
  C:080BH         LINE#         51
  C:0812H         LINE#         52
  C:081DH         LINE#         53
  C:0824H         LINE#         54
  C:082FH         LINE#         55
  C:0836H         LINE#         56
  C:0841H         LINE#         57
  C:0848H         LINE#         58
  C:084DH         LINE#         59
  C:0854H         LINE#         60
  C:0859H         LINE#         61
  C:0860H         LINE#         62
  C:086CH         LINE#         63
  C:0873H         LINE#         64
  C:0880H         LINE#         65
  -------         ENDPROC       DISPLAY_SHOW
BL51 BANKED LINKER/LOCATER V6.22                                                      11/12/2023  09:37:27  PAGE 9


  -------         PROC          YUEADD
  C:09C8H         LINE#         68
  C:09C8H         LINE#         69
  C:09C8H         LINE#         70
  C:09CAH         LINE#         71
  C:09D1H         LINE#         72
  C:09D1H         LINE#         73
  C:09D4H         LINE#         74
  C:09D4H         LINE#         75
  -------         ENDPROC       YUEADD
  -------         ENDMOD        SMG

*** WARNING L16: UNCALLED SEGMENT, IGNORED FOR OVERLAY PROCESS
    SEGMENT: ?PR?LED_ALL_ON?LED

*** WARNING L16: UNCALLED SEGMENT, IGNORED FOR OVERLAY PROCESS
    SEGMENT: ?PR?BUZZ_ON?BUZZ

*** WARNING L16: UNCALLED SEGMENT, IGNORED FOR OVERLAY PROCESS
    SEGMENT: ?PR?BUZZ_OFF?BUZZ

*** WARNING L16: UNCALLED SEGMENT, IGNORED FOR OVERLAY PROCESS
    SEGMENT: ?PR?REALY_ON?RELAY

*** WARNING L16: UNCALLED SEGMENT, IGNORED FOR OVERLAY PROCESS
    SEGMENT: ?PR?REALY_OFF?RELAY

*** WARNING L16: UNCALLED SEGMENT, IGNORED FOR OVERLAY PROCESS
    SEGMENT: ?PR?DISPLAY_SHOW?SMG

*** WARNING L16: UNCALLED SEGMENT, IGNORED FOR OVERLAY PROCESS
    SEGMENT: ?PR?YUEADD?SMG

******************************************************************************
* RESTRICTED VERSION WITH 0800H BYTE CODE SIZE LIMIT; USED: 0241H BYTE (28%) *
******************************************************************************

Program Size: data=14.0 xdata=0 code=592
LINK/LOCATE RUN COMPLETE.  7 WARNING(S),  0 ERROR(S)
