C51 COMPILER V9.54   LED                                                                   11/11/2023 21:14:47 PAGE 1   


C51 COMPILER V9.54, COMPILATION OF MODULE LED
OBJECT MODULE PLACED IN .\Objects\LED.obj
COMPILER INVOKED BY: D:\KEIL5\keil5.1\C51\BIN\C51.EXE LED.c OPTIMIZE(8,SPEED) BROWSE INCDIR(..\AT89C52_TEST) DEBUG OBJEC
                    -TEXTEND PRINT(.\Listings\LED.lst) OBJECT(.\Objects\LED.obj)

line level    source

   1          #include "LED.h"
   2          /**
   3            ************************************************************************** 
   4            ** -------------------------------------------------------------------- **
   5            ** @name          : None
   6            ** @brief         : P2= (0001 1111) | (1000 0000)  
   7            ** @param         : 右移动0位Y4X，右移动1位Y4X，右移动2位Y4X
   8            ** @retval        : None
   9            ** @author        : SmallBit886
  10            ** -------------------------------------------------------------------- **
  11            ** @attention     :  Y4 --- 100  Y5 --- 010  Y6 --- 001
  12            ** -------------------------------------------------------------------- **
  13            ************************************************************************** 
  14          **/
  15          void YXC(unsigned char YxC)
  16          {
  17   1              P2 =(P2 & 0x1f) | (0x80>>YxC);
  18   1      }
  19          /**
  20            ************************************************************************** 
  21            ** -------------------------------------------------------------------- **
  22            ** @name          : None
  23            ** @brief         : num为0,L1点亮
  24            ** @param         : P0=~(0000 0000 | 0000 0001)=1111 1110
  25            ** @retval        : None
  26            ** @author        : SmallBit886
  27            ** -------------------------------------------------------------------- **
  28            ** @attention     : 非法操作全部熄灭
  29            ** -------------------------------------------------------------------- **
  30            ************************************************************************** 
  31          **/
  32          
  33          void LED_SHOW(unsigned char num)
  34          {
  35   1              if(8 > num && 0 <= num)
  36   1              {
  37   2                      P0 = ~((P0 & 0x00) | (0x01 << num));
  38   2              }
  39   1              else
  40   1              {
  41   2                      P0 = 0xff;//全部熄灭
  42   2              }
  43   1      }
  44          /***********************************************************/
  45          void LED_Init(void)
  46          {
  47   1              LED_ALL_OFF();//熄灭全部
  48   1              YXC(0);
  49   1      }
  50          /***********************************************************/
  51          void LED_ALL_ON(void)
  52          {
  53   1              P0 = 0x00;//全部亮
  54   1      }
C51 COMPILER V9.54   LED                                                                   11/11/2023 21:14:47 PAGE 2   

  55          /***********************************************************/
  56          void LED_ALL_OFF(void)
  57          {
  58   1              P0 = 0xff;//全部熄灭
  59   1      }


MODULE INFORMATION:   STATIC OVERLAYABLE
   CODE SIZE        =     66    ----
   CONSTANT SIZE    =   ----    ----
   XDATA SIZE       =   ----    ----
   PDATA SIZE       =   ----    ----
   DATA SIZE        =   ----    ----
   IDATA SIZE       =   ----    ----
   BIT SIZE         =   ----    ----
END OF MODULE INFORMATION.


C51 COMPILATION COMPLETE.  0 WARNING(S),  0 ERROR(S)
