BL51 BANKED LINKER/LOCATER V6.22                                                        11/11/2023  21:15:17  PAGE 1


BL51 BANKED LINKER/LOCATER V6.22, INVOKED BY:
D:\KEIL5\KEIL5.1\C51\BIN\BL51.EXE .\Objects\main.obj, .\Objects\LED.obj TO .\Objects\test PRINT (.\Listings\test.m51) RA
>> MSIZE (256)


MEMORY MODEL: SMALL


INPUT MODULES INCLUDED:
  .\Objects\main.obj (MAIN)
  .\Objects\LED.obj (LED)
  D:\KEIL5\KEIL5.1\C51\LIB\C51S.LIB (?C_STARTUP)


LINK MAP OF MODULE:  .\Objects\test (MAIN)


            TYPE    BASE      LENGTH    RELOCATION   SEGMENT NAME
            -----------------------------------------------------

            * * * * * * *   D A T A   M E M O R Y   * * * * * * *
            REG     0000H     0008H     ABSOLUTE     "REG BANK 0"
            DATA    0008H     0002H     UNIT         _DATA_GROUP_
            IDATA   000AH     0001H     UNIT         ?STACK

            * * * * * * *   C O D E   M E M O R Y   * * * * * * *
            CODE    0000H     0003H     ABSOLUTE     
                    0003H     07FDH                  *** GAP ***
            CODE    0800H     007FH     UNIT         ?PR?MAIN?MAIN
            CODE    087FH     001EH     UNIT         ?PR?_LED_SHOW?LED
            CODE    089DH     0014H     UNIT         ?PR?_DELAY?MAIN
            CODE    08B1H     0014H     UNIT         ?PR?_YXC?LED
            CODE    08C5H     000CH     UNIT         ?C_C51STARTUP
            CODE    08D1H     0008H     UNIT         ?PR?LED_INIT?LED
            CODE    08D9H     0004H     UNIT         ?PR?LED_ALL_ON?LED
            CODE    08DDH     0004H     UNIT         ?PR?LED_ALL_OFF?LED



OVERLAY MAP OF MODULE:   .\Objects\test (MAIN)


SEGMENT                          DATA_GROUP 
  +--> CALLED SEGMENT          START    LENGTH
----------------------------------------------
?C_C51STARTUP                  -----    -----
  +--> ?PR?MAIN?MAIN

?PR?MAIN?MAIN                  0008H    0002H
  +--> ?PR?LED_INIT?LED
  +--> ?PR?LED_ALL_ON?LED
  +--> ?PR?_DELAY?MAIN
  +--> ?PR?LED_ALL_OFF?LED
  +--> ?PR?_LED_SHOW?LED

?PR?LED_INIT?LED               -----    -----
  +--> ?PR?LED_ALL_OFF?LED
  +--> ?PR?_YXC?LED
BL51 BANKED LINKER/LOCATER V6.22                                                      11/11/2023  21:15:17  PAGE 2





SYMBOL TABLE OF MODULE:  .\Objects\test (MAIN)

  VALUE           TYPE          NAME
  ----------------------------------

  -------         MODULE        MAIN
  C:0000H         SYMBOL        _ICE_DUMMY_
  D:0080H         PUBLIC        P0
  D:0090H         PUBLIC        P1
  D:00A0H         PUBLIC        P2
  D:00B0H         PUBLIC        P3
  D:00C0H         PUBLIC        P4
  D:00C8H         PUBLIC        P5
  D:00E8H         PUBLIC        P6
  D:00F8H         PUBLIC        P7
  D:00A8H         PUBLIC        IE
  D:00B8H         PUBLIC        IP
  D:00D8H         PUBLIC        CCON
  C:0800H         PUBLIC        main
  D:0098H         PUBLIC        SCON
  D:0088H         PUBLIC        TCON
  C:089DH         PUBLIC        _Delay
  D:00D0H         PUBLIC        PSW
  -------         PROC          _DELAY
  D:0006H         SYMBOL        ms
  -------         DO            
  D:0005H         SYMBOL        i
  D:0004H         SYMBOL        j
  -------         ENDDO         
  C:089DH         LINE#         16
  C:089DH         LINE#         17
  C:089DH         LINE#         19
  C:08A1H         LINE#         20
  C:08A1H         LINE#         21
  C:08A3H         LINE#         22
  C:08A5H         LINE#         24
  C:08A5H         LINE#         25
  C:08A7H         LINE#         26
  C:08A9H         LINE#         27
  C:08AEH         LINE#         28
  C:08B0H         LINE#         29
  -------         ENDPROC       _DELAY
  -------         PROC          MAIN
  -------         DO            
  D:0008H         SYMBOL        i
  -------         ENDDO         
  C:0800H         LINE#         31
  C:0800H         LINE#         32
  C:0800H         LINE#         33
  C:0803H         LINE#         34
  C:0803H         LINE#         35
  C:0803H         LINE#         36
  C:0808H         LINE#         37
  C:080CH         LINE#         38
BL51 BANKED LINKER/LOCATER V6.22                                                      11/11/2023  21:15:17  PAGE 3


  C:080CH         LINE#         39
  C:080FH         LINE#         40
  C:0816H         LINE#         41
  C:0819H         LINE#         42
  C:0820H         LINE#         43
  C:0833H         LINE#         44
  C:0838H         LINE#         45
  C:0838H         LINE#         46
  C:0847H         LINE#         47
  C:0855H         LINE#         48
  C:085AH         LINE#         49
  C:085AH         LINE#         50
  C:086AH         LINE#         51
  C:0878H         LINE#         53
  C:087DH         LINE#         54
  -------         ENDPROC       MAIN
  -------         ENDMOD        MAIN

  -------         MODULE        LED
  C:0000H         SYMBOL        _ICE_DUMMY_
  D:0080H         PUBLIC        P0
  D:0090H         PUBLIC        P1
  D:00A0H         PUBLIC        P2
  D:00B0H         PUBLIC        P3
  D:00C0H         PUBLIC        P4
  D:00C8H         PUBLIC        P5
  D:00E8H         PUBLIC        P6
  D:00F8H         PUBLIC        P7
  C:08D9H         PUBLIC        LED_ALL_ON
  D:00A8H         PUBLIC        IE
  D:00B8H         PUBLIC        IP
  D:00D8H         PUBLIC        CCON
  D:0098H         PUBLIC        SCON
  D:0088H         PUBLIC        TCON
  C:08DDH         PUBLIC        LED_ALL_OFF
  C:08D1H         PUBLIC        LED_Init
  C:08B1H         PUBLIC        _YXC
  C:087FH         PUBLIC        _LED_SHOW
  D:00D0H         PUBLIC        PSW
  -------         PROC          _YXC
  D:0007H         SYMBOL        YxC
  C:08B1H         LINE#         15
  C:08B1H         LINE#         16
  C:08B1H         LINE#         17
  C:08C4H         LINE#         18
  -------         ENDPROC       _YXC
  -------         PROC          _LED_SHOW
  D:0007H         SYMBOL        num
  C:087FH         LINE#         33
  C:087FH         LINE#         34
  C:087FH         LINE#         35
  C:088AH         LINE#         36
  C:088AH         LINE#         37
  C:0898H         LINE#         38
  C:0899H         LINE#         40
  C:0899H         LINE#         41
  C:089CH         LINE#         42
BL51 BANKED LINKER/LOCATER V6.22                                                      11/11/2023  21:15:17  PAGE 4


  C:089CH         LINE#         43
  -------         ENDPROC       _LED_SHOW
  -------         PROC          LED_INIT
  C:08D1H         LINE#         45
  C:08D1H         LINE#         46
  C:08D1H         LINE#         47
  C:08D4H         LINE#         48
  -------         ENDPROC       LED_INIT
  -------         PROC          LED_ALL_ON
  C:08D9H         LINE#         51
  C:08D9H         LINE#         52
  C:08D9H         LINE#         53
  C:08DCH         LINE#         54
  -------         ENDPROC       LED_ALL_ON
  -------         PROC          LED_ALL_OFF
  C:08DDH         LINE#         56
  C:08DDH         LINE#         57
  C:08DDH         LINE#         58
  C:08E0H         LINE#         59
  -------         ENDPROC       LED_ALL_OFF
  -------         ENDMOD        LED

******************************************************************************
* RESTRICTED VERSION WITH 0800H BYTE CODE SIZE LIMIT; USED: 00D5H BYTE (10%) *
******************************************************************************

Program Size: data=11.0 xdata=0 code=228
LINK/LOCATE RUN COMPLETE.  0 WARNING(S),  0 ERROR(S)
